******************************************************************************
                  TI ARM Linker PC v5.2.5                      
******************************************************************************
>> Linked Tue Aug 30 22:23:55 2016

OUTPUT FILE NAME:   <LinearDeltaCode_v2.0.out>
ENTRY POINT SYMBOL: "_c_int00"  address: 0000fc0d


MEMORY CONFIGURATION

         name            origin    length      used     unused   attr    fill
----------------------  --------  ---------  --------  --------  ----  --------
  FLASH                 00000000   00100000  0001775e  000e88a2  R  X
  SRAM                  20000000   00040000  000157d6  0002a82a  RW X


SEGMENT ALLOCATION MAP

run origin  load origin   length   init length attrs members
----------  ----------- ---------- ----------- ----- -------
00000000    00000000    00017760   00017760    r-x
  00000000    00000000    0000003c   0000003c    r-- .resetVecs
  0000003c    0000003c    00000004   00000004    r-- .init_array
  00000040    00000040    000146b2   000146b2    r-x .text
  000146f4    000146f4    00002994   00002994    r-- .const
  00017088    00017088    000006d8   000006d8    r-- .cinit
20000000    20000000    00000360   00000000    rw-
  20000000    20000000    00000360   00000000    rw- .vecs
20000380    20000380    00015478   00000000    rw-
  20000380    20000380    00014626   00000000    rw- .bss
  200149a8    200149a8    00000a50   00000000    rw- .data
  200153f8    200153f8    00000400   00000000    rw- .stack


SECTION ALLOCATION MAP

 output                                  attributes/
section   page    origin      length       input sections
--------  ----  ----------  ----------   ----------------
.init_array 
*          0    0000003c    00000004     
                  0000003c    00000004     GlobalData.obj (.init_array)

.text      0    00000040    000146b2     
                  00000040    00000c68     stk.aem4f : tcpin.oem4f (.text:TcpInput)
                  00000ca8    000008b8               : tcpout.oem4f (.text:TcpOutput)
                  00001560    00000450     pinout.obj (.text:PinoutSet)
                  000019b0    00000430     sysbios.aem4f : BIOS.obj (.text:ti_sysbios_family_arm_m3_Hwi_excDumpRegs__I)
                  00001de0    00000408     stk.aem4f : ipout.oem4f (.text:IPTxPacket)
                  000021e8    00000384               : ipin.oem4f (.text:IPRxPacket)
                  0000256c    0000034c     ti.targets.arm.rtsarm.aem4f : System.oem4f (.text:xdc_runtime_System_doPrint__I)
                  000028b8    00000324     ti.mw.fatfs.aem4f : ff.oem4f (.text:find_volume)
                  00002bdc    000002d4     rtsv7M4_T_le_v4SPD16_eabi.lib : trgdrv.obj (.text)
                  00002eb0    000002c0     sysbios.aem4f : BIOS.obj (.text:ti_sysbios_knl_Task_Instance_finalize__E)
                  00003170    000002b0                   : BIOS.obj (.text:ti_sysbios_knl_Semaphore_pend__E)
                  00003420    00000284     stk.aem4f : sock.oem4f (.text:SockSet)
                  000036a4    00000004               : bind.oem4f (.text:BindGetIF)
                  000036a8    00000254     sysbios.aem4f : BIOS.obj (.text:ti_sysbios_heaps_HeapMem_free__E)
                  000038fc    0000024c     stk.aem4f : ipfrag.oem4f (.text:IPReasm)
                  00003b48    00000248     sysbios.aem4f : BIOS.obj (.text:ti_sysbios_heaps_HeapMem_alloc__E)
                  00003d90    0000023c     stk.aem4f : icmpin.oem4f (.text:ICMPInput)
                  00003fcc    00000238               : udp.oem4f (.text:UdpInput)
                  00004204    00000204     driverlib.lib : sysctl.obj (.text:SysCtlClockFreqSet)
                  00004408    00000204     Boot.aem4f : Boot_sysctl.oem4f (.text:ti_catalog_arm_cortexm4_tiva_ce_Boot_sysCtlClockFreqSetI__I)
                  0000460c    00000004     stk.aem4f : bind.oem4f (.text:BindGetNext)
                  00004610    000001fc     sysbios.aem4f : BIOS.obj (.text:ti_sysbios_family_arm_m3_Hwi_excHandlerMax__I)
                  0000480c    000001f4     drivers_tivaware.aem4f : SDSPITiva.oem4f (.text:SDSPITiva_diskInitialize)
                  00004a00    000001f4     stk.aem4f : sock.oem4f (.text:SockRecv)
                  00004bf4    00000004     os.aem4f : ossys.oem4f (.text:NDK_vsprintf)
                  00004bf8    000001f4     sysbios.aem4f : BIOS.obj (.text:ti_sysbios_knl_Task_Instance_init__E)
                  00004dec    000001ec     main_pem4f.oem4f (.text:xdc_runtime_System_printfExtend__I)
                  00004fd8    000001b8     drivers_tivaware.aem4f : EMACSnow.oem4f (.text:EMACSnow_NIMUInit)
                  00005190    000001b8     sysbios.aem4f : BIOS.obj (.text:ti_sysbios_knl_Task_sleep__E)
                  00005348    000001b6     rtsv7M4_T_le_v4SPD16_eabi.lib : fd_add_t2.obj (.text)
                  000054fe    00000002     hal_userled_stub.aem4f : llled.oem4f (.text:LED_TOGGLE)
                  00005500    000001b0     stk.aem4f : lliout.oem4f (.text:LLITxIpPacket)
                  000056b0    000001ac               : lliin.oem4f (.text:LLIRxPacket)
                  0000585c    0000019c     os.aem4f : mem.oem4f (.text:mmAlloc)
                  000059f8    00000198     stk.aem4f : igmp.oem4f (.text:IGMPInput)
                  00005b90    00000194     Test.obj (.text:pwmTest)
                  00005d24    00000190     stk.aem4f : sock.oem4f (.text:SockNew)
                  00005eb4    00000174     netctrl_min_ipv4.aem4f : netctrl.oem4f (.text:NC_NetStart)
                  00006028    00000174     sysbios.aem4f : BIOS.obj (.text:ti_sysbios_family_arm_m3_Hwi_excBusFault__I)
                  0000619c    00000170     drivers_tivaware.aem4f : PWMTiva.oem4f (.text:PWMTiva_open)
                  0000630c    00000170     stk.aem4f : rtc.oem4f (.text:RTCReport)
                  0000647c    0000016a               : sb.oem4f (.text:SBRead)
                  000065e6    00000002               : nat.oem4f (.text:NatMsg)
                  000065e8    00000164     sysbios.aem4f : BIOS.obj (.text:ti_sysbios_family_arm_m3_Hwi_excUsageFault__I)
                  0000674c    00000160     stk.aem4f : sock.oem4f (.text:SockConnect)
                  000068ac    00000158     nettool_ipv4.aem4f : dhcpmain.oem4f (.text:DHCPOpen)
                  00006a04    00000150     drivers_tivaware.aem4f : GPIOTiva.oem4f (.text:GPIO_setConfig)
                  00006b54    00000004     stk.aem4f : node.oem4f (.text:NodeSetRt)
                  00006b58    00000148     sysbios.aem4f : BIOS.obj (.text:ti_sysbios_family_arm_m3_Hwi_excMemFault__I)
                  00006ca0    00000144     stk.aem4f : bind.oem4f (.text:BindNew)
                  00006de4    00000140               : tcp.oem4f (.text:TcpTimeoutCheck)
                  00006f24    0000013c     nettool_ipv4.aem4f : config.oem4f (.text:CfgAddEntry)
                  00007060    0000013c     stk.aem4f : sockint.oem4f (.text:SockNotify)
                  0000719c    0000013c               : sock.oem4f (.text:SockSend)
                  000072d8    0000013c     sysbios.aem4f : BIOS.obj (.text:ti_sysbios_heaps_HeapMem_Instance_init__E)
                  00007414    00000134     stk.aem4f : icmp.oem4f (.text:ICMPGenPacket)
                  00007548    00000130     driverlib.lib : gpio.obj (.text:GPIOPadConfigSet)
                  00007678    00000130     sysbios.aem4f : BIOS.obj (.text:ti_sysbios_knl_Task_setPri__E)
                  000077a8    00000128     HdrLayer.obj (.text:_ZN8HdrLayer17GPIOportC_ISR_FxnEv)
                  000078d0    00000124     stk.aem4f : sockpcb.oem4f (.text:SockPcbResolve)
                  000079f4    00000124               : udp.oem4f (.text:UdpOutput)
                  00007b18    00000124     main_pem4f.oem4f (.text:ti_ndk_config_Global_stackThread)
                  00007c3c    00000118     stk.aem4f : tcpout.oem4f (.text:TcpGenPacket)
                  00007d54    00000118     ti.targets.arm.rtsarm.aem4f : Error.oem4f (.text:xdc_runtime_Error_policyDefault__E)
                  00007e6c    00000114     stk.aem4f : nimu.oem4f (.text:NIMUIoctl)
                  00007f80    00000110               : node.oem4f (.text:NodeTreeFree)
                  00008090    00000110               : raw.oem4f (.text:RawInput)
                  000081a0    0000010c               : rtable.oem4f (.text:RtFind)
                  000082ac    0000010a               : route.oem4f (.text:RtCreate)
                  000083b6    00000002     os.aem4f : task.oem4f (.text:_TaskInit)
                  000083b8    00000108     drivers_tivaware.aem4f : EMACSnow.oem4f (.text:EMACSnow_emacStart)
                  000084c0    00000108                            : SDSPITiva.oem4f (.text:SDSPITiva_open)
                  000085c8    00000108     sysbios.aem4f : BIOS.obj (.text:ti_sysbios_family_arm_lm4_Timer_start__E)
                  000086d0    00000108                   : BIOS.obj (.text:ti_sysbios_knl_Clock_Instance_init__E)
                  000087d8    00000104     os.aem4f : task.oem4f (.text:llEnter)
                  000088dc    00000102     nettool_ipv4.aem4f : dhcppkt.oem4f (.text:dhcpPacketProcess)
                  000089de    00000102                        : inetaddr.oem4f (.text:inet_aton)
                  00008ae0    00000100     stk.aem4f : igmp.oem4f (.text:IGMPSendReply)
                  00008be0    00000100     sysbios.aem4f : BIOS.obj (.text:ti_sysbios_knl_Event_post__E)
                  00008ce0    00000100     ti.targets.arm.rtsarm.aem4f : Core-mem.oem4f (.text:xdc_runtime_Core_createObject__I)
                  00008de0    000000fc     netctrl_min_ipv4.aem4f : netctrl.oem4f (.text:NetScheduler)
                  00008edc    000000fc     rtsv7M4_T_le_v4SPD16_eabi.lib : fd_mul_t2.obj (.text)
                  00008fd8    000000fc     sysbios.aem4f : BIOS.obj (.text:ti_sysbios_knl_Semaphore_post__E)
                  000090d4    000000f8     stk.aem4f : pipe.oem4f (.text:PipeRecv)
                  000091cc    000000f8     ti.targets.arm.rtsarm.aem4f : Startup.oem4f (.text:xdc_runtime_Startup_startMods__I)
                  000092c4    000000f4     drivers_tivaware.aem4f : SDSPITiva.oem4f (.text:SDSPITiva_diskIOctrl)
                  000093b8    000000f4     os.aem4f : task.oem4f (.text:TaskGetEnv)
                  000094ac    000000f4     rtsv7M4_T_le_v4SPD16_eabi.lib : dtor_list.obj (.text)
                  000095a0    000000f4     sysbios.aem4f : m3_Hwi_asm.obj (.text:ti_sysbios_family_arm_m3_Hwi_dispatch__I)
                  00009694    000000f0     stk.aem4f : lliout.oem4f (.text:LLIGenArpPacket)
                  00009784    000000f0     drivers_tivaware.aem4f : PWMTiva.oem4f (.text:PWMTiva_setDuty)
                  00009874    000000f0     stk.aem4f : sock.oem4f (.text:SockClose)
                  00009964    00000004     driverlib.lib : qei.obj (.text:QEIPositionGet)
                  00009968    000000ec     sysbios.aem4f : BIOS.obj (.text:ti_sysbios_knl_Task_postInit__I)
                  00009a54    000000e8     drivers_tivaware.aem4f : SDSPITiva.oem4f (.text:SDSPITiva_diskWrite)
                  00009b3c    000000e8     os.aem4f : task.oem4f (.text:TaskSetEnv)
                  00009c24    000000e4     main.obj (.text:_Z7powerOnv)
                  00009d08    000000e0     stk.aem4f : tcptime.oem4f (.text:TcpTimeoutRexmt)
                  00009de8    000000dc               : sb.oem4f (.text:SBWrite)
                  00009ec4    000000dc     nettool_ipv4.aem4f : dhcpsock.oem4f (.text:dhcpSocketOpen)
                  00009fa0    000000dc                        : dhcpsm.oem4f (.text:dhcpState)
                  0000a07c    000000d8     stk.aem4f : node.oem4f (.text:NodeAdd)
                  0000a154    000000d8               : tcpprot.oem4f (.text:TcpPrSetOption)
                  0000a22c    00000004               : rawethsock_prot.oem4f (.text:RawEthSockPrAttach)
                  0000a230    000000d8     sysbios.aem4f : BIOS.obj (.text:ti_sysbios_family_arm_lm4_TimestampProvider_get32__E)
                  0000a308    000000d4     drivers_tivaware.aem4f : EMACSnow.oem4f (.text:EMACSnow_handleRx)
                  0000a3dc    000000d4     stk.aem4f : sockpcb.oem4f (.text:SockPcbBind)
                  0000a4b0    000000d4     sysbios.aem4f : BIOS.obj (.text:ti_sysbios_knl_Swi_Instance_init__E)
                  0000a584    000000d1     stk.aem4f : nimu.oem4f (.text:NIMUReceivePacket)
                  0000a655    00000001     --HOLE-- [fill = 0]
                  0000a656    00000002     os.aem4f : task.oem4f (.text:_TaskShutdown)
                  0000a658    000000cc     stk.aem4f : icmp.oem4f (.text:ICMPSendRtAdv)
                  0000a724    000000cc     nettool_ipv4.aem4f : dhcpbild.oem4f (.text:dhcpBuildHeader)
                  0000a7f0    000000cc                        : dhcpsm.oem4f (.text:dhcpIPAdd)
                  0000a8bc    000000cc                        : dhcppkt.oem4f (.text:dhcpVerifyMessage)
                  0000a988    000000cc     ti.targets.arm.rtsarm.aem4f : Core-smem.oem4f (.text:xdc_runtime_Core_constructObject__I)
                  0000aa54    000000c8     stk.aem4f : rawethsock.oem4f (.text:RawEthSockNew)
                  0000ab1c    000000c8     netctrl_min_ipv4.aem4f : netsrv.oem4f (.text:SPIpNet)
                  0000abe4    000000c6     drivers_tivaware.aem4f : SDSPITiva.oem4f (.text:send_cmd)
                  0000acaa    00000002     hal_ser_stub.aem4f : llserstb.oem4f (.text:_llSerialServiceCheck)
                  0000acac    000000c4     EK_TM4C1294XL.obj (.text:EK_TM4C1294XL_initSDSPI)
                  0000ad70    000000c4     drivers_tivaware.aem4f : EMACSnow.oem4f (.text:EMACSnow_InitDMADescriptors)
                  0000ae34    000000c4     stk.aem4f : igmp.oem4f (.text:IGMPJoinHostGroup)
                  0000aef8    000000c4     nettool_ipv4.aem4f : dhcpsm.oem4f (.text:StateBound)
                  0000afbc    000000c0     drivers_tivaware.aem4f : SDSPITiva.oem4f (.text:SDSPITiva_diskRead)
                  0000b07c    000000c0     HdrLayer.obj (.text:_ZN8HdrLayer17GPIOportE_ISR_FxnEv)
                  0000b13c    000000bc     stk.aem4f : sockpcb.oem4f (.text:SockPcbFind)
                  0000b1f8    000000bc               : vlan.oem4f (.text:VLANDeinit)
                  0000b2b4    000000bc     rtsv7M4_T_le_v4SPD16_eabi.lib : typeinfo_.obj (.text)
                  0000b370    000000bc     sysbios.aem4f : BIOS.obj (.text:ti_sysbios_family_arm_m3_Hwi_excDebugMon__I)
                  0000b42c    00000004     stk.aem4f : rawethsock_prot.oem4f (.text:RawEthSockPrDetach)
                  0000b430    000000bc     sysbios.aem4f : BIOS.obj (.text:ti_sysbios_family_arm_m3_Hwi_excHardFault__I)
                  0000b4ec    000000b8     EK_TM4C1294XL.obj (.text:EK_TM4C1294XL_initGeneral)
                  0000b5a4    000000b8     stk.aem4f : icmpin.oem4f (.text:ICMPRevSrcRoute)
                  0000b65c    000000b8               : lli.oem4f (.text:_LLITimeoutCheck)
                  0000b714    00000004     os.aem4f : semaphore.oem4f (.text:SemPend)
                  0000b718    000000b8     sysbios.aem4f : BIOS.obj (.text:ti_sysbios_knl_Task_exit__E)
                  0000b7d0    000000b4     stk.aem4f : tcptime.oem4f (.text:TcpTimeoutKeep)
                  0000b884    00000004     os.aem4f : semaphore.oem4f (.text:SemPost)
                  0000b888    000000b4     sysbios.aem4f : BIOS.obj (.text:ti_sysbios_gates_GateMutex_enter__E)
                  0000b93c    00000004     os.aem4f : semaphore.oem4f (.text:SemReset)
                  0000b940    000000b4     sysbios.aem4f : BIOS.obj (.text:ti_sysbios_knl_Task_checkStacks__E)
                  0000b9f4    000000b0     stk.aem4f : rawethsock.oem4f (.text:RawEthSockSet)
                  0000baa4    000000b0     HdrLayer.obj (.text:_ZN8HdrLayer10floatToPWMEf)
                  0000bb54    000000ac     stk.aem4f : rtable.oem4f (.text:RtTimeoutCheck)
                  0000bc00    000000ac     main_pem4f.oem4f (.text:ti_ndk_config_ip_init)
                  0000bcac    00000004     os.aem4f : task.oem4f (.text:TaskSelf)
                  0000bcb0    000000ac     sysbios.aem4f : BIOS.obj (.text:ti_sysbios_family_arm_lm4_Timer_enableTiva__I)
                  0000bd5c    000000a8     stk.aem4f : sockint.oem4f (.text:SockCreatePacket)
                  0000be04    000000a0               : ip.oem4f (.text:IPGetRoute)
                  0000bea4    000000a0     auto_init.aem4f : auto_init.oem4f (.text)
                  0000bf44    000000a0     drivers_tivaware.aem4f : SDSPITiva.oem4f (.text:rcvr_datablock)
                  0000bfe4    000000a0     ti.targets.arm.rtsarm.aem4f : Text.oem4f (.text:xdc_runtime_Text_putMod__E)
                  0000c084    0000009e     stk.aem4f : nimu.oem4f (.text:NIMUAddEthernetHeader)
                  0000c122    0000009e     nettool_ipv4.aem4f : dhcpbild.oem4f (.text:dhcpBuildRequest)
                  0000c1c0    0000009c     stk.aem4f : exec.oem4f (.text:ExecOpen)
                  0000c25c    0000009c     rtsv7M4_T_le_v4SPD16_eabi.lib : memcpy_t2.obj (.text)
                  0000c2f8    0000009c     sysbios.aem4f : BIOS.obj (.text:ti_sysbios_knl_Task_schedule__I)
                  0000c394    0000009a     ti.targets.arm.rtsarm.aem4f : Text.oem4f (.text:xdc_runtime_Text_putSite__E)
                  0000c42e    0000009a     drivers_tivaware.aem4f : SDSPITiva.oem4f (.text:xmit_datablock)
                  0000c4c8    00000098     netctrl_min_ipv4.aem4f : netctrl.oem4f (.text:NC_SystemOpen)
                  0000c560    00000098                            : netsrv.oem4f (.text:ServiceScan)
                  0000c5f8    00000098     Boot.aem4f : Boot.oem4f (.text:ti_catalog_arm_cortexm4_tiva_ce_Boot_sysCtlClockFreqSet__E)
                  0000c690    00000094     nettool_ipv4.aem4f : config.oem4f (.text:CfgRemoveEntry)
                  0000c724    00000004     os.aem4f : task.oem4f (.text:TaskSetPri)
                  0000c728    00000094     sysbios.aem4f : BIOS.obj (.text:ti_sysbios_family_arm_m3_Hwi_Instance_init__E)
                  0000c7bc    00000004     hal_ser_stub.aem4f : llserstb.oem4f (.text:_llSerialInit)
                  0000c7c0    00000094     sysbios.aem4f : BIOS.obj (.text:ti_sysbios_family_arm_m3_Hwi_initNVIC__E)
                  0000c854    00000090     nettool_ipv4.aem4f : config.oem4f (.text:CfgExecute)
                  0000c8e4    00000090     stk.aem4f : igmp.oem4f (.text:IGMPMsg)
                  0000c974    00000090     os.aem4f : mem.oem4f (.text:mmBulkAlloc)
                  0000ca04    00000004     ti.mw.fatfs.aem4f : ffosal.oem4f (.text:ff_rel_grant)
                  0000ca08    00000090     sysbios.aem4f : BIOS.obj (.text:ti_sysbios_knl_Task_Module_startup__E)
                  0000ca98    00000090                   : BIOS.obj (.text:ti_sysbios_knl_Task_startCore__E)
                  0000cb28    0000008c     drivers_tivaware.aem4f : GPIOTiva.oem4f (.text:GPIO_init)
                  0000cbb4    0000008c     stk.aem4f : ip.oem4f (.text:IPMsg)
                  0000cc40    0000008c     os.aem4f : mem.oem4f (.text:_mmInit)
                  0000cccc    0000008c              : mem.oem4f (.text:mmInitPage)
                  0000cd58    0000008c     sysbios.aem4f : m3_TaskSupport_asm.obj (.text:ti_sysbios_family_arm_m3_TaskSupport_buildTaskStack)
                  0000cde4    0000008a     netctrl_min_ipv4.aem4f : netsrv.oem4f (.text:SPRoute)
                  0000ce6e    00000002     hal_ser_stub.aem4f : llserstb.oem4f (.text:_llSerialShutdown)
                  0000ce70    00000088     drivers_tivaware.aem4f : PWMTiva.oem4f (.text:PWMTiva_control)
                  0000cef8    00000088     netctrl_min_ipv4.aem4f : netsrv.oem4f (.text:ServiceSpawn)
                  0000cf80    00000088     stk.aem4f : sockpcb.oem4f (.text:SockPcbCtlError)
                  0000d008    00000086     nettool_ipv4.aem4f : dhcpsm.oem4f (.text:StateRequesting)
                  0000d08e    00000086     rtsv7M4_T_le_v4SPD16_eabi.lib : fd_cmp_t2.obj (.text:__aeabi_cdcmple)
                  0000d114    00000086                                   : fd_cmp_t2.obj (.text:__aeabi_cdrcmple)
                  0000d19a    00000002     hal_userled_stub.aem4f : llled.oem4f (.text:_llUserLedInit)
                  0000d19c    00000084     nettool_ipv4.aem4f : config.oem4f (.text:CfgGetEntry)
                  0000d220    00000084     drivers_tivaware.aem4f : EMACSnow.oem4f (.text:EMACSnow_processPhyInterrupt)
                  0000d2a4    00000084     stk.aem4f : tcpprot.oem4f (.text:TcpPrAttach)
                  0000d328    00000084     os.aem4f : mem.oem4f (.text:mmBulkFree)
                  0000d3ac    00000084              : mem.oem4f (.text:mmFree)
                  0000d430    00000084     sysbios.aem4f : BIOS.obj (.text:ti_sysbios_family_arm_m3_Hwi_postInit__I)
                  0000d4b4    00000082     nettool_ipv4.aem4f : dhcpsm.oem4f (.text:StateRenewRebind)
                  0000d536    00000002     hal_userled_stub.aem4f : llled.oem4f (.text:_llUserLedShutdown)
                  0000d538    00000080     drivers_tivaware.aem4f : EMACSnow.oem4f (.text:EMACSnow_emacStop)
                  0000d5b8    00000080                            : EMACSnow.oem4f (.text:EMACSnow_processPendingTx)
                  0000d638    00000080     stk.aem4f : lli.oem4f (.text:LLINew)
                  0000d6b8    00000080     netctrl_min_ipv4.aem4f : netsrv.oem4f (.text:NS_BootTask)
                  0000d738    00000080     stk.aem4f : pbm.oem4f (.text:PBM_alloc)
                  0000d7b8    00000080               : raw.oem4f (.text:RawOutput)
                  0000d838    0000007f     main_pem4f.oem4f (.text:ti_ndk_config_Global_NetworkIPAddr)
                  0000d8b7    00000001     --HOLE-- [fill = 0]
                  0000d8b8    0000007e     stk.aem4f : fileuser.oem4f (.text:fdClose)
                  0000d936    00000002     hal_ser_stub.aem4f : llserstb.oem4f (.text:llSerialService)
                  0000d938    0000007c     nettool_ipv4.aem4f : config.oem4f (.text:CfgGetNextEntry)
                  0000d9b4    0000007c     drivers_tivaware.aem4f : EMACSnow.oem4f (.text:EMACSnow_hwiIntFxn)
                  0000da30    0000007c     stk.aem4f : igmp.oem4f (.text:IGMPDoMCast)
                  0000daac    0000007c               : igmp.oem4f (.text:IGMPJoin)
                  0000db28    0000007c               : socket.oem4f (.text:NDK_setsockopt)
                  0000dba4    0000007c               : nimu.oem4f (.text:NIMURegister)
                  0000dc20    0000007c               : pbm.oem4f (.text:PBM_free)
                  0000dc9c    0000007c     ti.mw.fatfs.aem4f : ff.oem4f (.text:f_mount)
                  0000dd18    0000007a     rtsv7M4_T_le_v4SPD16_eabi.lib : memset_t2.obj (.text)
                  0000dd92    00000002                                   : i_div0.obj (.text)
                  0000dd94    00000078     driverlib.lib : emac.obj (.text:EMACInit)
                  0000de0c    00000078     stk.aem4f : socket.oem4f (.text:NDK_sendto)
                  0000de84    00000078               : tcptime.oem4f (.text:TcpXmitTimer)
                  0000defc    00000078               : fileuser.oem4f (.text:fdOpenSession)
                  0000df74    00000078     os.aem4f : task.oem4f (.text:llExit)
                  0000dfec    00000075     stk.aem4f : tcptime.oem4f (.text:TcpTimeoutSackRexmt)
                  0000e061    00000001     --HOLE-- [fill = 0]
                  0000e062    00000002     main_pem4f.oem4f (.text:ti_ndk_config_Global_NetworkClose)
                  0000e064    00000074     stk.aem4f : igmp.oem4f (.text:IGMPLeaveHostGroup)
                  0000e0d8    00000074               : nimu.oem4f (.text:NIMUShutdown)
                  0000e14c    00000074               : raweth.oem4f (.text:RawEthRxPacket)
                  0000e1c0    00000074               : sockpcb.oem4f (.text:SockPcbConnect)
                  0000e234    00000074     HdrLayer.obj (.text:_ZN8HdrLayer7initPWMEv)
                  0000e2a8    00000074     ti.mw.fatfs.aem4f : ff.oem4f (.text:check_fs)
                  0000e31c    00000004     stk.aem4f : listlib.oem4f (.text:list_get_head)
                  0000e320    00000074     sysbios.aem4f : BIOS.obj (.text:ti_sysbios_knl_Clock_start__E)
                  0000e394    00000072     os.aem4f : semaphore.oem4f (.text:SemCreateBinary)
                  0000e406    00000002     main_pem4f.oem4f (.text:ti_ndk_config_global_taskCreateHook)
                  0000e408    00000070     stk.aem4f : rtable.oem4f (.text:RtFlush)
                  0000e478    00000070     netctrl_min_ipv4.aem4f : netsrv.oem4f (.text:SPConfig)
                  0000e4e8    00000070     stk.aem4f : sock.oem4f (.text:SockShutdown)
                  0000e558    00000070     nettool_ipv4.aem4f : dhcptags.oem4f (.text:dhcpDecodeType)
                  0000e5c8    00000070     sysbios.aem4f : BIOS.obj (.text:ti_sysbios_knl_Semaphore_Instance_init__E)
                  0000e638    0000006e     stk.aem4f : socket.oem4f (.text:NDK_recv)
                  0000e6a6    00000002     main_pem4f.oem4f (.text:ti_ndk_config_global_taskExitHook)
                  0000e6a8    0000006e     stk.aem4f : rtable.oem4f (.text:RtWalkNext)
                  0000e716    0000006e               : sockpcb.oem4f (.text:SockPcbFindRaw)
                  0000e784    0000006d               : node.oem4f (.text:NodeNew)
                  0000e7f1    00000001     --HOLE-- [fill = 0]
                  0000e7f2    00000002     main_pem4f.oem4f (.text:ti_sysbios_BIOS_nullFunc__I)
                  0000e7f4    0000006d     ti.targets.arm.rtsarm.aem4f : System.oem4f (.text:xdc_runtime_System_formatNum__I)
                  0000e861    00000001     --HOLE-- [fill = 0]
                  0000e862    00000002     main_pem4f.oem4f (.text:xdc_runtime_Startup_reset__I)
                  0000e864    0000006c     os.aem4f : ossys.oem4f (.text:DbgPrintf)
                  0000e8d0    0000006c     stk.aem4f : node.oem4f (.text:NodeTreeNew)
                  0000e93c    0000006c               : udp.oem4f (.text:UdpChecksum)
                  0000e9a8    0000006c     sysbios.aem4f : BIOS.obj (.text:ti_sysbios_knl_Clock_workFunc__E)
                  0000ea14    00000004     stk.aem4f : listlib.oem4f (.text:list_get_next)
                  0000ea18    0000006c     sysbios.aem4f : BIOS.obj (.text:ti_sysbios_knl_Swi_restoreHwi__E)
                  0000ea84    0000006c     ti.targets.arm.rtsarm.aem4f : Error.oem4f (.text:xdc_runtime_Error_print__E)
                  0000eaf0    0000006c                                 : Memory.oem4f (.text:xdc_runtime_Memory_alloc__E)
                  0000eb5c    0000006a     drivers_tivaware.aem4f : PWMTiva.oem4f (.text:PWMTiva_close)
                  0000ebc6    0000006a     stk.aem4f : tcpprot.oem4f (.text:TcpPrInherit)
                  0000ec30    0000006a     rtsv7M4_T_le_v4SPD16_eabi.lib : copy_decompress_rle.obj (.text)
                  0000ec9a    00000068     stk.aem4f : socket.oem4f (.text:NDK_socket)
                  0000ed02    00000002     --HOLE-- [fill = 0]
                  0000ed04    00000068               : pbm.oem4f (.text:PBM_open)
                  0000ed6c    00000068               : rtable.oem4f (.text:_RtNodeInsert)
                  0000edd4    00000068     rtsv7M4_T_le_v4SPD16_eabi.lib : trgmsg.obj (.text)
                  0000ee3c    00000066     ti.targets.arm.rtsarm.aem4f : Core-mem.oem4f (.text:xdc_runtime_Core_deleteObject__I)
                  0000eea2    00000002     --HOLE-- [fill = 0]
                  0000eea4    00000064     nettool_ipv4.aem4f : config.oem4f (.text:CfgFree)
                  0000ef08    00000064     drivers_tivaware.aem4f : GPIOTiva.oem4f (.text:GPIO_hwiIntFxn)
                  0000ef6c    00000064     stk.aem4f : pbm.oem4f (.text:PBMQ_enq)
                  0000efd0    00000064               : sockint.oem4f (.text:SockSpawnAbort)
                  0000f034    00000064     hal_timer_bios.aem4f : lltimer.oem4f (.text:llTimerTick)
                  0000f098    00000064     sysbios.aem4f : BIOS.obj (.text:ti_sysbios_family_arm_lm4_Timer_Module_startup__E)
                  0000f0fc    00000064     main_pem4f.oem4f (.text:ti_sysbios_family_arm_m3_Hwi_create)
                  0000f160    00000064     sysbios.aem4f : BIOS.obj (.text:ti_sysbios_family_arm_m3_Hwi_dispatchC__I)
                  0000f1c4    00000064     stk.aem4f : lliin.oem4f (.text:updateRtTable)
                  0000f228    00000062               : ipin.oem4f (.text:IPRouteIP)
                  0000f28a    00000002     --HOLE-- [fill = 0]
                  0000f28c    00000062               : sb.oem4f (.text:SBNew)
                  0000f2ee    00000002     --HOLE-- [fill = 0]
                  0000f2f0    00000060     nettool_ipv4.aem4f : config.oem4f (.text:CfgGetEntryCnt)
                  0000f350    00000060     stk.aem4f : file.oem4f (.text:FdWaitEvent)
                  0000f3b0    00000060               : nimu.oem4f (.text:NIMUUnregister)
                  0000f410    00000060               : node.oem4f (.text:NodeFind)
                  0000f470    00000060               : rtc.oem4f (.text:RTCMsg)
                  0000f4d0    00000060               : tcp.oem4f (.text:TcpChecksum)
                  0000f530    00000060     nettool_ipv4.aem4f : dhcptags.oem4f (.text:dhcpBuildOptions)
                  0000f590    0000005e     stk.aem4f : route.oem4f (.text:RtRemove)
                  0000f5ee    0000005e     nettool_ipv4.aem4f : dhcpsm.oem4f (.text:StateSelecting)
                  0000f64c    0000005e     stk.aem4f : vlan.oem4f (.text:VLANReceivePacket)
                  0000f6aa    00000002     --HOLE-- [fill = 0]
                  0000f6ac    0000005c     nettool_ipv4.aem4f : config.oem4f (.text:CfgSetExecuteOrder)
                  0000f708    0000005c     stk.aem4f : nimu.oem4f (.text:NIMUIoctlSpecialCmd)
                  0000f764    0000005c     netctrl_min_ipv4.aem4f : netsrv.oem4f (.text:SPService)
                  0000f7c0    0000005c     main_pem4f.oem4f (.text:ti_sysbios_knl_Swi_create)
                  0000f81c    00000004     main_pem4f.oem4f (.text:ti_ndk_config_Global_NetworkOpen)
                  0000f820    0000005c     sysbios.aem4f : BIOS.obj (.text:ti_sysbios_knl_Swi_run__I)
                  0000f87c    00000004     main_pem4f.oem4f (.text:ti_sysbios_BIOS_RtsGateProxy_enter__E)
                  0000f880    0000005c     sysbios.aem4f : BIOS.obj (.text:ti_sysbios_knl_Swi_schedule__I)
                  0000f8dc    0000005c     main_pem4f.oem4f (.text:ti_sysbios_knl_Task_create)
                  0000f938    0000005c     sysbios.aem4f : BIOS.obj (.text:ti_sysbios_knl_Task_unblockI__E)
                  0000f994    0000005c     drivers_tivaware.aem4f : SDSPITiva.oem4f (.text:wait_ready)
                  0000f9f0    0000005b     ti.targets.arm.rtsarm.aem4f : Text.oem4f (.text:xdc_runtime_Text_putLab__E)
                  0000fa4b    00000001     --HOLE-- [fill = 0]
                  0000fa4c    0000005a     stk.aem4f : route.oem4f (.text:RtRedirect)
                  0000faa6    0000005a               : tcpprot.oem4f (.text:TcpValidateMetrics)
                  0000fb00    0000005a     nettool_ipv4.aem4f : dhcpbild.oem4f (.text:dhcpBuildDecline)
                  0000fb5a    0000005a     os.aem4f : mem.oem4f (.text:mmCopy)
                  0000fbb4    00000058     stk.aem4f : bind.oem4f (.text:BindFree)
                  0000fc0c    00000058     boot.aem4f : boot.oem4f (.text)
                  0000fc64    00000058     driverlib.lib : emac.obj (.text:EMACPHYConfigSet)
                  0000fcbc    00000058     stk.aem4f : igmp.oem4f (.text:IGMPTimer)
                  0000fd14    00000058     os.aem4f : semaphore.oem4f (.text:SemCreate)
                  0000fd6c    00000058     tirtosport.aem4f : SemaphoreP_tirtos.oem4f (.text:SemaphoreP_create)
                  0000fdc4    00000058     sysbios.aem4f : m3_Hwi_asm_switch.obj (.text:ti_sysbios_family_arm_m3_Hwi_initStacks__E)
                  0000fe1c    00000056     driverlib.lib : gpio.obj (.text:GPIOIntTypeSet)
                  0000fe72    00000056     main_pem4f.oem4f (.text:ti_ndk_config_tcp_init)
                  0000fec8    00000054     nettool_ipv4.aem4f : config.oem4f (.text:CfgEntryDeRef)
                  0000ff1c    00000054     stk.aem4f : igmp.oem4f (.text:IGMPLeave)
                  0000ff70    00000054               : rawethsock_pcb.oem4f (.text:RawEthSockPcbAttach)
                  0000ffc4    00000054               : sockpcb.oem4f (.text:SockCleanPcb)
                  00010018    00000054               : tcptime.oem4f (.text:TcpTimeoutPersist)
                  0001006c    00000054     HdrLayer.obj (.text:_ZN8HdrLayer15encoderGetStateEbb)
                  000100c0    00000054     ti.mw.fatfs.aem4f : ff.oem4f (.text:sync_window)
                  00010114    00000004     main_pem4f.oem4f (.text:ti_sysbios_BIOS_RtsGateProxy_leave__E)
                  00010118    00000054     sysbios.aem4f : BIOS.obj (.text:ti_sysbios_family_arm_lm4_Timer_initDevice__I)
                  0001016c    00000004                   : BIOS.obj (.text:ti_sysbios_family_arm_lm4_Timer_masterEnable__I)
                  00010170    00000054                   : BIOS.obj (.text:ti_sysbios_knl_Swi_Instance_finalize__E)
                  000101c4    00000054     ti.targets.arm.rtsarm.aem4f : Assert.oem4f (.text:xdc_runtime_Assert_raise__I)
                  00010218    00000052     stk.aem4f : tcpprot.oem4f (.text:TcpPrDetach)
                  0001026a    00000002     --HOLE-- [fill = 0]
                  0001026c    00000050     drivers_tivaware.aem4f : GPIOTiva.oem4f (.text:GPIO_setCallback)
                  000102bc    00000050     stk.aem4f : socket.oem4f (.text:NDK_bind)
                  0001030c    00000050               : route.oem4f (.text:RtNew)
                  0001035c    00000050     driverlib.lib : sysctl.obj (.text:SysCtlPeripheralReset)
                  000103ac    00000050     Boot.aem4f : Boot_sysctl.oem4f (.text:_SysCtlFrequencyGet)
                  000103fc    00000050     VecMath.obj (.text:_ZN7VecMath4mapfEfffff)
                  0001044c    00000050     Test.obj (.text:qeiTest)
                  0001049c    00000004     main_pem4f.oem4f (.text:ti_sysbios_family_arm_m3_Hwi_delete)
                  000104a0    00000050     sysbios.aem4f : BIOS.obj (.text:ti_sysbios_family_arm_m3_Hwi_Module_startup__E)
                  000104f0    00000050     ti.targets.arm.rtsarm.aem4f : Startup.oem4f (.text:xdc_runtime_Startup_exec__E)
                  00010540    00000050                                 : Text.oem4f (.text:xdc_runtime_Text_visitRope2__I)
                  00010590    0000004e     stk.aem4f : node.oem4f (.text:NodeDeRef)
                  000105de    0000004e     nettool_ipv4.aem4f : config.oem4f (.text:_CfgEntryScan)
                  0001062c    0000004c                        : ipaddr.oem4f (.text:NtAddNetwork)
                  00010678    0000004c     stk.aem4f : sockint.oem4f (.text:SockValidateRoute)
                  000106c4    0000004c     rtsv7M4_T_le_v4SPD16_eabi.lib : cpy_tbl.obj (.text)
                  00010710    0000004c     sysbios.aem4f : BIOS.obj (.text:ti_sysbios_heaps_HeapMem_getStats__E)
                  0001075c    00000004     main_pem4f.oem4f (.text:ti_sysbios_family_arm_m3_TaskSupport_Module__startupDone__S)
                  00010760    0000004c     sysbios.aem4f : BIOS.obj (.text:ti_sysbios_knl_Swi_runLoop__I)
                  000107ac    00000004     main_pem4f.oem4f (.text:ti_sysbios_heaps_HeapMem_Module_GateProxy_enter__E)
                  000107b0    0000004c     sysbios.aem4f : BIOS.obj (.text:ti_sysbios_knl_Task_allBlockedFunction__I)
                  000107fc    0000004a     netctrl_min_ipv4.aem4f : netsrv.oem4f (.text:ServiceKill)
                  00010846    0000004a     stk.aem4f : sock.oem4f (.text:SockDisconnect)
                  00010890    0000004a               : timer.oem4f (.text:TimerNew)
                  000108da    00000048     nettool_ipv4.aem4f : config.oem4f (.text:CfgNew)
                  00010922    00000002     --HOLE-- [fill = 0]
                  00010924    00000048     driverlib.lib : gpio.obj (.text:GPIOPinConfigure)
                  0001096c    00000048     stk.aem4f : lli.oem4f (.text:LLIMsg)
                  000109b4    00000048               : node.oem4f (.text:NodeWalk)
                  000109fc    00000048               : rawethsock_pcb.oem4f (.text:RawEthSockPcbDetach)
                  00010a44    00000048               : sockpcb.oem4f (.text:SockPcbResolveChain)
                  00010a8c    00000048               : tcpprot.oem4f (.text:TcpDrop)
                  00010ad4    00000048               : lli.oem4f (.text:_LLIExpListInsert)
                  00010b1c    00000048               : rtable.oem4f (.text:_RtExpListInsert)
                  00010b64    00000048     driverlib.lib : sysctl.obj (.text:_SysCtlFrequencyGet)
                  00010bac    00000048     stk.aem4f : file.oem4f (.text:fdint_lockfd)
                  00010bf4    00000048     rtsv7M4_T_le_v4SPD16_eabi.lib : fd_toi_t2.obj (.text)
                  00010c3c    00000004     main_pem4f.oem4f (.text:ti_sysbios_heaps_HeapMem_Module_GateProxy_leave__E)
                  00010c40    00000048     sysbios.aem4f : BIOS.obj (.text:ti_sysbios_family_arm_lm4_Timer_enableTimers__I)
                  00010c88    00000048                   : BIOS.obj (.text:ti_sysbios_family_arm_m3_Hwi_disableInterrupt__E)
                  00010cd0    00000048                   : BIOS.obj (.text:ti_sysbios_family_arm_m3_Hwi_enableInterrupt__E)
                  00010d18    00000048                   : BIOS.obj (.text:ti_sysbios_family_arm_m3_Hwi_excReserved__I)
                  00010d60    00000048                   : BIOS.obj (.text:ti_sysbios_knl_Task_deleteTerminatedTasksFunc__I)
                  00010da8    00000046     nettool_ipv4.aem4f : ipaddr.oem4f (.text:NtIfIdx2Ip)
                  00010dee    00000046     stk.aem4f : tcpprot.oem4f (.text:TcpPrCtlError)
                  00010e34    00000046     os.aem4f : mem.oem4f (.text:mmZeroInit)
                  00010e7a    00000046     ti.targets.arm.rtsarm.aem4f : Core-params.oem4f (.text:xdc_runtime_Core_assignParams__I)
                  00010ec0    00000044     drivers_tivaware.aem4f : EMACSnow.oem4f (.text:EMACSnow_processTransmitted)
                  00010f04    00000044     stk.aem4f : icmp.oem4f (.text:ICMPChecksum)
                  00010f48    00000044               : ipfrag.oem4f (.text:IPReasmFree)
                  00010f8c    00000044               : lli.oem4f (.text:LLIGetValidTime)
                  00010fd0    00000044               : rtable.oem4f (.text:RouteMsg)
                  00011014    00000044               : rtable.oem4f (.text:RtWalkEnd)
                  00011058    00000044               : sockpcb.oem4f (.text:SockPcbDetach)
                  0001109c    00000044               : timer.oem4f (.text:TimerListInsert)
                  000110e0    00000044     hal_timer_bios.aem4f : lltimer.oem4f (.text:llTimerGetTime)
                  00011124    00000044     rtsv7M4_T_le_v4SPD16_eabi.lib : exit.obj (.text)
                  00011168    00000044                                   : fd_tou_t2.obj (.text)
                  000111ac    00000044     drivers_tivaware.aem4f : SDSPITiva.oem4f (.text:send_initial_clock_train)
                  000111f0    00000044     sysbios.aem4f : BIOS.obj (.text:ti_sysbios_family_arm_lm4_Timer_isrStub__E)
                  00011234    00000004     main_pem4f.oem4f (.text:ti_sysbios_knl_Clock_TimerProxy_getMaxTicks__E)
                  00011238    00000044     sysbios.aem4f : BIOS.obj (.text:ti_sysbios_family_arm_m3_Hwi_getStackInfo__E)
                  0001127c    00000004     main_pem4f.oem4f (.text:ti_sysbios_knl_Clock_TimerProxy_getPeriod__E)
                  00011280    00000044     sysbios.aem4f : BIOS.obj (.text:ti_sysbios_knl_Swi_post__E)
                  000112c4    00000044     ti.targets.arm.rtsarm.aem4f : Error.oem4f (.text:xdc_runtime_Error_setX__E)
                  00011308    00000044                                 : SysMin.oem4f (.text:xdc_runtime_SysMin_flush__E)
                  0001134c    00000044                                 : Text.oem4f (.text:xdc_runtime_Text_xprintf__I)
                  00011390    00000042     stk.aem4f : tcpprot.oem4f (.text:TcpPrSendOOB)
                  000113d2    00000042               : fileuser.oem4f (.text:fdCloseSession)
                  00011414    00000040               : lliin.oem4f (.text:LLIValidateRoute)
                  00011454    00000040               : pbm.oem4f (.text:PBM_copy)
                  00011494    00000040     drivers_tivaware.aem4f : SDSPITiva.oem4f (.text:SDSPITiva_close)
                  000114d4    00000040     stk.aem4f : sockpcb.oem4f (.text:SockPcbRtChange)
                  00011514    00000040               : tcpprot.oem4f (.text:TcpPrSend)
                  00011554    00000040     ti.mw.fatfs.aem4f : ff.oem4f (.text:get_ldnumber)
                  00011594    00000040     rtsv7M4_T_le_v4SPD16_eabi.lib : u_divt2.obj (.text)
                  000115d4    00000004     main_pem4f.oem4f (.text:ti_sysbios_knl_Queue_destruct)
                  000115d8    00000040     sysbios.aem4f : BIOS.obj (.text:ti_sysbios_family_arm_lm4_Timer_startup__E)
                  00011618    0000003e     nettool_ipv4.aem4f : dhcpmain.oem4f (.text:DHCPClose)
                  00011656    00000002     --HOLE-- [fill = 0]
                  00011658    0000003e     stk.aem4f : nimu.oem4f (.text:NIMUAllocateName)
                  00011696    0000003e     os.aem4f : task.oem4f (.text:TaskCreate)
                  000116d4    0000003e     stk.aem4f : tcpprot.oem4f (.text:TcpPrDisconnect)
                  00011712    0000003e               : file.oem4f (.text:fdint_unlockfd)
                  00011750    0000003c     nettool_ipv4.aem4f : config.oem4f (.text:CfgEntryGetData)
                  0001178c    0000003c     driverlib.lib : emac.obj (.text:EMACIntDisable)
                  000117c8    0000003c     stk.aem4f : node.oem4f (.text:NodeUpdatePL)
                  00011804    0000003c               : rtable.oem4f (.text:RtWalkBegin)
                  00011840    0000003c     driverlib.lib : ssi.obj (.text:SSIConfigSetExpClk)
                  0001187c    0000003c     stk.aem4f : tcpprot.oem4f (.text:TcpPrConnect)
                  000118b8    0000003c               : tcptime.oem4f (.text:TcpSetPersist)
                  000118f4    0000003c               : rtc.oem4f (.text:_RTCSendRtAdv)
                  00011930    0000003c               : rtable.oem4f (.text:_RtNodeRemove)
                  0001196c    0000003c     hal_timer_bios.aem4f : lltimer.oem4f (.text:_llTimerInit)
                  000119a8    0000003c     sysbios.aem4f : BIOS.obj (.text:ti_sysbios_family_arm_m3_Hwi_excSvCall__I)
                  000119e4    00000004     main_pem4f.oem4f (.text:ti_sysbios_knl_Semaphore_delete)
                  000119e8    0000003c     sysbios.aem4f : BIOS.obj (.text:ti_sysbios_heaps_HeapMem_init__I)
                  00011a24    00000004     main_pem4f.oem4f (.text:ti_sysbios_knl_Semaphore_destruct)
                  00011a28    0000003c     sysbios.aem4f : BIOS.obj (.text:ti_sysbios_knl_Swi_restore__E)
                  00011a64    0000003a     driverlib.lib : emac.obj (.text:EMACIntEnable)
                  00011a9e    00000002     --HOLE-- [fill = 0]
                  00011aa0    00000038                   : emac.obj (.text:EMACConfigGet)
                  00011ad8    00000038     stk.aem4f : ipfrag.oem4f (.text:IPReasmTimeout)
                  00011b10    00000038               : node.oem4f (.text:NodeGetRt)
                  00011b48    00000038     drivers_tivaware.aem4f : PWM.oem4f (.text:PWM_init)
                  00011b80    00000038                            : SDSPI.oem4f (.text:SDSPI_init)
                  00011bb8    00000038     driverlib.lib : sysctl.obj (.text:SysCtlPeripheralReady)
                  00011bf0    00000038     stk.aem4f : tcpprot.oem4f (.text:TcpClose)
                  00011c28    00000038               : timer.oem4f (.text:TimerHSTick)
                  00011c60    00000038     HdrLayer.obj (.text:_ZN8HdrLayer8initGPIOEv)
                  00011c98    00000038     nettool_ipv4.aem4f : dhcpbild.oem4f (.text:dhcpBuildDiscover)
                  00011cd0    00000038                        : dhcptags.oem4f (.text:dhcpOptionsClear)
                  00011d08    00000038     stk.aem4f : file.oem4f (.text:fdint_waitevent)
                  00011d40    00000038     rtsv7M4_T_le_v4SPD16_eabi.lib : fs_tod_t2.obj (.text)
                  00011d78    00000038     sysbios.aem4f : BIOS.obj (.text:ti_sysbios_family_arm_m3_Hwi_excNoIsr__I)
                  00011db0    00000038     main_pem4f.oem4f (.text:ti_sysbios_knl_Clock_create)
                  00011de8    00000038     sysbios.aem4f : BIOS.obj (.text:ti_sysbios_knl_Task_processVitalTaskFlag__I)
                  00011e20    00000038     ti.targets.arm.rtsarm.aem4f : SysMin.oem4f (.text:xdc_runtime_SysMin_putch__E)
                  00011e58    00000038                                 : System.oem4f (.text:xdc_runtime_System_atexit__E)
                  00011e90    00000036     stk.aem4f : ip.oem4f (.text:IPChecksum)
                  00011ec6    00000036     ti.mw.fatfs.aem4f : ff.oem4f (.text:move_window)
                  00011efc    00000034     nettool_ipv4.aem4f : config.oem4f (.text:CfgSetService)
                  00011f30    00000034     EK_TM4C1294XL.obj (.text:EK_TM4C1294XL_initPWM)
                  00011f64    00000034     driverlib.lib : emac.obj (.text:EMACConfigSet)
                  00011f98    00000034                   : emac.obj (.text:EMACIntClear)
                  00011fcc    00000034     drivers_tivaware.aem4f : EMACSnow.oem4f (.text:EMACSnow_emacPoll)
                  00012000    00000034                            : EMACSnow.oem4f (.text:EMACSnow_isLinkUp)
                  00012034    00000034     stk.aem4f : exec.oem4f (.text:ExecClose)
                  00012068    00000034               : nimu.oem4f (.text:NIMUFindByName)
                  0001209c    00000034               : nimu.oem4f (.text:NIMUInit)
                  000120d0    00000034               : rawethsock.oem4f (.text:RawEthSockNotify)
                  00012104    00000034               : sockprot.oem4f (.text:SockPrCtlError)
                  00012138    00000034     driverlib.lib : sysctl.obj (.text:SysCtlPeripheralEnable)
                  0001216c    00000034     os.aem4f : mem.oem4f (.text:mmUnInitPage)
                  000121a0    00000034     sysbios.aem4f : BIOS.obj (.text:ti_sysbios_family_arm_m3_Hwi_Instance_finalize__E)
                  000121d4    00000004     main_pem4f.oem4f (.text:ti_sysbios_knl_Swi_delete)
                  000121d8    00000034     sysbios.aem4f : BIOS.obj (.text:ti_sysbios_family_arm_m3_Hwi_excNmi__I)
                  0001220c    00000004     main_pem4f.oem4f (.text:ti_sysbios_knl_Task_delete)
                  00012210    00000034     sysbios.aem4f : BIOS.obj (.text:ti_sysbios_hal_Hwi_checkStack)
                  00012244    00000034     main_pem4f.oem4f (.text:ti_sysbios_knl_Semaphore_create)
                  00012278    00000034     ti.targets.arm.rtsarm.aem4f : Core-label.oem4f (.text:xdc_runtime_Core_assignLabel__I)
                  000122ac    00000033                                 : Text.oem4f (.text:xdc_runtime_Text_printVisFxn__I)
                  000122df    00000001     --HOLE-- [fill = 0]
                  000122e0    00000032     nettool_ipv4.aem4f : config.oem4f (.text:CfgGetImmediate)
                  00012312    00000032     stk.aem4f : route.oem4f (.text:RtDeRef)
                  00012344    00000032               : route.oem4f (.text:RtSetFailure)
                  00012376    00000032               : sb.oem4f (.text:SBFlush)
                  000123a8    00000032               : sb.oem4f (.text:SBSetMax)
                  000123da    00000032               : sock.oem4f (.text:SockIntAbort)
                  0001240c    00000032     nettool_ipv4.aem4f : config.oem4f (.text:_CfgAcquire)
                  0001243e    00000032                        : dhcpsm.oem4f (.text:dhcpIPRemove)
                  00012470    00000032     sysbios.aem4f : BIOS.obj (.text:ti_sysbios_hal_Hwi_initStack)
                  000124a2    00000006     driverlib.lib : emac.obj (.text:EMACRxDMADescriptorListSet)
                  000124a8    00000032     sysbios.aem4f : BIOS.obj (.text:ti_sysbios_knl_Semaphore_pendTimeout__I)
                  000124da    00000030     driverlib.lib : emac.obj (.text:EMACAddrSet)
                  0001250a    00000002     --HOLE-- [fill = 0]
                  0001250c    00000030     drivers_tivaware.aem4f : EMACSnow.oem4f (.text:EMACSnow_handlePackets)
                  0001253c    00000030     netctrl_min_ipv4.aem4f : netsrv.oem4f (.text:NS_PreBoot)
                  0001256c    00000030     drivers_tivaware.aem4f : PWMTiva.oem4f (.text:PWMTiva_init)
                  0001259c    00000030                            : PWM.oem4f (.text:PWM_open)
                  000125cc    00000030     stk.aem4f : sock.oem4f (.text:SockBind)
                  000125fc    00000030     nettool_ipv4.aem4f : dhcpsock.oem4f (.text:dhcpPacketSend)
                  0001262c    00000030     stk.aem4f : listlib.oem4f (.text:list_remove_node)
                  0001265c    00000030     main_pem4f.oem4f (.text:ti_sysbios_BIOS_atExitFunc__I)
                  0001268c    00000004     ti.targets.arm.rtsarm.aem4f : Error.oem4f (.text:xdc_runtime_Error_getMsg__E)
                  00012690    00000030     sysbios.aem4f : BIOS.obj (.text:ti_sysbios_family_arm_lm4_Timer_stop__E)
                  000126c0    00000030                   : BIOS.obj (.text:ti_sysbios_family_arm_m3_TaskSupport_start__E)
                  000126f0    00000030     main_pem4f.oem4f (.text:ti_sysbios_gates_GateHwi_Object__create__S)
                  00012720    00000030     main_pem4f.oem4f (.text:ti_sysbios_gates_GateMutex_Object__create__S)
                  00012750    00000030     main_pem4f.oem4f (.text:ti_sysbios_heaps_HeapMem_Object__create__S)
                  00012780    00000030     main_pem4f.oem4f (.text:ti_sysbios_knl_Semaphore_construct)
                  000127b0    00000030     ti.targets.arm.rtsarm.aem4f : SysMin.oem4f (.text:xdc_runtime_SysMin_abort__E)
                  000127e0    00000030                                 : System.oem4f (.text:xdc_runtime_System_processAtExit__E)
                  00012810    0000002e     stk.aem4f : sb.oem4f (.text:SBFree)
                  0001283e    0000002e     main_pem4f.oem4f (.text:malloc)
                  0001286c    0000002e     rtsv7M4_T_le_v4SPD16_eabi.lib : i_tofd_t2.obj (.text)
                  0001289a    0000002c     driverlib.lib : emac.obj (.text:EMACIntStatus)
                  000128c6    0000002c     stk.aem4f : file.oem4f (.text:FdSignalEvent)
                  000128f2    00000002     --HOLE-- [fill = 0]
                  000128f4    0000002c               : igmp.oem4f (.text:IGMPTestGroup)
                  00012920    0000002c     os.aem4f : task.oem4f (.text:NDK_hookCreate)
                  0001294c    0000002c     stk.aem4f : nimu.oem4f (.text:NIMUAllocateIndex)
                  00012978    0000002c               : nimu.oem4f (.text:NIMUPacketServiceCheck)
                  000129a4    0000002c               : pipe.oem4f (.text:PipeClose)
                  000129d0    0000002c               : sockpcb.oem4f (.text:SockPcbAttach)
                  000129fc    0000002c               : lli.oem4f (.text:_LLIExpListRemove)
                  00012a28    0000002c               : lli.oem4f (.text:_LLITimeoutFlush)
                  00012a54    0000002c               : rtable.oem4f (.text:_RtExpListRemove)
                  00012a80    0000002c     HdrLayer.obj (.text:_ZN8HdrLayer7initQEIEv)
                  00012aac    0000002c     ti.mw.fatfs.aem4f : diskio.oem4f (.text:disk_register)
                  00012ad8    0000002c     main_pem4f.oem4f (.text:ti_sysbios_knl_Clock_doTick__I)
                  00012b04    0000002c     main_pem4f.oem4f (.text:ti_sysbios_knl_Queue_construct)
                  00012b30    0000002c     sysbios.aem4f : BIOS.obj (.text:ti_sysbios_knl_Task_restore__E)
                  00012b5c    0000002c     ti.targets.arm.rtsarm.aem4f : Text.oem4f (.text:xdc_runtime_Text_cordText__E)
                  00012b88    0000002a     driverlib.lib : gpio.obj (.text:GPIODirModeSet)
                  00012bb2    0000002a     stk.aem4f : pbm.oem4f (.text:PBMQ_deq)
                  00012bdc    0000002a     netctrl_min_ipv4.aem4f : netsrv.oem4f (.text:ServiceCallback)
                  00012c06    0000002a     nettool_ipv4.aem4f : config.oem4f (.text:_CfgRelease)
                  00012c30    0000002a     ti.targets.arm.rtsarm.aem4f : System.oem4f (.text:xdc_runtime_System_putchar__I)
                  00012c5a    00000002     --HOLE-- [fill = 0]
                  00012c5c    00000028     stk.aem4f : bind.oem4f (.text:BindFindByNet)
                  00012c84    00000028               : lli.oem4f (.text:LLIFree)
                  00012cac    00000028     netctrl_min_ipv4.aem4f : netctrl.oem4f (.text:NC_SystemClose)
                  00012cd4    00000028     stk.aem4f : nimu.oem4f (.text:NIMUCreatePacket)
                  00012cfc    00000028               : nimu.oem4f (.text:NIMUPacketService)
                  00012d24    00000028               : tcpin.oem4f (.text:TcpEnterTimeWait)
                  00012d4c    00000028               : timer.oem4f (.text:TimerListRemove)
                  00012d74    00000028               : vlan.oem4f (.text:VLANFindSourceInterface)
                  00012d9c    00000028               : vlan.oem4f (.text:VLANInit)
                  00012dc4    00000028     nettool_ipv4.aem4f : dhcpsock.oem4f (.text:dhcpPacketReceive)
                  00012dec    00000028     ti.mw.fatfs.aem4f : diskio.oem4f (.text:disk_unregister)
                  00012e14    00000028     drivers_tivaware.aem4f : EMACSnow.oem4f (.text:signalLinkChange)
                  00012e3c    00000004     ti.targets.arm.rtsarm.aem4f : Error.oem4f (.text:xdc_runtime_Error_getSite__E)
                  00012e40    00000028     sysbios.aem4f : BIOS.obj (.text:ti_sysbios_knl_Clock_addI__E)
                  00012e68    00000028                   : BIOS.obj (.text:ti_sysbios_knl_Semaphore_Instance_finalize__E)
                  00012e90    00000028                   : BIOS.obj (.text:ti_sysbios_knl_Semaphore_reset__E)
                  00012eb8    00000028                   : BIOS.obj (.text:ti_sysbios_knl_Swi_Module_startup__E)
                  00012ee0    00000026     nettool_ipv4.aem4f : config.oem4f (.text:CfgEntryInfo)
                  00012f06    00000026     driverlib.lib : emac.obj (.text:EMACPHYRead)
                  00012f2c    00000026                   : emac.obj (.text:EMACPHYWrite)
                  00012f52    00000026     stk.aem4f : rawethsock.oem4f (.text:RawEthSockClose)
                  00012f78    00000026     main_pem4f.oem4f (.text:ti_ndk_config_udp_init)
                  00012f9e    00000026     sysbios.aem4f : m3_Hwi_asm.obj (.text:ti_sysbios_family_arm_m3_Hwi_pendSV__I)
                  00012fc4    00000026     ti.targets.arm.rtsarm.aem4f : System.oem4f (.text:xdc_runtime_System_avprintf__E)
                  00012fea    00000002     --HOLE-- [fill = 0]
                  00012fec    00000024     stk.aem4f : bind.oem4f (.text:BindFindByHost)
                  00013010    00000024               : bind.oem4f (.text:BindGetIFByDBCast)
                  00013034    00000024     drivers_tivaware.aem4f : EMACSnow.oem4f (.text:EMACSnow_pkt_service)
                  00013058    00000024                            : EMACSnow.oem4f (.text:EMACSnow_primeRx)
                  0001307c    00000024     stk.aem4f : exec.oem4f (.text:ExecTimer)
                  000130a0    00000024               : nimu.oem4f (.text:NIMUFindByIndex)
                  000130c4    00000024               : rtc.oem4f (.text:RTCAddHook)
                  000130e8    00000024               : rawethsock_pcb.oem4f (.text:RawEthSockPcbFind)
                  0001310c    00000024               : route.oem4f (.text:RtFree)
                  00013130    00000024               : route.oem4f (.text:RtSetTimeout)
                  00013154    00000024               : sockpcb.oem4f (.text:SockPcbCleanup)
                  00013178    00000024               : tcptime.oem4f (.text:TcpTimeoutWait2)
                  0001319c    00000024     nettool_ipv4.aem4f : config.oem4f (.text:_CfgEntryProcess)
                  000131c0    00000024     ti.mw.fatfs.aem4f : diskio.oem4f (.text:disk_read)
                  000131e4    00000024     main_pem4f.oem4f (.text:ti_sysbios_BIOS_errorRaiseHook__I)
                  00013208    00000024     main_pem4f.oem4f (.text:ti_sysbios_BIOS_registerRTSLock__I)
                  0001322c    00000024     main_pem4f.oem4f (.text:ti_sysbios_BIOS_removeRTSLock__I)
                  00013250    00000024     main_pem4f.oem4f (.text:ti_sysbios_BIOS_startFunc__I)
                  00013274    00000024     main_pem4f.oem4f (.text:ti_sysbios_gates_GateMutex_Object__delete__S)
                  00013298    00000024     sysbios.aem4f : BIOS.obj (.text:ti_sysbios_knl_Clock_Module_startup__E)
                  000132bc    00000024     main_pem4f.oem4f (.text:ti_sysbios_knl_Semaphore_Object__delete__S)
                  000132e0    00000024     sysbios.aem4f : BIOS.obj (.text:ti_sysbios_knl_Task_restoreHwi__E)
                  00013304    00000024     ti.targets.arm.rtsarm.aem4f : System.oem4f (.text:xdc_runtime_System_vprintf__E)
                  00013328    00000022     nettool_ipv4.aem4f : config.oem4f (.text:CfgEntryRef)
                  0001334a    00000022     driverlib.lib : pwm.obj (.text:PWMGenConfigure)
                  0001336c    00000022     drivers_tivaware.aem4f : PWMTiva.oem4f (.text:PWMTiva_getPeriodCounts)
                  0001338e    00000022     stk.aem4f : vlan.oem4f (.text:VLANFindNode)
                  000133b0    00000022     sysbios.aem4f : BIOS.obj (.text:ti_sysbios_family_arm_lm4_Timer_write__I)
                  000133d2    00000022     main_pem4f.oem4f (.text:xdc_runtime_SysMin_output__I)
                  000133f4    00000020     netctrl_min_ipv4.aem4f : netctrl.oem4f (.text:NC_BootComplete)
                  00013414    00000020     stk.aem4f : nimu.oem4f (.text:NIMUGetNumOfObject)
                  00013434    00000020               : rtc.oem4f (.text:RTCRemoveHook)
                  00013454    00000020               : tcp.oem4f (.text:TcpTimeoutRemove)
                  00013474    00000020     Boot.aem4f : Boot_sysctl.oem4f (.text:_SysCtlMemTimingGet)
                  00013494    00000020     GlobalData.obj (.text:__sti___14_GlobalData_cpp_745c5368)
                  000134b4    00000020     ti.mw.fatfs.aem4f : diskio.oem4f (.text:disk_write)
                  000134d4    00000020     main_pem4f.oem4f (.text:ti_sysbios_BIOS_rtsLock__I)
                  000134f4    00000020     main_pem4f.oem4f (.text:ti_sysbios_family_arm_m3_Hwi_Object__delete__S)
                  00013514    00000020     sysbios.aem4f : m3_Hwi_asm.obj (.text:ti_sysbios_family_arm_m3_Hwi_excHandlerAsm__I)
                  00013534    00000004     main_pem4f.oem4f (.text:xdc_runtime_System_Module_GateProxy_enter__E)
                  00013538    00000020     sysbios.aem4f : BIOS.obj (.text:ti_sysbios_family_arm_m3_Hwi_excHandler__I)
                  00013558    00000020     main_pem4f.oem4f (.text:ti_sysbios_gates_GateHwi_Object__delete__S)
                  00013578    00000020     main_pem4f.oem4f (.text:ti_sysbios_heaps_HeapMem_Object__delete__S)
                  00013598    00000020     sysbios.aem4f : BIOS.obj (.text:ti_sysbios_knl_Idle_run__E)
                  000135b8    00000020     main_pem4f.oem4f (.text:ti_sysbios_knl_Semaphore_Object__destruct__S)
                  000135d8    00000020     main_pem4f.oem4f (.text:ti_sysbios_knl_Swi_Object__delete__S)
                  000135f8    00000020     main_pem4f.oem4f (.text:ti_sysbios_knl_Task_Object__delete__S)
                  00013618    00000020     ti.targets.arm.rtsarm.aem4f : Registry.oem4f (.text:xdc_runtime_Registry_findById__E)
                  00013638    00000020                                 : SysMin.oem4f (.text:xdc_runtime_SysMin_Module_startup__E)
                  00013658    0000001e     driverlib.lib : pwm.obj (.text:PWMPulseWidthSet)
                  00013676    0000001e     drivers_tivaware.aem4f : PWMTiva.oem4f (.text:PWMTiva_getPeriodMicroSecs)
                  00013694    0000001e     DeltaKinematics.obj (.text:_ZN15DeltaKinematicsC1Ev)
                  000136b2    0000001e     GlobalData.obj (.text:_ZN15DeltaKinematicsD1Ev)
                  000136d0    0000001e     HdrLayer.obj (.text:_ZN8HdrLayer11setAxisApwmEf)
                  000136ee    0000001e     HdrLayer.obj (.text:_ZN8HdrLayer11setAxisBpwmEf)
                  0001370c    0000001e     HdrLayer.obj (.text:_ZN8HdrLayer11setAxisCpwmEf)
                  0001372a    0000001e     HdrLayer.obj (.text:_ZN8HdrLayer7stopPWMEv)
                  00013748    0000001e     stk.aem4f : listlib.oem4f (.text:list_remove)
                  00013766    0000001e     sysbios.aem4f : m3_Hwi_asm_switch.obj (.text:ti_sysbios_family_xxx_Hwi_switchAndRunFunc)
                  00013784    0000001c     stk.aem4f : bind.oem4f (.text:BindFindByIF)
                  000137a0    0000001c               : exec.oem4f (.text:ExecBroadcast)
                  000137bc    0000001c     HdrLayer.obj (.text:GPIOportC_ISR_Fxn_hlpr)
                  000137d8    0000001c     HdrLayer.obj (.text:GPIOportE_ISR_Fxn_hlpr)
                  000137f4    0000001c     os.aem4f : ossys.oem4f (.text:NDK_sprintf)
                  00013810    0000001c     stk.aem4f : nimu.oem4f (.text:NIMUAddHeader)
                  0001382c    0000001c               : sockprot.oem4f (.text:SockPrDetach)
                  00013848    0000001c     os.aem4f : task.oem4f (.text:TaskDestroy)
                  00013864    0000001c     driverlib.lib : sysctl.obj (.text:_SysCtlMemTimingGet)
                  00013880    0000001c     ti.mw.fatfs.aem4f : diskio.oem4f (.text:disk_initialize)
                  0001389c    0000001c                       : diskio.oem4f (.text:disk_status)
                  000138b8    0000001c     drivers_tivaware.aem4f : GPIOTiva.oem4f (.text:getGpioIntIndex)
                  000138d4    00000004     main_pem4f.oem4f (.text:xdc_runtime_System_Module_GateProxy_leave__E)
                  000138d8    0000001c     sysbios.aem4f : BIOS.obj (.text:ti_sysbios_gates_GateMutex_Instance_init__E)
                  000138f4    0000001c     main_pem4f.oem4f (.text:ti_sysbios_knl_Queue_Object__destruct__S)
                  00013910    0000001c     sysbios.aem4f : BIOS.obj (.text:ti_sysbios_knl_Queue_put__E)
                  0001392c    00000004     ti.targets.arm.rtsarm.aem4f : System.oem4f (.text:xdc_runtime_System_aprintf_va__F)
                  00013930    0000001c     sysbios.aem4f : BIOS.obj (.text:ti_sysbios_knl_Task_enter__I)
                  0001394c    0000001c     ti.targets.arm.rtsarm.aem4f : Error.oem4f (.text:xdc_runtime_Error_raiseX__E)
                  00013968    0000001c                                 : Memory.oem4f (.text:xdc_runtime_Memory_valloc__E)
                  00013984    0000001c                                 : SysMin.oem4f (.text:xdc_runtime_SysMin_exit__E)
                  000139a0    0000001c                                 : System.oem4f (.text:xdc_runtime_System_abort__E)
                  000139bc    0000001a     stk.aem4f : bind.oem4f (.text:BindGetIP)
                  000139d6    0000001a               : sockint.oem4f (.text:SockSetOOBMark)
                  000139f0    0000001a               : file.oem4f (.text:fdint_getfdt)
                  00013a0a    0000001a     main_pem4f.oem4f (.text:ti_sysbios_family_arm_m3_Hwi_Handle__label__S)
                  00013a24    0000001a     main_pem4f.oem4f (.text:ti_sysbios_gates_GateHwi_Handle__label__S)
                  00013a3e    0000001a     main_pem4f.oem4f (.text:ti_sysbios_gates_GateMutex_Handle__label__S)
                  00013a58    0000001a     main_pem4f.oem4f (.text:ti_sysbios_heaps_HeapMem_Handle__label__S)
                  00013a72    0000001a     main_pem4f.oem4f (.text:ti_sysbios_knl_Swi_Handle__label__S)
                  00013a8c    0000001a     main_pem4f.oem4f (.text:ti_sysbios_knl_Task_Handle__label__S)
                  00013aa6    00000002     --HOLE-- [fill = 0]
                  00013aa8    0000001a     sysbios.aem4f : BIOS.obj (.text:ti_sysbios_knl_Task_sleepTimeout__I)
                  00013ac2    0000001a     ti.mw.fatfs.aem4f : ff.oem4f (.text:unlock_fs)
                  00013adc    0000001a     main_pem4f.oem4f (.text:xdc_runtime_System_aprintf__E)
                  00013af6    0000001a     main_pem4f.oem4f (.text:xdc_runtime_System_printf__E)
                  00013b10    00000018     drivers_tivaware.aem4f : EMACSnow.oem4f (.text:EMACSnow_emacSend)
                  00013b28    00000018     driverlib.lib : gpio.obj (.text:GPIOPinTypeGPIOOutput)
                  00013b40    00000018     stk.aem4f : ip.oem4f (.text:IPRtChange)
                  00013b58    00000018               : rawethsock_pcb.oem4f (.text:RawEthSockPcbCleanup)
                  00013b70    00000018     nettool_ipv4.aem4f : ipaddr.oem4f (.text:RouteHook)
                  00013b88    00000018     stk.aem4f : tcpin.oem4f (.text:SEQ_GEQ)
                  00013ba0    00000018               : tcpout.oem4f (.text:SEQ_GEQ)
                  00013bb8    00000018               : tcpin.oem4f (.text:SEQ_GT)
                  00013bd0    00000018               : tcpout.oem4f (.text:SEQ_GT)
                  00013be8    00000018               : tcpin.oem4f (.text:SEQ_LEQ)
                  00013c00    00000018               : tcpout.oem4f (.text:SEQ_LEQ)
                  00013c18    00000018               : tcpin.oem4f (.text:SEQ_LT)
                  00013c30    00000018               : tcpout.oem4f (.text:SEQ_LT)
                  00013c48    00000018               : tcp.oem4f (.text:TcpTimeoutAdd)
                  00013c60    00000018     PID.obj (.text:_ZN3PIDC1Ev)
                  00013c78    00000018     DeltaAxis.obj (.text:_ZN9DeltaAxisC1Ev)
                  00013c90    00000018     nettool_ipv4.aem4f : dhcpsock.oem4f (.text:dhcpSocketClose)
                  00013ca8    00000018     ti.mw.fatfs.aem4f : ffosal.oem4f (.text:ff_cre_syncobj)
                  00013cc0    00000018     main_pem4f.oem4f (.text:free)
                  00013cd8    00000018     stk.aem4f : listlib.oem4f (.text:list_add)
                  00013cf0    00000018     rtsv7M4_T_le_v4SPD16_eabi.lib : args_main.obj (.text)
                  00013d08    00000018                                   : strcmp.obj (.text)
                  00013d20    00000018     main_pem4f.oem4f (.text:ti_sysbios_BIOS_rtsUnlock__I)
                  00013d38    00000018     main_pem4f.oem4f (.text:ti_sysbios_family_arm_lm4_Timer_Module__startupDone__F)
                  00013d50    00000018     main_pem4f.oem4f (.text:ti_sysbios_family_arm_m3_Hwi_Module__startupDone__F)
                  00013d68    00000018     sysbios.aem4f : m3_TaskSupport_asm.obj (.text:ti_sysbios_family_arm_m3_TaskSupport_swap__E)
                  00013d80    00000018                   : BIOS.obj (.text:ti_sysbios_gates_GateMutex_leave__E)
                  00013d98    00000018     ti.targets.arm.rtsarm.aem4f : Error.oem4f (.text:xdc_runtime_Error_check__E)
                  00013db0    00000018                                 : System.oem4f (.text:xdc_runtime_System_exit__E)
                  00013dc8    00000018                                 : Text.oem4f (.text:xdc_runtime_Text_ropeText__E)
                  00013de0    00000016     driverlib.lib : emac.obj (.text:EMACReset)
                  00013df6    00000016                   : emac.obj (.text:EMACRxEnable)
                  00013e0c    00000016                   : emac.obj (.text:EMACTxEnable)
                  00013e22    00000016     tirtosport.aem4f : SemaphoreP_tirtos.oem4f (.text:SemaphoreP_delete)
                  00013e38    00000016     PID.obj (.text:_ZN3PIDD0Ev)
                  00013e4e    00000016     DeltaAxis.obj (.text:_ZN9DeltaAxisD0Ev)
                  00013e64    00000016     stk.aem4f : file.oem4f (.text:fdint_freefdt)
                  00013e7a    00000016     main_pem4f.oem4f (.text:ti_sysbios_BIOS_exitFunc__I)
                  00013e90    00000016     ti.targets.arm.rtsarm.aem4f : System.oem4f (.text:xdc_runtime_System_vsprintf__E)
                  00013ea6    00000014     stk.aem4f : bind.oem4f (.text:BindIPHost2IF)
                  00013eba    00000002     --HOLE-- [fill = 0]
                  00013ebc    00000014     driverlib.lib : fpu.obj (.text:FPUStackingEnable)
                  00013ed0    00000014     netctrl_min_ipv4.aem4f : netctrl.oem4f (.text:NC_NetStop)
                  00013ee4    00000014     os.aem4f : task.oem4f (.text:NDK_hookExit)
                  00013ef8    00000014     stk.aem4f : nimu.oem4f (.text:NIMUSendPacket)
                  00013f0c    00000014     nettool_ipv4.aem4f : ipaddr.oem4f (.text:NtRemoveNetwork)
                  00013f20    00000014     driverlib.lib : pwm.obj (.text:PWMClockSet)
                  00013f34    00000014     stk.aem4f : rawethsock_pcb.oem4f (.text:RawEthSockPcbInit)
                  00013f48    00000014     driverlib.lib : sysctl.obj (.text:SysCtlPWMClockSet)
                  00013f5c    00000014     stk.aem4f : timer.oem4f (.text:TimerFree)
                  00013f70    00000014     ti.mw.fatfs.aem4f : ffosal.oem4f (.text:ff_req_grant)
                  00013f84    00000014     rtsv7M4_T_le_v4SPD16_eabi.lib : _lock.obj (.text)
                  00013f98    00000014                                   : strcpy.obj (.text)
                  00013fac    00000014                                   : strlen.obj (.text)
                  00013fc0    00000014     main_pem4f.oem4f (.text:ti_sysbios_family_arm_m3_Hwi_Object__get__S)
                  00013fd4    00000004     ti.targets.arm.rtsarm.aem4f : System.oem4f (.text:xdc_runtime_System_printf_va__F)
                  00013fd8    00000014     sysbios.aem4f : BIOS.obj (.text:ti_sysbios_family_arm_m3_Hwi_switchFromBootStack__E)
                  00013fec    00000014     main_pem4f.oem4f (.text:ti_sysbios_heaps_HeapMem_Object__get__S)
                  00014000    00000014     main_pem4f.oem4f (.text:ti_sysbios_knl_Swi_Object__get__S)
                  00014014    00000014     main_pem4f.oem4f (.text:ti_sysbios_knl_Task_Object__first__S)
                  00014028    00000014     main_pem4f.oem4f (.text:ti_sysbios_knl_Task_Object__next__S)
                  0001403c    00000012     driverlib.lib : gpio.obj (.text:GPIOPinTypeADC)
                  0001404e    00000012                   : gpio.obj (.text:GPIOPinTypeGPIOInput)
                  00014060    00000012                   : gpio.obj (.text:GPIOPinTypeI2C)
                  00014072    00000012                   : gpio.obj (.text:GPIOPinTypeI2CSCL)
                  00014084    00000012                   : gpio.obj (.text:GPIOPinTypePWM)
                  00014096    00000012                   : gpio.obj (.text:GPIOPinTypeQEI)
                  000140a8    00000012                   : gpio.obj (.text:GPIOPinTypeSSI)
                  000140ba    00000012                   : pwm.obj (.text:PWMGenPeriodGet)
                  000140cc    00000012                   : pwm.obj (.text:PWMOutputInvert)
                  000140de    00000012                   : pwm.obj (.text:PWMOutputState)
                  000140f0    00000012     drivers_tivaware.aem4f : SDSPITiva.oem4f (.text:SDSPITiva_init)
                  00014102    00000012     tirtosport.aem4f : SemaphoreP_tirtos.oem4f (.text:SemaphoreP_pend)
                  00014114    00000012     stk.aem4f : sockprot.oem4f (.text:SockPrAttach)
                  00014126    00000012               : sockint.oem4f (.text:SockSetOOBData)
                  00014138    00000012     nettool_ipv4.aem4f : inetaddr.oem4f (.text:inet_addr)
                  0001414a    00000006     driverlib.lib : emac.obj (.text:EMACTxDMADescriptorListSet)
                  00014150    00000012     sysbios.aem4f : BIOS.obj (.text:ti_sysbios_hal_Hwi_Module_startup__E)
                  00014162    00000006     driverlib.lib : gpio.obj (.text:GPIOIntClear)
                  00014168    00000012     sysbios.aem4f : BIOS.obj (.text:ti_sysbios_knl_Event_sync__E)
                  0001417a    00000012     main_pem4f.oem4f (.text:xdc_runtime_Startup_exec__I)
                  0001418c    00000010     main_pem4f.oem4f (.text:.bootCodeSection:ti_catalog_arm_cortexm4_tiva_ce_Boot_init__I)
                  0001419c    00000010     stk.aem4f : bind.oem4f (.text:BindIF2IPHost)
                  000141ac    00000010               : bind.oem4f (.text:BindIFNet2IPHost)
                  000141bc    00000010     driverlib.lib : emac.obj (.text:EMACFrameFilterSet)
                  000141cc    00000010     stk.aem4f : exec.oem4f (.text:ExecHRef)
                  000141dc    00000010     driverlib.lib : fpu.obj (.text:FPUEnable)
                  000141ec    00000010     netctrl_min_ipv4.aem4f : netctrl.oem4f (.text:NC_IPUpdate)
                  000141fc    00000010     stk.aem4f : nimu.oem4f (.text:NIMUGetRsvdSizeInfo)
                  0001420c    00000010     driverlib.lib : pwm.obj (.text:PWMGenPeriodSet)
                  0001421c    00000010     drivers_tivaware.aem4f : PWM.oem4f (.text:PWM_Params_init)
                  0001422c    00000010                            : SDSPITiva.oem4f (.text:SDSPITiva_diskStatus)
                  0001423c    00000010     HdrLayer.obj (.text:_ZN8HdrLayer17getAxisAEncoderCtEv)
                  0001424c    00000004     --HOLE-- [fill = 0]
                  00014250    00000010     sysbios.aem4f : BIOS.obj (.text:ti_sysbios_BIOS_getCpuFreq__E)
                  00014260    00000010                   : BIOS.obj (.text:ti_sysbios_BIOS_setThreadType__E)
                  00014270    00000010                   : BIOS.obj (.text:ti_sysbios_BIOS_start__E)
                  00014280    00000010                   : BIOS.obj (.text:ti_sysbios_family_arm_lm4_TimestampProvider_rolloverFunc__E)
                  00014290    00000010                   : m3_TaskSupport_asm.obj (.text:ti_sysbios_family_arm_m3_TaskSupport_glue)
                  000142a0    00000010                   : BIOS.obj (.text:ti_sysbios_gates_GateMutex_Instance_finalize__E)
                  000142b0    00000010                   : BIOS.obj (.text:ti_sysbios_knl_Swi_disable__E)
                  000142c0    00000010     main_pem4f.oem4f (.text:ti_sysbios_knl_Task_Object__get__S)
                  000142d0    00000010     sysbios.aem4f : BIOS.obj (.text:ti_sysbios_knl_Task_disable__E)
                  000142e0    00000010     ti.targets.arm.rtsarm.aem4f : Gate.oem4f (.text:xdc_runtime_Gate_leaveSystem__E)
                  000142f0    00000010                                 : Memory.oem4f (.text:xdc_runtime_Memory_free__E)
                  00014300    00000010                                 : SysMin.oem4f (.text:xdc_runtime_SysMin_ready__E)
                  00014310    00000010                                 : System.oem4f (.text:xdc_runtime_System_vsnprintf__E)
                  00014320    00000010     main_pem4f.oem4f (.text:xdc_runtime_Text_visitRope__I)
                  00014330    0000000e     drivers_tivaware.aem4f : EMACSnow.oem4f (.text:EMACSnow_emacioctl)
                  0001433e    0000000e     stk.aem4f : exec.oem4f (.text:ExecLowResource)
                  0001434c    0000000e     driverlib.lib : gpio.obj (.text:GPIOIntStatus)
                  0001435a    0000000e                   : qei.obj (.text:QEIConfigure)
                  00014368    0000000e     HdrLayer.obj (.text:_ZN8HdrLayer17getAxisBEncoderCtEv)
                  00014376    0000000e     DeltaAxis.obj (.text:_ZN9DeltaAxisD1Ev)
                  00014384    0000000e     rtsv7M4_T_le_v4SPD16_eabi.lib : copy_decompress_none.obj (.text:decompress:none)
                  00014392    0000000e     main.obj (.text:main)
                  000143a0    0000000e     sysbios.aem4f : BIOS.obj (.text:ti_sysbios_knl_Idle_loop__E)
                  000143ae    00000002     --HOLE-- [fill = 0]
                  000143b0    0000000e                   : BIOS.obj (.text:ti_sysbios_knl_Queue_empty__E)
                  000143be    00000002     --HOLE-- [fill = 0]
                  000143c0    0000000c     stk.aem4f : bind.oem4f (.text:BindGetFirst)
                  000143cc    0000000c     nettool_ipv4.aem4f : config.oem4f (.text:CfgSetDefault)
                  000143d8    0000000c     drivers_tivaware.aem4f : EMACSnow.oem4f (.text:EMACSnow_init)
                  000143e4    0000000c     driverlib.lib : gpio.obj (.text:GPIOIntEnable)
                  000143f0    0000000c     os.aem4f : task.oem4f (.text:NDK_hookInit)
                  000143fc    0000000c     stk.aem4f : nimu.oem4f (.text:NIMUSetRsvdSizeInfo)
                  00014408    0000000c     os.aem4f : task.oem4f (.text:NotifyLowResource)
                  00014414    0000000c     stk.aem4f : pbm.oem4f (.text:PBM_close)
                  00014420    0000000c     driverlib.lib : pwm.obj (.text:PWMGenDisable)
                  0001442c    0000000c                   : pwm.obj (.text:PWMGenEnable)
                  00014438    0000000c                   : ssi.obj (.text:SSIDataGet)
                  00014444    0000000c     os.aem4f : semaphore.oem4f (.text:SemDelete)
                  00014450    0000000c     TCPcomm.obj (.text:_Z13initTCPservert)
                  0001445c    0000000c     DeltaKinematics.obj (.text:_ZN15DeltaKinematics8getAxisAEv)
                  00014468    0000000c     PID.obj (.text:_ZN3PIDD1Ev)
                  00014474    0000000c     hal_timer_bios.aem4f : lltimer.oem4f (.text:_llTimerShutdown)
                  00014480    0000000c     rtsv7M4_T_le_v4SPD16_eabi.lib : copy_zero_init.obj (.text:decompress:ZI)
                  0001448c    0000000c     hal_timer_bios.aem4f : lltimer.oem4f (.text:llTimerGetStartTime)
                  00014498    0000000c     TCPcomm.obj (.text:tcpOpenHook)
                  000144a4    00000004     --HOLE-- [fill = 0]
                  000144a8    0000000c     sysbios.aem4f : BIOS.obj (.text:ti_sysbios_family_arm_lm4_Timer_getMaxTicks__E)
                  000144b4    00000004     --HOLE-- [fill = 0]
                  000144b8    0000000c                   : BIOS.obj (.text:ti_sysbios_family_arm_lm4_TimestampProvider_startTimer__E)
                  000144c4    0000000c     main_pem4f.oem4f (.text:ti_sysbios_family_arm_m3_Hwi_Params__init__S)
                  000144d0    0000000c     sysbios.aem4f : BIOS.obj (.text:ti_sysbios_family_arm_m3_Hwi_disableFxn__E)
                  000144dc    00000004     --HOLE-- [fill = 0]
                  000144e0    0000000c                   : BIOS.obj (.text:ti_sysbios_family_arm_m3_TaskSupport_checkStack__E)
                  000144ec    00000004     --HOLE-- [fill = 0]
[...]
00016ee0  ti_sysbios_heaps_HeapMem_A_align__C                                  
00016ee4  ti_sysbios_heaps_HeapMem_A_heapSize__C                               
00016ee8  ti_sysbios_heaps_HeapMem_A_invalidFree__C                            
00016eec  ti_sysbios_heaps_HeapMem_A_zeroBlock__C                              
00016ef0  ti_sysbios_heaps_HeapMem_E_memory__C                                 
00016ef4  ti_sysbios_heaps_HeapMem_Module__diagsEnabled__C                     
00016ef8  ti_sysbios_heaps_HeapMem_Module__diagsIncluded__C                    
00016efc  ti_sysbios_heaps_HeapMem_Module__diagsMask__C                        
00016f00  ti_sysbios_heaps_HeapMem_Module__gateObj__C                          
00016f04  ti_sysbios_heaps_HeapMem_Object__count__C                            
00016f08  ti_sysbios_heaps_HeapMem_reqAlign__C                                 
00016f0c  ti_sysbios_knl_Clock_A_badThreadType__C                              
00016f10  ti_sysbios_knl_Clock_Module_State_clockQ__O                          
00016f14  ti_sysbios_knl_Clock_Module__diagsEnabled__C                         
00016f18  ti_sysbios_knl_Clock_Module__diagsIncluded__C                        
00016f1c  ti_sysbios_knl_Clock_Module__diagsMask__C                            
00016f20  ti_sysbios_knl_Event_A_nullEventId__C                                
00016f24  ti_sysbios_knl_Event_Instance_State_pendQ__O                         
00016f28  ti_sysbios_knl_Event_Module__diagsEnabled__C                         
00016f2c  ti_sysbios_knl_Event_Module__diagsIncluded__C                        
00016f30  ti_sysbios_knl_Event_Module__diagsMask__C                            
00016f34  ti_sysbios_knl_Semaphore_A_badContext__C                             
00016f38  ti_sysbios_knl_Semaphore_A_overflow__C                               
00016f3c  ti_sysbios_knl_Semaphore_A_pendTaskDisabled__C                       
00016f40  ti_sysbios_knl_Semaphore_Instance_State_pendQ__O                     
00016f44  ti_sysbios_knl_Semaphore_Module__diagsEnabled__C                     
00016f48  ti_sysbios_knl_Semaphore_Module__diagsIncluded__C                    
00016f4c  ti_sysbios_knl_Semaphore_Module__diagsMask__C                        
00016f50  ti_sysbios_knl_Semaphore_eventPost__C                                
00016f54  ti_sysbios_knl_Semaphore_eventSync__C                                
00016f58  ti_sysbios_knl_Swi_A_badPriority__C                                  
00016f5c  ti_sysbios_knl_Swi_Module__diagsEnabled__C                           
00016f60  ti_sysbios_knl_Swi_Module__diagsIncluded__C                          
00016f64  ti_sysbios_knl_Swi_Module__diagsMask__C                              
00016f68  ti_sysbios_knl_Swi_Object__count__C                                  
00016f6c  ti_sysbios_knl_Task_A_badPriority__C                                 
00016f70  ti_sysbios_knl_Task_A_badTaskState__C                                
00016f74  ti_sysbios_knl_Task_A_badThreadType__C                               
00016f78  ti_sysbios_knl_Task_A_badTimeout__C                                  
00016f7c  ti_sysbios_knl_Task_A_noPendElem__C                                  
00016f80  ti_sysbios_knl_Task_A_sleepTaskDisabled__C                           
00016f84  ti_sysbios_knl_Task_E_deleteNotAllowed__C                            
00016f88  ti_sysbios_knl_Task_E_spOutOfBounds__C                               
00016f8c  ti_sysbios_knl_Task_E_stackOverflow__C                               
00016f90  ti_sysbios_knl_Task_Module_State_inactiveQ__O                        
00016f94  ti_sysbios_knl_Task_Module_State_terminatedQ__O                      
00016f98  ti_sysbios_knl_Task_Module__diagsEnabled__C                          
00016f9c  ti_sysbios_knl_Task_Module__diagsIncluded__C                         
00016fa0  ti_sysbios_knl_Task_Module__diagsMask__C                             
00016fa4  ti_sysbios_knl_Task_Object__count__C                                 
00016fa8  ti_sysbios_knl_Task_Object__heap__C                                  
00016fac  ti_sysbios_knl_Task_allBlockedFunc__C                                
00016fb0  ti_sysbios_knl_Task_defaultStackHeap__C                              
00016fb4  ti_sysbios_knl_Task_defaultStackSize__C                              
00016fb8  ti_sysbios_knl_Task_numConstructedTasks__C                           
00016fbc  xdc_runtime_Assert_E_assertFailed__C                                 
00016fc0  xdc_runtime_Core_A_initializedParams__C                              
00016fc4  xdc_runtime_Core_Module__diagsEnabled__C                             
00016fc8  xdc_runtime_Core_Module__diagsIncluded__C                            
00016fcc  xdc_runtime_Core_Module__diagsMask__C                                
00016fd0  xdc_runtime_Error_E_memory__C                                        
00016fd4  xdc_runtime_Error_Module__diagsEnabled__C                            
00016fd8  xdc_runtime_Error_Module__diagsIncluded__C                           
00016fdc  xdc_runtime_Error_Module__diagsMask__C                               
00016fe0  xdc_runtime_Error_Module__loggerFxn8__C                              
00016fe4  xdc_runtime_Error_Module__loggerObj__C                               
00016fe8  xdc_runtime_Error_policyFxn__C                                       
00016fec  xdc_runtime_Error_raiseHook__C                                       
00016ff0  xdc_runtime_IGateProvider_Interface__BASE__C                         
00016ff4  xdc_runtime_IHeap_Interface__BASE__C                                 
00016ff8  xdc_runtime_IModule_Interface__BASE__C                               
00016ffc  xdc_runtime_Log_L_error__C                                           
00017000  xdc_runtime_Log_L_info__C                                            
00017004  xdc_runtime_Main_Module__diagsEnabled__C                             
00017008  xdc_runtime_Main_Module__diagsIncluded__C                            
0001700c  xdc_runtime_Main_Module__diagsMask__C                                
00017010  xdc_runtime_Main_Module__loggerFxn4__C                               
00017014  xdc_runtime_Main_Module__loggerObj__C                                
00017018  xdc_runtime_Memory_defaultHeapInstance__C                            
0001701c  xdc_runtime_Startup_execImpl__C                                      
00017020  xdc_runtime_Startup_lastFxns__A                                      
00017024  xdc_runtime_Startup_maxPasses__C                                     
00017028  xdc_runtime_Startup_sfxnRts__C                                       
0001702c  xdc_runtime_Startup_sfxnTab__C                                       
00017030  xdc_runtime_SysMin_bufSize__C                                        
00017034  xdc_runtime_SysMin_outputFunc__C                                     
00017038  xdc_runtime_System_Module__gateObj__C                                
0001703c  xdc_runtime_System_abortFxn__C                                       
00017040  xdc_runtime_System_exitFxn__C                                        
00017044  xdc_runtime_System_extendFxn__C                                      
00017048  xdc_runtime_System_maxAtexitHandlers__C                              
0001704c  xdc_runtime_Text_charTab__C                                          
00017050  xdc_runtime_Text_nameEmpty__C                                        
00017054  xdc_runtime_Text_nameStatic__C                                       
00017058  xdc_runtime_Text_nameUnknown__C                                      
0001705c  xdc_runtime_Text_nodeTab__C                                          
00017060  xdc_runtime_Text_visitRopeFxn__C                                     
00017064  ti_sysbios_hal_Hwi_Module__id__C                                     
00017066  ti_sysbios_heaps_HeapMem_Module__id__C                               
00017068  ti_sysbios_knl_Clock_Module__id__C                                   
0001706a  ti_sysbios_knl_Event_Module__id__C                                   
0001706c  ti_sysbios_knl_Semaphore_Module__id__C                               
0001706e  ti_sysbios_knl_Swi_Module__id__C                                     
00017070  ti_sysbios_knl_Task_Module__id__C                                    
00017072  xdc_runtime_Core_Module__id__C                                       
00017074  xdc_runtime_Error_Module__loggerDefined__C                           
00017076  xdc_runtime_Error_maxDepth__C                                        
00017078  xdc_runtime_Main_Module__id__C                                       
0001707a  xdc_runtime_Main_Module__loggerDefined__C                            
0001707c  xdc_runtime_Memory_Module__id__C                                     
0001707e  xdc_runtime_SysMin_flushAtExit__C                                    
00017080  xdc_runtime_Text_charCnt__C                                          
00017082  xdc_runtime_Text_isLoaded__C                                         
00017084  xdc_runtime_Text_registryModsLastId__C                               
00017086  xdc_runtime_Text_unnamedModsLastId__C                                
00017088  __TI_static_base__                                                   
00017728  __TI_Handler_Table_Base                                              
00017734  __TI_Handler_Table_Limit                                             
00017748  __TI_CINIT_Base                                                      
00017760  __TI_CINIT_Limit                                                     
20000000  ti_sysbios_family_arm_m3_Hwi_ramVectors                              
20000380  ti_ndk_config_Global_pBufMem                                         
20006380  ti_ndk_config_Global_pHdrMem                                         
20006840  ti_ndk_config_Global_pit                                             
20006920  ti_ndk_config_Global_pitBuffer                                       
2000c920  ti_sysbios_heaps_HeapMem_Instance_State_0_buf__A                     
20010920  ti_sysbios_knl_Task_Instance_State_0_stack__A                        
20011920  ti_sysbios_knl_Task_Instance_State_1_stack__A                        
20012920  ti_sysbios_knl_Task_Instance_State_2_stack__A                        
20013120  ti_sysbios_knl_Task_Instance_State_3_stack__A                        
20013320  sdspiTivaObjects                                                     
200137a0  xdc_runtime_SysMin_Module_State_0_outbuf__A                          
20013ba0  ti_sysbios_family_arm_m3_Hwi_dispatchTable                           
20013f00  g_motionCtl                                                          
20014084  __CIOBUF_                                                            
200142a4  tcps                                                                 
200145c0  ips                                                                  
20014628  nimu_mcb                                                             
2001468c  _ICMPIn                                                              
200146d8  _ICMPOut                                                             
20014764  pwmTivaObjects                                                       
2001478c  vlan_mcb                                                             
200147d8  udps                                                                 
200147fc  BlockCount                                                           
20014818  BlockMax                                                             
20014834  PageCount                                                            
20014850  PageMax                                                              
2001486c  g_hwl                                                                
20014888  stkEvent                                                             
200148d4  raweths                                                              
200148e4  raws                                                                 
20014904  PBMQ_free                                                            
20014910  tpseudo                                                              
2001491c  upseudo                                                              
20014928  emacObjects                                                          
2001495c  _IGMPInDiscard                                                       
20014960  _IGMPInQuery                                                         
20014964  _IGMPInQueryGroup                                                    
20014968  _IGMPInResponse                                                      
2001496c  _IGMPOutResponse                                                     
20014970  _ZSt16__dummy_typeinfo                                               
20014974  __dso_handle                                                         
20014978  g_msecTime                                                           
2001497c  g_ulStatus                                                           
20014990  raweth_pcb                                                           
20014994  ti_sysbios_knl_Task_Instance_State_0_hookEnv__A                      
20014998  ti_sysbios_knl_Task_Instance_State_1_hookEnv__A                      
2001499c  ti_sysbios_knl_Task_Instance_State_2_hookEnv__A                      
200149a0  ti_sysbios_knl_Task_Instance_State_3_hookEnv__A                      
200149a8  ti_ndk_config_Global_Id2Size                                         
200149c4  ti_ndk_config_Global_HostName                                        
200149c8  LocalIPAddr                                                          
200149cc  LocalIPMask                                                          
200149d0  GatewayIP                                                            
200149d4  DomainName                                                           
20014a18  ti_sysbios_family_arm_lm4_Timer_Module__root__V                      
20014a20  ti_sysbios_family_arm_lm4_Timer_Module_State_0_handles__A            
20014a40  ti_sysbios_family_arm_lm4_Timer_Module__state__V                     
20014a4c  ti_sysbios_family_arm_lm4_TimestampProvider_Module__state__V         
20014a54  ti_sysbios_family_arm_m3_Hwi_Module__root__V                         
20014a5c  ti_sysbios_family_arm_m3_Hwi_Module_State_0_excActive__A             
20014a60  ti_sysbios_family_arm_m3_Hwi_Module_State_0_excContext__A            
20014a64  ti_sysbios_family_arm_m3_Hwi_Module_State_0_excStack__A              
20014a68  ti_sysbios_gates_GateHwi_Module__root__V                             
20014a70  ti_sysbios_gates_GateHwi_Object__table__V                            
20014a74  ti_sysbios_gates_GateMutex_Module__root__V                           
20014a7c  ti_sysbios_hal_Hwi_Module__root__V                                   
20014a84  ti_sysbios_hal_Hwi_Object__table__V                                  
20014a94  ti_sysbios_heaps_HeapMem_Module__root__V                             
20014a9c  ti_sysbios_heaps_HeapMem_Object__table__V                            
20014ab4  ti_sysbios_knl_Clock_Module__root__V                                 
20014abc  ti_sysbios_knl_Event_Module__root__V                                 
20014ac4  ti_sysbios_knl_Queue_Module__root__V                                 
20014acc  ti_sysbios_knl_Semaphore_Module__root__V                             
20014ad4  ti_sysbios_knl_Swi_Module__root__V                                   
20014adc  ti_sysbios_knl_Swi_Module__state__V                                  
20014af8  ti_sysbios_knl_Task_Module__root__V                                  
20014b00  ti_sysbios_knl_Task_Module_State_0_idleTask__A                       
20014b04  xdc_runtime_Error_Module__state__V                                   
20014b08  xdc_runtime_Memory_Module__state__V                                  
20014b0c  xdc_runtime_Registry_Module__state__V                                
20014b14  xdc_runtime_Startup_Module__state__V                                 
20014b1c  xdc_runtime_SysMin_Module__state__V                                  
20014b28  xdc_runtime_System_Module_State_0_atexitHandlers__A                  
20014b30  xdc_runtime_System_Module__state__V                                  
20014b38  xdc_runtime_Text_Module__state__V                                    
20014b40  __xdc__init__addr                                                    
20014b44  ti_sysbios_knl_Task_Object__table__V                                 
20014c74  _ipcfg                                                               
20014d28  ti_sysbios_family_arm_lm4_Timer_Object__table__V                     
20014da8  ti_sysbios_knl_Swi_Module_State_0_readyQ__A                          
20014e28  ti_sysbios_knl_Task_Module_State_0_readyQ__A                         
20014ea8  ti_sysbios_family_arm_m3_Hwi_Object__table__V                        
20014fa8  ti_sysbios_knl_Task_Module__state__V                                 
2001506c  ti_sysbios_family_arm_lm4_Timer_Module_State_0_device__A             
200150ac  ti_sysbios_gates_GateMutex_Object__table__V                          
20015118  ti_sysbios_family_arm_m3_Hwi_Module__state__V                        
2001514c  enablePrefetch                                                       
20015150  phyCounter                                                           
200151b0  ti_sysbios_knl_Swi_Object__table__V                                  
200151e0  ti_sysbios_knl_Clock_Module__state__V                                
2001520c  pstrMsgName                                                          
20015234  _oscfg                                                               
20015258  PITCount                                                             
2001525c  PITUsed                                                              
20015260  PITHigh                                                              
2001527c  ti_sysbios_BIOS_Module__state__V                                     
200152a1  macAddress                                                           
200152a8  gpioPinConfigs                                                       
200152b8  gpioCallbackFunctions                                                
20015340  _IGMPForceVersion1                                                   
20015360  NIMUDeviceTable                                                      
20015370  _lock                                                                
20015374  _unlock                                                              
20015378  __TI_cleanup_ptr                                                     
2001537c  __TI_dtors_ptr                                                       
20015388  _ICMPInErrors                                                        
2001538c  _ICMPOutErrors                                                       
20015390  _IPExecuting                                                         
200153a8  tcp_iss                                                              
200153ac  ptTimeFirst                                                          
200153e0  main_func_sp                                                         
200153e8  _IPReasmPtr                                                          
200153f8  __stack                                                              
200157f8  __STACK_END                                                          
e000e000  ti_sysbios_family_arm_m3_Hwi_nvic                                    
ffffffff  __binit__                                                            
ffffffff  __c_args__                                                           
ffffffff  binit                                                                

[1252 symbols]
