******************************************************************************
                  TI ARM Linker PC v5.2.5                      
******************************************************************************
>> Linked Sat Sep 03 00:05:15 2016

OUTPUT FILE NAME:   <LinearDeltaCode_v2.0.out>
ENTRY POINT SYMBOL: "_c_int00"  address: 00010b31


MEMORY CONFIGURATION

         name            origin    length      used     unused   attr    fill
----------------------  --------  ---------  --------  --------  ----  --------
  FLASH                 00000000   00100000  00018a0e  000e75f2  R  X
  SRAM                  20000000   00040000  00015dea  0002a216  RW X


SEGMENT ALLOCATION MAP

run origin  load origin   length   init length attrs members
----------  ----------- ---------- ----------- ----- -------
00000000    00000000    00018a18   00018a18    r-x
  00000000    00000000    0000003c   0000003c    r-- .resetVecs
  0000003c    0000003c    00000004   00000004    r-- .init_array
  00000040    00000040    000157f2   000157f2    r-x .text
  00015838    00015838    00002b14   00002b14    r-- .const
  00018350    00018350    000006c8   000006c8    r-- .cinit
20000000    20000000    00000360   00000000    rw-
  20000000    20000000    00000360   00000000    rw- .vecs
20000380    20000380    00015a8c   00000000    rw-
  20000380    20000380    0001483e   00000000    rw- .bss
  20014bc0    20014bc0    00000a4c   00000000    rw- .data
  2001560c    2001560c    00000800   00000000    rw- .stack


SECTION ALLOCATION MAP

 output                                  attributes/
section   page    origin      length       input sections
--------  ----  ----------  ----------   ----------------
.init_array 
*          0    0000003c    00000004     
                  0000003c    00000004     GlobalData.obj (.init_array)

.text      0    00000040    000157f2     
                  00000040    00000c68     stk.aem4f : tcpin.oem4f (.text:TcpInput)
                  00000ca8    000008b8               : tcpout.oem4f (.text:TcpOutput)
                  00001560    00000450     pinout.obj (.text:PinoutSet)
                  000019b0    00000430     sysbios.aem4f : BIOS.obj (.text:ti_sysbios_family_arm_m3_Hwi_excDumpRegs__I)
                  00001de0    00000408     stk.aem4f : ipout.oem4f (.text:IPTxPacket)
                  000021e8    00000384               : ipin.oem4f (.text:IPRxPacket)
                  0000256c    0000034c     ti.targets.arm.rtsarm.aem4f : System.oem4f (.text:xdc_runtime_System_doPrint__I)
                  000028b8    00000324     ti.mw.fatfs.aem4f : ff.oem4f (.text:find_volume)
                  00002bdc    000002d4     rtsv7M4_T_le_v4SPD16_eabi.lib : trgdrv.obj (.text)
                  00002eb0    000002c0     sysbios.aem4f : BIOS.obj (.text:ti_sysbios_knl_Task_Instance_finalize__E)
                  00003170    000002b0                   : BIOS.obj (.text:ti_sysbios_knl_Semaphore_pend__E)
                  00003420    00000284     stk.aem4f : sock.oem4f (.text:SockSet)
                  000036a4    00000004               : bind.oem4f (.text:BindGetIF)
                  000036a8    00000254     sysbios.aem4f : BIOS.obj (.text:ti_sysbios_heaps_HeapMem_free__E)
                  000038fc    0000024c     stk.aem4f : ipfrag.oem4f (.text:IPReasm)
                  00003b48    00000248     sysbios.aem4f : BIOS.obj (.text:ti_sysbios_heaps_HeapMem_alloc__E)
                  00003d90    0000023c     stk.aem4f : icmpin.oem4f (.text:ICMPInput)
                  00003fcc    0000023c     rtsv7M4_T_le_v4SPD16_eabi.lib : strtod.obj (.text)
                  00004208    00000238     stk.aem4f : udp.oem4f (.text:UdpInput)
                  00004440    00000204     driverlib.lib : sysctl.obj (.text:SysCtlClockFreqSet)
                  00004644    00000204     TCPcomm.obj (.text:tcpServerThreadFxn)
                  00004848    00000204     Boot.aem4f : Boot_sysctl.oem4f (.text:ti_catalog_arm_cortexm4_tiva_ce_Boot_sysCtlClockFreqSetI__I)
                  00004a4c    00000004     stk.aem4f : bind.oem4f (.text:BindGetNext)
                  00004a50    000001fc     sysbios.aem4f : BIOS.obj (.text:ti_sysbios_family_arm_m3_Hwi_excHandlerMax__I)
                  00004c4c    000001f4     drivers_tivaware.aem4f : SDSPITiva.oem4f (.text:SDSPITiva_diskInitialize)
                  00004e40    000001f4     stk.aem4f : sock.oem4f (.text:SockRecv)
                  00005034    00000004     os.aem4f : ossys.oem4f (.text:NDK_vsprintf)
                  00005038    000001f4     sysbios.aem4f : BIOS.obj (.text:ti_sysbios_knl_Task_Instance_init__E)
                  0000522c    000001ec     main_pem4f.oem4f (.text:xdc_runtime_System_printfExtend__I)
                  00005418    000001b8     drivers_tivaware.aem4f : EMACSnow.oem4f (.text:EMACSnow_NIMUInit)
                  000055d0    000001b8     sysbios.aem4f : BIOS.obj (.text:ti_sysbios_knl_Task_sleep__E)
                  00005788    000001b6     rtsv7M4_T_le_v4SPD16_eabi.lib : fd_add_t2.obj (.text)
                  0000593e    00000002     hal_userled_stub.aem4f : llled.oem4f (.text:LED_TOGGLE)
                  00005940    000001b0     stk.aem4f : lliout.oem4f (.text:LLITxIpPacket)
                  00005af0    000001ac               : lliin.oem4f (.text:LLIRxPacket)
                  00005c9c    0000019c     os.aem4f : mem.oem4f (.text:mmAlloc)
                  00005e38    00000198     stk.aem4f : igmp.oem4f (.text:IGMPInput)
                  00005fd0    00000194     Test.obj (.text:pwmTest)
                  00006164    00000190     stk.aem4f : sock.oem4f (.text:SockNew)
                  000062f4    00000174     netctrl_min_ipv4.aem4f : netctrl.oem4f (.text:NC_NetStart)
                  00006468    00000174     GCline.obj (.text:_ZN6GCline6getArgEPcP5GCargh)
                  000065dc    00000004     stk.aem4f : node.oem4f (.text:NodeSetRt)
                  000065e0    00000174     sysbios.aem4f : BIOS.obj (.text:ti_sysbios_family_arm_m3_Hwi_excBusFault__I)
                  00006754    00000170     drivers_tivaware.aem4f : PWMTiva.oem4f (.text:PWMTiva_open)
                  000068c4    00000170     stk.aem4f : rtc.oem4f (.text:RTCReport)
                  00006a34    0000016a               : sb.oem4f (.text:SBRead)
                  00006b9e    00000002               : nat.oem4f (.text:NatMsg)
                  00006ba0    00000164     sysbios.aem4f : BIOS.obj (.text:ti_sysbios_family_arm_m3_Hwi_excUsageFault__I)
                  00006d04    00000160     stk.aem4f : sock.oem4f (.text:SockConnect)
                  00006e64    00000158     nettool_ipv4.aem4f : dhcpmain.oem4f (.text:DHCPOpen)
                  00006fbc    00000150     drivers_tivaware.aem4f : GPIOTiva.oem4f (.text:GPIO_setConfig)
                  0000710c    00000004     stk.aem4f : rawethsock_prot.oem4f (.text:RawEthSockPrAttach)
                  00007110    00000148     sysbios.aem4f : BIOS.obj (.text:ti_sysbios_family_arm_m3_Hwi_excMemFault__I)
                  00007258    00000144     stk.aem4f : bind.oem4f (.text:BindNew)
                  0000739c    00000140               : tcp.oem4f (.text:TcpTimeoutCheck)
                  000074dc    0000013c     nettool_ipv4.aem4f : config.oem4f (.text:CfgAddEntry)
                  00007618    0000013c     stk.aem4f : sockint.oem4f (.text:SockNotify)
                  00007754    0000013c               : sock.oem4f (.text:SockSend)
                  00007890    0000013c     sysbios.aem4f : BIOS.obj (.text:ti_sysbios_heaps_HeapMem_Instance_init__E)
                  000079cc    00000136     GCline.obj (.text:_ZN6GCline9getStrArgEPc)
                  00007b02    00000136     rtsv7M4_T_le_v4SPD16_eabi.lib : fd_div_t2.obj (.text)
                  00007c38    00000134     stk.aem4f : icmp.oem4f (.text:ICMPGenPacket)
                  00007d6c    00000130     driverlib.lib : gpio.obj (.text:GPIOPadConfigSet)
                  00007e9c    00000004     stk.aem4f : rawethsock_prot.oem4f (.text:RawEthSockPrDetach)
                  00007ea0    00000130     sysbios.aem4f : BIOS.obj (.text:ti_sysbios_knl_Task_setPri__E)
                  00007fd0    0000012c     EK_TM4C1294XL.obj (.text:EK_TM4C1294XL_initEMAC)
                  000080fc    00000128     HdrLayer.obj (.text:_ZN8HdrLayer17GPIOportC_ISR_FxnEv)
                  00008224    00000124     stk.aem4f : sockpcb.oem4f (.text:SockPcbResolve)
                  00008348    00000124               : udp.oem4f (.text:UdpOutput)
                  0000846c    00000124     main_pem4f.oem4f (.text:ti_ndk_config_Global_stackThread)
                  00008590    0000011c     GCline.obj (.text:_ZN6GCline8sysPrintEv)
                  000086ac    00000118     stk.aem4f : tcpout.oem4f (.text:TcpGenPacket)
                  000087c4    00000118     ti.targets.arm.rtsarm.aem4f : Error.oem4f (.text:xdc_runtime_Error_policyDefault__E)
                  000088dc    00000114     stk.aem4f : nimu.oem4f (.text:NIMUIoctl)
                  000089f0    00000110               : node.oem4f (.text:NodeTreeFree)
                  00008b00    00000110               : raw.oem4f (.text:RawInput)
                  00008c10    0000010c               : rtable.oem4f (.text:RtFind)
                  00008d1c    0000010a               : route.oem4f (.text:RtCreate)
                  00008e26    00000002     os.aem4f : task.oem4f (.text:_TaskInit)
                  00008e28    00000108     drivers_tivaware.aem4f : EMACSnow.oem4f (.text:EMACSnow_emacStart)
                  00008f30    00000108                            : SDSPITiva.oem4f (.text:SDSPITiva_open)
                  00009038    00000108     sysbios.aem4f : BIOS.obj (.text:ti_sysbios_family_arm_lm4_Timer_start__E)
                  00009140    00000108                   : BIOS.obj (.text:ti_sysbios_knl_Clock_Instance_init__E)
                  00009248    00000104     os.aem4f : task.oem4f (.text:llEnter)
                  0000934c    00000102     nettool_ipv4.aem4f : dhcppkt.oem4f (.text:dhcpPacketProcess)
                  0000944e    00000002     os.aem4f : task.oem4f (.text:_TaskShutdown)
                  00009450    00000100     stk.aem4f : igmp.oem4f (.text:IGMPSendReply)
                  00009550    00000100     sysbios.aem4f : BIOS.obj (.text:ti_sysbios_knl_Event_post__E)
                  00009650    00000100     ti.targets.arm.rtsarm.aem4f : Core-mem.oem4f (.text:xdc_runtime_Core_createObject__I)
                  00009750    000000fc     netctrl_min_ipv4.aem4f : netctrl.oem4f (.text:NetScheduler)
                  0000984c    000000fc     rtsv7M4_T_le_v4SPD16_eabi.lib : fd_mul_t2.obj (.text)
                  00009948    000000fc     sysbios.aem4f : BIOS.obj (.text:ti_sysbios_knl_Semaphore_post__E)
                  00009a44    000000f8     stk.aem4f : pipe.oem4f (.text:PipeRecv)
                  00009b3c    000000f8     ti.targets.arm.rtsarm.aem4f : Startup.oem4f (.text:xdc_runtime_Startup_startMods__I)
                  00009c34    000000f4     drivers_tivaware.aem4f : SDSPITiva.oem4f (.text:SDSPITiva_diskIOctrl)
                  00009d28    000000f4     os.aem4f : task.oem4f (.text:TaskGetEnv)
                  00009e1c    000000f4     rtsv7M4_T_le_v4SPD16_eabi.lib : dtor_list.obj (.text)
                  00009f10    000000f4     sysbios.aem4f : m3_Hwi_asm.obj (.text:ti_sysbios_family_arm_m3_Hwi_dispatch__I)
                  0000a004    000000f0     stk.aem4f : lliout.oem4f (.text:LLIGenArpPacket)
                  0000a0f4    000000f0     drivers_tivaware.aem4f : PWMTiva.oem4f (.text:PWMTiva_setDuty)
                  0000a1e4    000000f0     stk.aem4f : sock.oem4f (.text:SockClose)
                  0000a2d4    000000f0     TCPcomm.obj (.text:tcpClientThreadFxn)
                  0000a3c4    00000004     os.aem4f : semaphore.oem4f (.text:SemPend)
                  0000a3c8    000000ec     sysbios.aem4f : BIOS.obj (.text:ti_sysbios_knl_Task_postInit__I)
                  0000a4b4    000000e8     drivers_tivaware.aem4f : SDSPITiva.oem4f (.text:SDSPITiva_diskWrite)
                  0000a59c    000000e8     os.aem4f : task.oem4f (.text:TaskSetEnv)
                  0000a684    000000e8     main.obj (.text:_Z7powerOnv)
                  0000a76c    000000e0     stk.aem4f : tcptime.oem4f (.text:TcpTimeoutRexmt)
                  0000a84c    000000dc               : sb.oem4f (.text:SBWrite)
                  0000a928    000000dc     nettool_ipv4.aem4f : dhcpsock.oem4f (.text:dhcpSocketOpen)
                  0000aa04    000000dc                        : dhcpsm.oem4f (.text:dhcpState)
                  0000aae0    000000d8     stk.aem4f : node.oem4f (.text:NodeAdd)
                  0000abb8    000000d8               : tcpprot.oem4f (.text:TcpPrSetOption)
                  0000ac90    000000d8     sysbios.aem4f : BIOS.obj (.text:ti_sysbios_family_arm_lm4_TimestampProvider_get32__E)
                  0000ad68    000000d4     drivers_tivaware.aem4f : EMACSnow.oem4f (.text:EMACSnow_handleRx)
                  0000ae3c    000000d4     stk.aem4f : sockpcb.oem4f (.text:SockPcbBind)
                  0000af10    000000d4     GCline.obj (.text:_ZN6GClineC1EPc)
                  0000afe4    00000004     os.aem4f : semaphore.oem4f (.text:SemPost)
                  0000afe8    000000d4     sysbios.aem4f : BIOS.obj (.text:ti_sysbios_knl_Swi_Instance_init__E)
                  0000b0bc    000000d1     stk.aem4f : nimu.oem4f (.text:NIMUReceivePacket)
                  0000b18d    00000001     --HOLE-- [fill = 0]
                  0000b18e    00000002     hal_ser_stub.aem4f : llserstb.oem4f (.text:_llSerialServiceCheck)
                  0000b190    000000cc     stk.aem4f : icmp.oem4f (.text:ICMPSendRtAdv)
                  0000b25c    000000cc     nettool_ipv4.aem4f : dhcpbild.oem4f (.text:dhcpBuildHeader)
                  0000b328    000000cc                        : dhcpsm.oem4f (.text:dhcpIPAdd)
                  0000b3f4    000000cc                        : dhcppkt.oem4f (.text:dhcpVerifyMessage)
                  0000b4c0    000000cc     ti.targets.arm.rtsarm.aem4f : Core-smem.oem4f (.text:xdc_runtime_Core_constructObject__I)
                  0000b58c    000000c8     stk.aem4f : rawethsock.oem4f (.text:RawEthSockNew)
                  0000b654    000000c8     netctrl_min_ipv4.aem4f : netsrv.oem4f (.text:SPIpNet)
                  0000b71c    000000c6     drivers_tivaware.aem4f : SDSPITiva.oem4f (.text:send_cmd)
                  0000b7e2    00000002     hal_ser_stub.aem4f : llserstb.oem4f (.text:_llSerialShutdown)
                  0000b7e4    000000c4     EK_TM4C1294XL.obj (.text:EK_TM4C1294XL_initSDSPI)
                  0000b8a8    000000c4     drivers_tivaware.aem4f : EMACSnow.oem4f (.text:EMACSnow_InitDMADescriptors)
                  0000b96c    000000c4     stk.aem4f : igmp.oem4f (.text:IGMPJoinHostGroup)
                  0000ba30    000000c4     nettool_ipv4.aem4f : dhcpsm.oem4f (.text:StateBound)
                  0000baf4    000000c0     drivers_tivaware.aem4f : SDSPITiva.oem4f (.text:SDSPITiva_diskRead)
                  0000bbb4    000000c0     HdrLayer.obj (.text:_ZN8HdrLayer17GPIOportE_ISR_FxnEv)
                  0000bc74    000000bc     stk.aem4f : sockpcb.oem4f (.text:SockPcbFind)
                  0000bd30    000000bc               : vlan.oem4f (.text:VLANDeinit)
                  0000bdec    000000bc     rtsv7M4_T_le_v4SPD16_eabi.lib : typeinfo_.obj (.text)
                  0000bea8    000000bc     sysbios.aem4f : BIOS.obj (.text:ti_sysbios_family_arm_m3_Hwi_excDebugMon__I)
                  0000bf64    00000004     os.aem4f : semaphore.oem4f (.text:SemReset)
                  0000bf68    000000bc     sysbios.aem4f : BIOS.obj (.text:ti_sysbios_family_arm_m3_Hwi_excHardFault__I)
                  0000c024    000000b8     EK_TM4C1294XL.obj (.text:EK_TM4C1294XL_initGeneral)
                  0000c0dc    000000b8     stk.aem4f : icmpin.oem4f (.text:ICMPRevSrcRoute)
                  0000c194    000000b8               : lli.oem4f (.text:_LLITimeoutCheck)
                  0000c24c    00000004     os.aem4f : task.oem4f (.text:TaskSelf)
                  0000c250    000000b8     sysbios.aem4f : BIOS.obj (.text:ti_sysbios_knl_Task_exit__E)
                  0000c308    000000b4     stk.aem4f : tcptime.oem4f (.text:TcpTimeoutKeep)
                  0000c3bc    00000004     os.aem4f : task.oem4f (.text:TaskSetPri)
                  0000c3c0    000000b4     sysbios.aem4f : BIOS.obj (.text:ti_sysbios_gates_GateMutex_enter__E)
                  0000c474    00000004     hal_ser_stub.aem4f : llserstb.oem4f (.text:_llSerialInit)
                  0000c478    000000b4     sysbios.aem4f : BIOS.obj (.text:ti_sysbios_knl_Task_checkStacks__E)
                  0000c52c    000000b0     stk.aem4f : rawethsock.oem4f (.text:RawEthSockSet)
                  0000c5dc    000000b0     HdrLayer.obj (.text:_ZN8HdrLayer10floatToPWMEf)
                  0000c68c    000000ac     stk.aem4f : rtable.oem4f (.text:RtTimeoutCheck)
                  0000c738    000000ac     sysbios.aem4f : BIOS.obj (.text:ti_sysbios_family_arm_lm4_Timer_enableTiva__I)
                  0000c7e4    000000a8     stk.aem4f : sockint.oem4f (.text:SockCreatePacket)
                  0000c88c    000000a0               : ip.oem4f (.text:IPGetRoute)
                  0000c92c    000000a0     auto_init.aem4f : auto_init.oem4f (.text)
                  0000c9cc    000000a0     drivers_tivaware.aem4f : SDSPITiva.oem4f (.text:rcvr_datablock)
                  0000ca6c    000000a0     ti.targets.arm.rtsarm.aem4f : Text.oem4f (.text:xdc_runtime_Text_putMod__E)
                  0000cb0c    0000009e     stk.aem4f : nimu.oem4f (.text:NIMUAddEthernetHeader)
                  0000cbaa    0000009e     nettool_ipv4.aem4f : dhcpbild.oem4f (.text:dhcpBuildRequest)
                  0000cc48    0000009c     stk.aem4f : exec.oem4f (.text:ExecOpen)
                  0000cce4    0000009c     GCline.obj (.text:_ZN6GCline16getCmdTypeAndNumEPc)
                  0000cd80    0000009c     rtsv7M4_T_le_v4SPD16_eabi.lib : memcpy_t2.obj (.text)
                  0000ce1c    00000004     ti.mw.fatfs.aem4f : ffosal.oem4f (.text:ff_rel_grant)
                  0000ce20    0000009c     sysbios.aem4f : BIOS.obj (.text:ti_sysbios_knl_Task_schedule__I)
                  0000cebc    0000009a     ti.targets.arm.rtsarm.aem4f : Text.oem4f (.text:xdc_runtime_Text_putSite__E)
                  0000cf56    0000009a     drivers_tivaware.aem4f : SDSPITiva.oem4f (.text:xmit_datablock)
                  0000cff0    00000098     netctrl_min_ipv4.aem4f : netctrl.oem4f (.text:NC_SystemOpen)
                  0000d088    00000098                            : netsrv.oem4f (.text:ServiceScan)
                  0000d120    00000098     GCline.obj (.text:_ZN6GCline12getArgCt_RawEPc)
                  0000d1b8    00000098     Boot.aem4f : Boot.oem4f (.text:ti_catalog_arm_cortexm4_tiva_ce_Boot_sysCtlClockFreqSet__E)
                  0000d250    00000094     nettool_ipv4.aem4f : config.oem4f (.text:CfgRemoveEntry)
                  0000d2e4    00000004     stk.aem4f : listlib.oem4f (.text:list_get_head)
                  0000d2e8    00000094     sysbios.aem4f : BIOS.obj (.text:ti_sysbios_family_arm_m3_Hwi_Instance_init__E)
                  0000d37c    00000004     stk.aem4f : listlib.oem4f (.text:list_get_next)
                  0000d380    00000094     sysbios.aem4f : BIOS.obj (.text:ti_sysbios_family_arm_m3_Hwi_initNVIC__E)
                  0000d414    00000090     nettool_ipv4.aem4f : config.oem4f (.text:CfgExecute)
                  0000d4a4    00000090     stk.aem4f : igmp.oem4f (.text:IGMPMsg)
                  0000d534    00000090     os.aem4f : mem.oem4f (.text:mmBulkAlloc)
                  0000d5c4    00000004     main_pem4f.oem4f (.text:ti_ndk_config_Global_NetworkClose)
                  0000d5c8    00000090     sysbios.aem4f : BIOS.obj (.text:ti_sysbios_knl_Task_Module_startup__E)
                  0000d658    00000090                   : BIOS.obj (.text:ti_sysbios_knl_Task_startCore__E)
                  0000d6e8    0000008c     drivers_tivaware.aem4f : GPIOTiva.oem4f (.text:GPIO_init)
                  0000d774    0000008c     stk.aem4f : ip.oem4f (.text:IPMsg)
                  0000d800    0000008c     os.aem4f : mem.oem4f (.text:_mmInit)
                  0000d88c    0000008c              : mem.oem4f (.text:mmInitPage)
                  0000d918    0000008c     sysbios.aem4f : m3_TaskSupport_asm.obj (.text:ti_sysbios_family_arm_m3_TaskSupport_buildTaskStack)
                  0000d9a4    0000008a     netctrl_min_ipv4.aem4f : netsrv.oem4f (.text:SPRoute)
                  0000da2e    00000002     hal_userled_stub.aem4f : llled.oem4f (.text:_llUserLedInit)
                  0000da30    00000088     drivers_tivaware.aem4f : PWMTiva.oem4f (.text:PWMTiva_control)
                  0000dab8    00000088     netctrl_min_ipv4.aem4f : netsrv.oem4f (.text:ServiceSpawn)
                  0000db40    00000088     stk.aem4f : sockpcb.oem4f (.text:SockPcbCtlError)
                  0000dbc8    00000086     nettool_ipv4.aem4f : dhcpsm.oem4f (.text:StateRequesting)
                  0000dc4e    00000086     rtsv7M4_T_le_v4SPD16_eabi.lib : fd_cmp_t2.obj (.text:__aeabi_cdcmple)
                  0000dcd4    00000086                                   : fd_cmp_t2.obj (.text:__aeabi_cdrcmple)
                  0000dd5a    00000002     hal_userled_stub.aem4f : llled.oem4f (.text:_llUserLedShutdown)
                  0000dd5c    00000084     nettool_ipv4.aem4f : config.oem4f (.text:CfgGetEntry)
                  0000dde0    00000084     drivers_tivaware.aem4f : EMACSnow.oem4f (.text:EMACSnow_processPhyInterrupt)
                  0000de64    00000084     stk.aem4f : tcpprot.oem4f (.text:TcpPrAttach)
                  0000dee8    00000084     os.aem4f : mem.oem4f (.text:mmBulkFree)
                  0000df6c    00000084              : mem.oem4f (.text:mmFree)
                  0000dff0    00000084     sysbios.aem4f : BIOS.obj (.text:ti_sysbios_family_arm_m3_Hwi_postInit__I)
                  0000e074    00000082     nettool_ipv4.aem4f : dhcpsm.oem4f (.text:StateRenewRebind)
                  0000e0f6    00000002     hal_ser_stub.aem4f : llserstb.oem4f (.text:llSerialService)
                  0000e0f8    00000080     drivers_tivaware.aem4f : EMACSnow.oem4f (.text:EMACSnow_emacStop)
                  0000e178    00000080                            : EMACSnow.oem4f (.text:EMACSnow_processPendingTx)
                  0000e1f8    00000080     stk.aem4f : lli.oem4f (.text:LLINew)
                  0000e278    00000080     netctrl_min_ipv4.aem4f : netsrv.oem4f (.text:NS_BootTask)
                  0000e2f8    00000080     stk.aem4f : pbm.oem4f (.text:PBM_alloc)
                  0000e378    00000080               : raw.oem4f (.text:RawOutput)
                  0000e3f8    0000007f     main_pem4f.oem4f (.text:ti_ndk_config_Global_NetworkIPAddr)
                  0000e477    00000001     --HOLE-- [fill = 0]
                  0000e478    0000007e     stk.aem4f : fileuser.oem4f (.text:fdClose)
                  0000e4f6    00000002     rtsv7M4_T_le_v4SPD16_eabi.lib : i_div0.obj (.text)
                  0000e4f8    0000007c     nettool_ipv4.aem4f : config.oem4f (.text:CfgGetNextEntry)
                  0000e574    0000007c     drivers_tivaware.aem4f : EMACSnow.oem4f (.text:EMACSnow_hwiIntFxn)
                  0000e5f0    0000007c     stk.aem4f : igmp.oem4f (.text:IGMPDoMCast)
                  0000e66c    0000007c               : igmp.oem4f (.text:IGMPJoin)
                  0000e6e8    0000007c               : socket.oem4f (.text:NDK_setsockopt)
                  0000e764    0000007c               : nimu.oem4f (.text:NIMURegister)
                  0000e7e0    0000007c               : pbm.oem4f (.text:PBM_free)
                  0000e85c    0000007c     ti.mw.fatfs.aem4f : ff.oem4f (.text:f_mount)
                  0000e8d8    0000007c     TCPcomm.obj (.text:tcpOpenHook)
                  0000e954    0000007a     stk.aem4f : sock.oem4f (.text:SockAccept)
                  0000e9ce    0000007a     rtsv7M4_T_le_v4SPD16_eabi.lib : memset_t2.obj (.text)
                  0000ea48    00000078     driverlib.lib : emac.obj (.text:EMACInit)
                  0000eac0    00000078     stk.aem4f : socket.oem4f (.text:NDK_sendto)
                  0000eb38    00000078               : tcptime.oem4f (.text:TcpXmitTimer)
                  0000ebb0    00000078               : fileuser.oem4f (.text:fdOpenSession)
                  0000ec28    00000078     os.aem4f : task.oem4f (.text:llExit)
                  0000eca0    00000075     stk.aem4f : tcptime.oem4f (.text:TcpTimeoutSackRexmt)
                  0000ed15    00000001     --HOLE-- [fill = 0]
                  0000ed16    00000002     rtsv7M4_T_le_v4SPD16_eabi.lib : newhandler.obj (.text)
                  0000ed18    00000074     stk.aem4f : igmp.oem4f (.text:IGMPLeaveHostGroup)
                  0000ed8c    00000074               : nimu.oem4f (.text:NIMUShutdown)
                  0000ee00    00000074               : raweth.oem4f (.text:RawEthRxPacket)
                  0000ee74    00000074               : sockpcb.oem4f (.text:SockPcbConnect)
                  0000eee8    00000074     HdrLayer.obj (.text:_ZN8HdrLayer7initPWMEv)
                  0000ef5c    00000074     ti.mw.fatfs.aem4f : ff.oem4f (.text:check_fs)
                  0000efd0    00000074     sysbios.aem4f : BIOS.obj (.text:ti_sysbios_knl_Clock_start__E)
                  0000f044    00000072     os.aem4f : semaphore.oem4f (.text:SemCreateBinary)
                  0000f0b6    00000070     stk.aem4f : socket.oem4f (.text:NDK_accept)
                  0000f126    00000002     main_pem4f.oem4f (.text:ti_sysbios_BIOS_nullFunc__I)
                  0000f128    00000070     stk.aem4f : rtable.oem4f (.text:RtFlush)
                  0000f198    00000070     netctrl_min_ipv4.aem4f : netsrv.oem4f (.text:SPConfig)
                  0000f208    00000070     stk.aem4f : sock.oem4f (.text:SockShutdown)
                  0000f278    00000070     nettool_ipv4.aem4f : dhcptags.oem4f (.text:dhcpDecodeType)
                  0000f2e8    00000070     TCPcomm.obj (.text:tcpCloseHook)
                  0000f358    00000070     main_pem4f.oem4f (.text:ti_ndk_config_ip_init)
                  0000f3c8    00000070     sysbios.aem4f : BIOS.obj (.text:ti_sysbios_knl_Semaphore_Instance_init__E)
                  0000f438    0000006e     stk.aem4f : socket.oem4f (.text:NDK_recv)
                  0000f4a6    00000002     main_pem4f.oem4f (.text:xdc_runtime_Startup_reset__I)
                  0000f4a8    0000006e     stk.aem4f : rtable.oem4f (.text:RtWalkNext)
                  0000f516    0000006e               : sockpcb.oem4f (.text:SockPcbFindRaw)
                  0000f584    0000006d               : node.oem4f (.text:NodeNew)
                  0000f5f1    00000003     --HOLE-- [fill = 0]
                  0000f5f4    0000006d     ti.targets.arm.rtsarm.aem4f : System.oem4f (.text:xdc_runtime_System_formatNum__I)
                  0000f661    00000003     --HOLE-- [fill = 0]
                  0000f664    0000006c     os.aem4f : ossys.oem4f (.text:DbgPrintf)
                  0000f6d0    0000006c     stk.aem4f : node.oem4f (.text:NodeTreeNew)
                  0000f73c    0000006c               : udp.oem4f (.text:UdpChecksum)
                  0000f7a8    0000006c     sysbios.aem4f : BIOS.obj (.text:ti_sysbios_knl_Clock_workFunc__E)
                  0000f814    00000004     main_pem4f.oem4f (.text:ti_ndk_config_Global_NetworkOpen)
                  0000f818    0000006c     sysbios.aem4f : BIOS.obj (.text:ti_sysbios_knl_Swi_restoreHwi__E)
                  0000f884    0000006c     ti.targets.arm.rtsarm.aem4f : Error.oem4f (.text:xdc_runtime_Error_print__E)
                  0000f8f0    0000006c                                 : Memory.oem4f (.text:xdc_runtime_Memory_alloc__E)
                  0000f95c    0000006a     drivers_tivaware.aem4f : PWMTiva.oem4f (.text:PWMTiva_close)
                  0000f9c6    0000006a     stk.aem4f : tcpprot.oem4f (.text:TcpPrInherit)
                  0000fa30    0000006a     rtsv7M4_T_le_v4SPD16_eabi.lib : copy_decompress_rle.obj (.text)
                  0000fa9a    00000068     stk.aem4f : socket.oem4f (.text:NDK_socket)
                  0000fb02    00000002     --HOLE-- [fill = 0]
                  0000fb04    00000068               : pbm.oem4f (.text:PBM_open)
                  0000fb6c    00000068               : sock.oem4f (.text:SockListen)
                  0000fbd4    00000068               : rtable.oem4f (.text:_RtNodeInsert)
                  0000fc3c    00000068     rtsv7M4_T_le_v4SPD16_eabi.lib : trgmsg.obj (.text)
                  0000fca4    00000066     ti.targets.arm.rtsarm.aem4f : Core-mem.oem4f (.text:xdc_runtime_Core_deleteObject__I)
                  0000fd0a    00000002     --HOLE-- [fill = 0]
                  0000fd0c    00000064     nettool_ipv4.aem4f : config.oem4f (.text:CfgFree)
                  0000fd70    00000064     drivers_tivaware.aem4f : GPIOTiva.oem4f (.text:GPIO_hwiIntFxn)
                  0000fdd4    00000064     stk.aem4f : pbm.oem4f (.text:PBMQ_enq)
                  0000fe38    00000064               : sockint.oem4f (.text:SockSpawnAbort)
                  0000fe9c    00000064     hal_timer_bios.aem4f : lltimer.oem4f (.text:llTimerTick)
                  0000ff00    00000064     sysbios.aem4f : BIOS.obj (.text:ti_sysbios_family_arm_lm4_Timer_Module_startup__E)
                  0000ff64    00000064     main_pem4f.oem4f (.text:ti_sysbios_family_arm_m3_Hwi_create)
                  0000ffc8    00000064     sysbios.aem4f : BIOS.obj (.text:ti_sysbios_family_arm_m3_Hwi_dispatchC__I)
                  0001002c    00000064     stk.aem4f : lliin.oem4f (.text:updateRtTable)
                  00010090    00000062               : ipin.oem4f (.text:IPRouteIP)
                  000100f2    00000002     --HOLE-- [fill = 0]
                  000100f4    00000062               : sb.oem4f (.text:SBNew)
                  00010156    00000002     --HOLE-- [fill = 0]
                  00010158    00000060     nettool_ipv4.aem4f : config.oem4f (.text:CfgGetEntryCnt)
                  000101b8    00000060     stk.aem4f : file.oem4f (.text:FdWaitEvent)
                  00010218    00000060               : nimu.oem4f (.text:NIMUUnregister)
                  00010278    00000060               : node.oem4f (.text:NodeFind)
                  000102d8    00000060               : rtc.oem4f (.text:RTCMsg)
                  00010338    00000060               : tcp.oem4f (.text:TcpChecksum)
                  00010398    00000060     nettool_ipv4.aem4f : dhcptags.oem4f (.text:dhcpBuildOptions)
                  000103f8    00000060     main_pem4f.oem4f (.text:ti_ndk_config_Global_serviceReport)
                  00010458    0000005e     stk.aem4f : route.oem4f (.text:RtRemove)
                  000104b6    0000005e     nettool_ipv4.aem4f : dhcpsm.oem4f (.text:StateSelecting)
                  00010514    0000005e     stk.aem4f : vlan.oem4f (.text:VLANReceivePacket)
                  00010572    00000002     --HOLE-- [fill = 0]
                  00010574    0000005c     nettool_ipv4.aem4f : config.oem4f (.text:CfgSetExecuteOrder)
                  000105d0    0000005c     stk.aem4f : nimu.oem4f (.text:NIMUIoctlSpecialCmd)
                  0001062c    0000005c     netctrl_min_ipv4.aem4f : netsrv.oem4f (.text:SPService)
                  00010688    0000005c     main_pem4f.oem4f (.text:ti_sysbios_knl_Swi_create)
                  000106e4    00000004     main_pem4f.oem4f (.text:ti_sysbios_BIOS_RtsGateProxy_enter__E)
                  000106e8    0000005c     sysbios.aem4f : BIOS.obj (.text:ti_sysbios_knl_Swi_run__I)
                  00010744    00000004     main_pem4f.oem4f (.text:ti_sysbios_BIOS_RtsGateProxy_leave__E)
                  00010748    0000005c     sysbios.aem4f : BIOS.obj (.text:ti_sysbios_knl_Swi_schedule__I)
                  000107a4    0000005c     main_pem4f.oem4f (.text:ti_sysbios_knl_Task_create)
                  00010800    0000005c     sysbios.aem4f : BIOS.obj (.text:ti_sysbios_knl_Task_unblockI__E)
                  0001085c    0000005c     drivers_tivaware.aem4f : SDSPITiva.oem4f (.text:wait_ready)
                  000108b8    0000005b     ti.targets.arm.rtsarm.aem4f : Text.oem4f (.text:xdc_runtime_Text_putLab__E)
                  00010913    00000001     --HOLE-- [fill = 0]
                  00010914    0000005a     stk.aem4f : route.oem4f (.text:RtRedirect)
                  0001096e    0000005a               : tcpprot.oem4f (.text:TcpValidateMetrics)
                  000109c8    0000005a     nettool_ipv4.aem4f : dhcpbild.oem4f (.text:dhcpBuildDecline)
                  00010a22    0000005a     os.aem4f : mem.oem4f (.text:mmCopy)
                  00010a7c    0000005a     main_pem4f.oem4f (.text:ti_ndk_config_tcp_init)
                  00010ad6    00000002     --HOLE-- [fill = 0]
                  00010ad8    00000058     stk.aem4f : bind.oem4f (.text:BindFree)
                  00010b30    00000058     boot.aem4f : boot.oem4f (.text)
                  00010b88    00000058     driverlib.lib : emac.obj (.text:EMACPHYConfigSet)
                  00010be0    00000058     stk.aem4f : igmp.oem4f (.text:IGMPTimer)
                  00010c38    00000058     os.aem4f : semaphore.oem4f (.text:SemCreate)
                  00010c90    00000058     tirtosport.aem4f : SemaphoreP_tirtos.oem4f (.text:SemaphoreP_create)
                  00010ce8    00000058     sysbios.aem4f : m3_Hwi_asm_switch.obj (.text:ti_sysbios_family_arm_m3_Hwi_initStacks__E)
                  00010d40    00000056     driverlib.lib : gpio.obj (.text:GPIOIntTypeSet)
                  00010d96    00000002     --HOLE-- [fill = 0]
                  00010d98    00000054     nettool_ipv4.aem4f : config.oem4f (.text:CfgEntryDeRef)
                  00010dec    00000054     stk.aem4f : igmp.oem4f (.text:IGMPLeave)
                  00010e40    00000054               : rawethsock_pcb.oem4f (.text:RawEthSockPcbAttach)
                  00010e94    00000054               : sockpcb.oem4f (.text:SockCleanPcb)
                  00010ee8    00000054               : tcptime.oem4f (.text:TcpTimeoutPersist)
                  00010f3c    00000054     HdrLayer.obj (.text:_ZN8HdrLayer15encoderGetStateEbb)
                  00010f90    00000054     ti.mw.fatfs.aem4f : ff.oem4f (.text:sync_window)
                  00010fe4    00000004     sysbios.aem4f : BIOS.obj (.text:ti_sysbios_family_arm_lm4_Timer_masterEnable__I)
                  00010fe8    00000054                   : BIOS.obj (.text:ti_sysbios_family_arm_lm4_Timer_initDevice__I)
                  0001103c    00000004     main_pem4f.oem4f (.text:ti_sysbios_family_arm_m3_Hwi_delete)
                  00011040    00000054     sysbios.aem4f : BIOS.obj (.text:ti_sysbios_knl_Swi_Instance_finalize__E)
                  00011094    00000054     ti.targets.arm.rtsarm.aem4f : Assert.oem4f (.text:xdc_runtime_Assert_raise__I)
                  000110e8    00000052     stk.aem4f : tcpprot.oem4f (.text:TcpPrDetach)
                  0001113a    00000002     --HOLE-- [fill = 0]
                  0001113c    00000050     drivers_tivaware.aem4f : GPIOTiva.oem4f (.text:GPIO_setCallback)
                  0001118c    00000050     stk.aem4f : socket.oem4f (.text:NDK_bind)
                  000111dc    00000050               : route.oem4f (.text:RtNew)
                  0001122c    00000050     driverlib.lib : sysctl.obj (.text:SysCtlPeripheralReset)
                  0001127c    00000050     Boot.aem4f : Boot_sysctl.oem4f (.text:_SysCtlFrequencyGet)
                  000112cc    00000050     VecMath.obj (.text:_ZN7VecMath4mapfEfffff)
                  0001131c    00000004     main_pem4f.oem4f (.text:ti_sysbios_family_arm_m3_TaskSupport_Module__startupDone__S)
                  00011320    00000050     sysbios.aem4f : BIOS.obj (.text:ti_sysbios_family_arm_m3_Hwi_Module_startup__E)
                  00011370    00000050     ti.targets.arm.rtsarm.aem4f : Startup.oem4f (.text:xdc_runtime_Startup_exec__E)
                  000113c0    00000050                                 : Text.oem4f (.text:xdc_runtime_Text_visitRope2__I)
                  00011410    0000004e     stk.aem4f : node.oem4f (.text:NodeDeRef)
                  0001145e    0000004e     nettool_ipv4.aem4f : config.oem4f (.text:_CfgEntryScan)
                  000114ac    0000004c                        : ipaddr.oem4f (.text:NtAddNetwork)
                  000114f8    0000004c     stk.aem4f : sockint.oem4f (.text:SockValidateRoute)
                  00011544    0000004c     rtsv7M4_T_le_v4SPD16_eabi.lib : cpy_tbl.obj (.text)
                  00011590    0000004c     sysbios.aem4f : BIOS.obj (.text:ti_sysbios_heaps_HeapMem_getStats__E)
                  000115dc    00000004     main_pem4f.oem4f (.text:ti_sysbios_heaps_HeapMem_Module_GateProxy_enter__E)
                  000115e0    0000004c     sysbios.aem4f : BIOS.obj (.text:ti_sysbios_knl_Swi_runLoop__I)
                  0001162c    00000004     main_pem4f.oem4f (.text:ti_sysbios_heaps_HeapMem_Module_GateProxy_leave__E)
                  00011630    0000004c     sysbios.aem4f : BIOS.obj (.text:ti_sysbios_knl_Task_allBlockedFunction__I)
                  0001167c    0000004a     netctrl_min_ipv4.aem4f : netsrv.oem4f (.text:ServiceKill)
                  000116c6    0000004a     stk.aem4f : sock.oem4f (.text:SockDisconnect)
                  00011710    0000004a               : timer.oem4f (.text:TimerNew)
                  0001175a    00000048     nettool_ipv4.aem4f : config.oem4f (.text:CfgNew)
                  000117a2    00000002     --HOLE-- [fill = 0]
                  000117a4    00000048     driverlib.lib : gpio.obj (.text:GPIOPinConfigure)
                  000117ec    00000048     stk.aem4f : lli.oem4f (.text:LLIMsg)
                  00011834    00000048               : node.oem4f (.text:NodeWalk)
                  0001187c    00000048               : rawethsock_pcb.oem4f (.text:RawEthSockPcbDetach)
                  000118c4    00000048               : sockpcb.oem4f (.text:SockPcbResolveChain)
                  0001190c    00000048               : tcpprot.oem4f (.text:TcpDrop)
                  00011954    00000048               : lli.oem4f (.text:_LLIExpListInsert)
                  0001199c    00000048               : rtable.oem4f (.text:_RtExpListInsert)
                  000119e4    00000048     driverlib.lib : sysctl.obj (.text:_SysCtlFrequencyGet)
                  00011a2c    00000048     stk.aem4f : file.oem4f (.text:fdint_lockfd)
                  00011a74    00000048     rtsv7M4_T_le_v4SPD16_eabi.lib : fd_toi_t2.obj (.text)
                  00011abc    00000048                                   : fd_tos_t2.obj (.text)
                  00011b04    00000004     main_pem4f.oem4f (.text:ti_sysbios_knl_Clock_TimerProxy_getMaxTicks__E)
                  00011b08    00000048     sysbios.aem4f : BIOS.obj (.text:ti_sysbios_family_arm_lm4_Timer_enableTimers__I)
                  00011b50    00000048                   : BIOS.obj (.text:ti_sysbios_family_arm_m3_Hwi_disableInterrupt__E)
                  00011b98    00000048                   : BIOS.obj (.text:ti_sysbios_family_arm_m3_Hwi_enableInterrupt__E)
                  00011be0    00000048                   : BIOS.obj (.text:ti_sysbios_family_arm_m3_Hwi_excReserved__I)
                  00011c28    00000048                   : BIOS.obj (.text:ti_sysbios_knl_Task_deleteTerminatedTasksFunc__I)
                  00011c70    00000046     nettool_ipv4.aem4f : ipaddr.oem4f (.text:NtIfIdx2Ip)
                  00011cb6    00000046     stk.aem4f : tcpprot.oem4f (.text:TcpPrCtlError)
                  00011cfc    00000046     os.aem4f : mem.oem4f (.text:mmZeroInit)
                  00011d42    00000046     ti.targets.arm.rtsarm.aem4f : Core-params.oem4f (.text:xdc_runtime_Core_assignParams__I)
                  00011d88    00000044     drivers_tivaware.aem4f : EMACSnow.oem4f (.text:EMACSnow_processTransmitted)
                  00011dcc    00000044     stk.aem4f : icmp.oem4f (.text:ICMPChecksum)
                  00011e10    00000044               : ipfrag.oem4f (.text:IPReasmFree)
                  00011e54    00000044               : lli.oem4f (.text:LLIGetValidTime)
                  00011e98    00000044               : rtable.oem4f (.text:RouteMsg)
                  00011edc    00000044               : rtable.oem4f (.text:RtWalkEnd)
                  00011f20    00000044               : sockpcb.oem4f (.text:SockPcbDetach)
                  00011f64    00000044               : timer.oem4f (.text:TimerListInsert)
                  00011fa8    00000044     hal_timer_bios.aem4f : lltimer.oem4f (.text:llTimerGetTime)
                  00011fec    00000044     rtsv7M4_T_le_v4SPD16_eabi.lib : exit.obj (.text)
                  00012030    00000044                                   : fd_tou_t2.obj (.text)
                  00012074    00000044     drivers_tivaware.aem4f : SDSPITiva.oem4f (.text:send_initial_clock_train)
                  000120b8    00000044     sysbios.aem4f : BIOS.obj (.text:ti_sysbios_family_arm_lm4_Timer_isrStub__E)
                  000120fc    00000004     main_pem4f.oem4f (.text:ti_sysbios_knl_Clock_TimerProxy_getPeriod__E)
                  00012100    00000044     sysbios.aem4f : BIOS.obj (.text:ti_sysbios_family_arm_m3_Hwi_getStackInfo__E)
                  00012144    00000004     main_pem4f.oem4f (.text:ti_sysbios_knl_Queue_destruct)
                  00012148    00000044     sysbios.aem4f : BIOS.obj (.text:ti_sysbios_knl_Swi_post__E)
                  0001218c    00000044     ti.targets.arm.rtsarm.aem4f : Error.oem4f (.text:xdc_runtime_Error_setX__E)
                  000121d0    00000044                                 : SysMin.oem4f (.text:xdc_runtime_SysMin_flush__E)
                  00012214    00000044                                 : Text.oem4f (.text:xdc_runtime_Text_xprintf__I)
                  00012258    00000042     stk.aem4f : socket.oem4f (.text:NDK_listen)
                  0001229a    00000042               : tcpprot.oem4f (.text:TcpPrSendOOB)
                  000122dc    00000042               : fileuser.oem4f (.text:fdCloseSession)
                  0001231e    00000002     --HOLE-- [fill = 0]
                  00012320    00000040               : lliin.oem4f (.text:LLIValidateRoute)
                  00012360    00000040               : pbm.oem4f (.text:PBM_copy)
                  000123a0    00000040     drivers_tivaware.aem4f : SDSPITiva.oem4f (.text:SDSPITiva_close)
                  000123e0    00000040     stk.aem4f : sockpcb.oem4f (.text:SockPcbRtChange)
                  00012420    00000040               : tcpprot.oem4f (.text:TcpPrSend)
                  00012460    00000040     ti.mw.fatfs.aem4f : ff.oem4f (.text:get_ldnumber)
                  000124a0    00000040     rtsv7M4_T_le_v4SPD16_eabi.lib : u_divt2.obj (.text)
                  000124e0    00000040     sysbios.aem4f : BIOS.obj (.text:ti_sysbios_family_arm_lm4_Timer_startup__E)
                  00012520    0000003e     nettool_ipv4.aem4f : dhcpmain.oem4f (.text:DHCPClose)
                  0001255e    00000002     --HOLE-- [fill = 0]
                  00012560    0000003e     stk.aem4f : nimu.oem4f (.text:NIMUAllocateName)
                  0001259e    0000003e     os.aem4f : task.oem4f (.text:TaskCreate)
                  000125dc    0000003e     stk.aem4f : tcpprot.oem4f (.text:TcpPrDisconnect)
                  0001261a    0000003e               : file.oem4f (.text:fdint_unlockfd)
                  00012658    0000003c     nettool_ipv4.aem4f : config.oem4f (.text:CfgEntryGetData)
                  00012694    0000003c     driverlib.lib : emac.obj (.text:EMACIntDisable)
                  000126d0    0000003c     stk.aem4f : node.oem4f (.text:NodeUpdatePL)
                  0001270c    0000003c               : rtable.oem4f (.text:RtWalkBegin)
                  00012748    0000003c     driverlib.lib : ssi.obj (.text:SSIConfigSetExpClk)
                  00012784    0000003c     stk.aem4f : tcpprot.oem4f (.text:TcpPrConnect)
                  000127c0    0000003c               : tcptime.oem4f (.text:TcpSetPersist)
                  000127fc    0000003c               : rtc.oem4f (.text:_RTCSendRtAdv)
                  00012838    0000003c               : rtable.oem4f (.text:_RtNodeRemove)
                  00012874    0000003c     hal_timer_bios.aem4f : lltimer.oem4f (.text:_llTimerInit)
                  000128b0    0000003c     sysbios.aem4f : BIOS.obj (.text:ti_sysbios_family_arm_m3_Hwi_excSvCall__I)
                  000128ec    00000004     main_pem4f.oem4f (.text:ti_sysbios_knl_Semaphore_delete)
                  000128f0    0000003c     sysbios.aem4f : BIOS.obj (.text:ti_sysbios_heaps_HeapMem_init__I)
                  0001292c    00000004     main_pem4f.oem4f (.text:ti_sysbios_knl_Semaphore_destruct)
                  00012930    0000003c     sysbios.aem4f : BIOS.obj (.text:ti_sysbios_knl_Swi_restore__E)
                  0001296c    0000003a     driverlib.lib : emac.obj (.text:EMACIntEnable)
                  000129a6    00000002     --HOLE-- [fill = 0]
                  000129a8    00000038                   : emac.obj (.text:EMACConfigGet)
                  000129e0    00000038     stk.aem4f : ipfrag.oem4f (.text:IPReasmTimeout)
                  00012a18    00000038               : node.oem4f (.text:NodeGetRt)
                  00012a50    00000038     drivers_tivaware.aem4f : PWM.oem4f (.text:PWM_init)
                  00012a88    00000038                            : SDSPI.oem4f (.text:SDSPI_init)
                  00012ac0    00000038     driverlib.lib : sysctl.obj (.text:SysCtlPeripheralReady)
                  00012af8    00000038     stk.aem4f : tcpprot.oem4f (.text:TcpClose)
                  00012b30    00000038               : timer.oem4f (.text:TimerHSTick)
                  00012b68    00000038     HdrLayer.obj (.text:_ZN8HdrLayer8initGPIOEv)
                  00012ba0    00000038     nettool_ipv4.aem4f : dhcpbild.oem4f (.text:dhcpBuildDiscover)
                  00012bd8    00000038                        : dhcptags.oem4f (.text:dhcpOptionsClear)
                  00012c10    00000038     stk.aem4f : file.oem4f (.text:fdint_waitevent)
                  00012c48    00000038     rtsv7M4_T_le_v4SPD16_eabi.lib : fs_tod_t2.obj (.text)
                  00012c80    00000038     sysbios.aem4f : BIOS.obj (.text:ti_sysbios_family_arm_m3_Hwi_excNoIsr__I)
                  00012cb8    00000038     main_pem4f.oem4f (.text:ti_sysbios_knl_Clock_create)
                  00012cf0    00000038     sysbios.aem4f : BIOS.obj (.text:ti_sysbios_knl_Task_processVitalTaskFlag__I)
                  00012d28    00000038     ti.targets.arm.rtsarm.aem4f : SysMin.oem4f (.text:xdc_runtime_SysMin_putch__E)
                  00012d60    00000038                                 : System.oem4f (.text:xdc_runtime_System_atexit__E)
                  00012d98    00000036     stk.aem4f : ip.oem4f (.text:IPChecksum)
                  00012dce    00000036     ti.mw.fatfs.aem4f : ff.oem4f (.text:move_window)
                  00012e04    00000034     nettool_ipv4.aem4f : config.oem4f (.text:CfgSetService)
                  00012e38    00000034     EK_TM4C1294XL.obj (.text:EK_TM4C1294XL_initPWM)
                  00012e6c    00000034     driverlib.lib : emac.obj (.text:EMACConfigSet)
                  00012ea0    00000034                   : emac.obj (.text:EMACIntClear)
                  00012ed4    00000034     drivers_tivaware.aem4f : EMACSnow.oem4f (.text:EMACSnow_emacPoll)
                  00012f08    00000034                            : EMACSnow.oem4f (.text:EMACSnow_isLinkUp)
                  00012f3c    00000034                            : EMAC.oem4f (.text:EMAC_init)
                  00012f70    00000034     stk.aem4f : exec.oem4f (.text:ExecClose)
                  00012fa4    00000034               : nimu.oem4f (.text:NIMUFindByName)
                  00012fd8    00000034               : nimu.oem4f (.text:NIMUInit)
                  0001300c    00000034               : rawethsock.oem4f (.text:RawEthSockNotify)
                  00013040    00000034               : sockprot.oem4f (.text:SockPrCtlError)
                  00013074    00000034     driverlib.lib : sysctl.obj (.text:SysCtlPeripheralEnable)
                  000130a8    00000034     os.aem4f : mem.oem4f (.text:mmUnInitPage)
                  000130dc    00000004     main_pem4f.oem4f (.text:ti_sysbios_knl_Swi_delete)
                  000130e0    00000034     sysbios.aem4f : BIOS.obj (.text:ti_sysbios_family_arm_m3_Hwi_Instance_finalize__E)
                  00013114    00000004     main_pem4f.oem4f (.text:ti_sysbios_knl_Task_delete)
                  00013118    00000034     sysbios.aem4f : BIOS.obj (.text:ti_sysbios_family_arm_m3_Hwi_excNmi__I)
                  0001314c    00000004     ti.targets.arm.rtsarm.aem4f : Error.oem4f (.text:xdc_runtime_Error_getMsg__E)
                  00013150    00000034     sysbios.aem4f : BIOS.obj (.text:ti_sysbios_hal_Hwi_checkStack)
                  00013184    00000034     main_pem4f.oem4f (.text:ti_sysbios_knl_Semaphore_create)
                  000131b8    00000034     ti.targets.arm.rtsarm.aem4f : Core-label.oem4f (.text:xdc_runtime_Core_assignLabel__I)
                  000131ec    00000033                                 : Text.oem4f (.text:xdc_runtime_Text_printVisFxn__I)
                  0001321f    00000001     --HOLE-- [fill = 0]
                  00013220    00000032     nettool_ipv4.aem4f : config.oem4f (.text:CfgGetImmediate)
                  00013252    00000032     stk.aem4f : route.oem4f (.text:RtDeRef)
                  00013284    00000032               : route.oem4f (.text:RtSetFailure)
                  000132b6    00000032               : sb.oem4f (.text:SBFlush)
                  000132e8    00000032               : sb.oem4f (.text:SBSetMax)
                  0001331a    00000032               : sock.oem4f (.text:SockIntAbort)
                  0001334c    00000032     nettool_ipv4.aem4f : config.oem4f (.text:_CfgAcquire)
                  0001337e    00000032                        : dhcpsm.oem4f (.text:dhcpIPRemove)
                  000133b0    00000032     sysbios.aem4f : BIOS.obj (.text:ti_sysbios_hal_Hwi_initStack)
                  000133e2    00000006     driverlib.lib : emac.obj (.text:EMACRxDMADescriptorListSet)
                  000133e8    00000032     sysbios.aem4f : BIOS.obj (.text:ti_sysbios_knl_Semaphore_pendTimeout__I)
                  0001341a    00000030     driverlib.lib : emac.obj (.text:EMACAddrSet)
                  0001344a    00000002     --HOLE-- [fill = 0]
                  0001344c    00000030     drivers_tivaware.aem4f : EMACSnow.oem4f (.text:EMACSnow_handlePackets)
                  0001347c    00000030     netctrl_min_ipv4.aem4f : netsrv.oem4f (.text:NS_PreBoot)
                  000134ac    00000030     drivers_tivaware.aem4f : PWMTiva.oem4f (.text:PWMTiva_init)
                  000134dc    00000030                            : PWM.oem4f (.text:PWM_open)
                  0001350c    00000030     stk.aem4f : sock.oem4f (.text:SockBind)
                  0001353c    00000030               : sock.oem4f (.text:SockGetName)
                  0001356c    00000030     nettool_ipv4.aem4f : dhcpsock.oem4f (.text:dhcpPacketSend)
                  0001359c    00000030     stk.aem4f : listlib.oem4f (.text:list_remove_node)
                  000135cc    00000030     rtsv7M4_T_le_v4SPD16_eabi.lib : new_.obj (.text)
                  000135fc    00000030                                   : strncpy.obj (.text)
                  0001362c    00000030     main_pem4f.oem4f (.text:ti_sysbios_BIOS_atExitFunc__I)
                  0001365c    00000004     ti.targets.arm.rtsarm.aem4f : Error.oem4f (.text:xdc_runtime_Error_getSite__E)
                  00013660    00000030     sysbios.aem4f : BIOS.obj (.text:ti_sysbios_family_arm_lm4_Timer_stop__E)
                  00013690    00000030                   : BIOS.obj (.text:ti_sysbios_family_arm_m3_TaskSupport_start__E)
                  000136c0    00000030     main_pem4f.oem4f (.text:ti_sysbios_gates_GateHwi_Object__create__S)
                  000136f0    00000030     main_pem4f.oem4f (.text:ti_sysbios_gates_GateMutex_Object__create__S)
                  00013720    00000030     main_pem4f.oem4f (.text:ti_sysbios_heaps_HeapMem_Object__create__S)
                  00013750    00000030     main_pem4f.oem4f (.text:ti_sysbios_knl_Semaphore_construct)
                  00013780    00000030     ti.targets.arm.rtsarm.aem4f : SysMin.oem4f (.text:xdc_runtime_SysMin_abort__E)
                  000137b0    00000030                                 : System.oem4f (.text:xdc_runtime_System_processAtExit__E)
                  000137e0    0000002e     stk.aem4f : sb.oem4f (.text:SBFree)
                  0001380e    0000002e     main_pem4f.oem4f (.text:malloc)
                  0001383c    0000002e     rtsv7M4_T_le_v4SPD16_eabi.lib : i_tofd_t2.obj (.text)
                  0001386a    0000002c     driverlib.lib : emac.obj (.text:EMACIntStatus)
                  00013896    0000002c     stk.aem4f : file.oem4f (.text:FdSignalEvent)
                  000138c2    00000002     --HOLE-- [fill = 0]
                  000138c4    0000002c               : igmp.oem4f (.text:IGMPTestGroup)
                  000138f0    0000002c     os.aem4f : task.oem4f (.text:NDK_hookCreate)
                  0001391c    0000002c     stk.aem4f : nimu.oem4f (.text:NIMUAllocateIndex)
                  00013948    0000002c               : nimu.oem4f (.text:NIMUPacketServiceCheck)
                  00013974    0000002c               : pipe.oem4f (.text:PipeClose)
                  000139a0    0000002c               : sockpcb.oem4f (.text:SockPcbAttach)
                  000139cc    0000002c               : lli.oem4f (.text:_LLIExpListRemove)
                  000139f8    0000002c               : lli.oem4f (.text:_LLITimeoutFlush)
                  00013a24    0000002c               : rtable.oem4f (.text:_RtExpListRemove)
                  00013a50    0000002c     HdrLayer.obj (.text:_ZN8HdrLayer7initQEIEv)
                  00013a7c    0000002c     ti.mw.fatfs.aem4f : diskio.oem4f (.text:disk_register)
                  00013aa8    0000002c     main_pem4f.oem4f (.text:ti_sysbios_knl_Clock_doTick__I)
                  00013ad4    0000002c     main_pem4f.oem4f (.text:ti_sysbios_knl_Queue_construct)
                  00013b00    0000002c     sysbios.aem4f : BIOS.obj (.text:ti_sysbios_knl_Task_restore__E)
                  00013b2c    0000002c     ti.targets.arm.rtsarm.aem4f : Text.oem4f (.text:xdc_runtime_Text_cordText__E)
                  00013b58    0000002a     driverlib.lib : gpio.obj (.text:GPIODirModeSet)
                  00013b82    0000002a     stk.aem4f : pbm.oem4f (.text:PBMQ_deq)
                  00013bac    0000002a     netctrl_min_ipv4.aem4f : netsrv.oem4f (.text:ServiceCallback)
                  00013bd6    0000002a     nettool_ipv4.aem4f : config.oem4f (.text:_CfgRelease)
                  00013c00    0000002a     ti.targets.arm.rtsarm.aem4f : System.oem4f (.text:xdc_runtime_System_putchar__I)
                  00013c2a    00000002     --HOLE-- [fill = 0]
                  00013c2c    00000028     stk.aem4f : bind.oem4f (.text:BindFindByNet)
                  00013c54    00000028               : lli.oem4f (.text:LLIFree)
                  00013c7c    00000028     netctrl_min_ipv4.aem4f : netctrl.oem4f (.text:NC_SystemClose)
                  00013ca4    00000028     stk.aem4f : nimu.oem4f (.text:NIMUCreatePacket)
                  00013ccc    00000028               : nimu.oem4f (.text:NIMUPacketService)
                  00013cf4    00000028               : tcpin.oem4f (.text:TcpEnterTimeWait)
                  00013d1c    00000028               : timer.oem4f (.text:TimerListRemove)
                  00013d44    00000028               : vlan.oem4f (.text:VLANFindSourceInterface)
                  00013d6c    00000028               : vlan.oem4f (.text:VLANInit)
                  00013d94    00000028     nettool_ipv4.aem4f : dhcpsock.oem4f (.text:dhcpPacketReceive)
                  00013dbc    00000028     ti.mw.fatfs.aem4f : diskio.oem4f (.text:disk_unregister)
                  00013de4    00000028     drivers_tivaware.aem4f : EMACSnow.oem4f (.text:signalLinkChange)
                  00013e0c    00000004     main_pem4f.oem4f (.text:xdc_runtime_System_Module_GateProxy_enter__E)
                  00013e10    00000028     sysbios.aem4f : BIOS.obj (.text:ti_sysbios_knl_Clock_addI__E)
                  00013e38    00000028                   : BIOS.obj (.text:ti_sysbios_knl_Semaphore_Instance_finalize__E)
                  00013e60    00000028                   : BIOS.obj (.text:ti_sysbios_knl_Semaphore_reset__E)
                  00013e88    00000028                   : BIOS.obj (.text:ti_sysbios_knl_Swi_Module_startup__E)
                  00013eb0    00000026     nettool_ipv4.aem4f : config.oem4f (.text:CfgEntryInfo)
                  00013ed6    00000026     driverlib.lib : emac.obj (.text:EMACPHYRead)
                  00013efc    00000026                   : emac.obj (.text:EMACPHYWrite)
                  00013f22    00000026     stk.aem4f : rawethsock.oem4f (.text:RawEthSockClose)
                  00013f48    00000026     main_pem4f.oem4f (.text:ti_ndk_config_udp_init)
                  00013f6e    00000026     sysbios.aem4f : m3_Hwi_asm.obj (.text:ti_sysbios_family_arm_m3_Hwi_pendSV__I)
                  00013f94    00000026     ti.targets.arm.rtsarm.aem4f : System.oem4f (.text:xdc_runtime_System_avprintf__E)
                  00013fba    00000002     --HOLE-- [fill = 0]
                  00013fbc    00000024     stk.aem4f : bind.oem4f (.text:BindFindByHost)
                  00013fe0    00000024               : bind.oem4f (.text:BindGetIFByDBCast)
                  00014004    00000024     drivers_tivaware.aem4f : EMACSnow.oem4f (.text:EMACSnow_pkt_service)
                  00014028    00000024                            : EMACSnow.oem4f (.text:EMACSnow_primeRx)
                  0001404c    00000024     stk.aem4f : exec.oem4f (.text:ExecTimer)
                  00014070    00000024               : nimu.oem4f (.text:NIMUFindByIndex)
                  00014094    00000024               : rtc.oem4f (.text:RTCAddHook)
                  000140b8    00000024               : rawethsock_pcb.oem4f (.text:RawEthSockPcbFind)
                  000140dc    00000024               : route.oem4f (.text:RtFree)
                  00014100    00000024               : route.oem4f (.text:RtSetTimeout)
                  00014124    00000024               : sockpcb.oem4f (.text:SockPcbCleanup)
                  00014148    00000024               : tcpprot.oem4f (.text:TcpPrListen)
                  0001416c    00000024               : tcptime.oem4f (.text:TcpTimeoutWait2)
                  00014190    00000024     nettool_ipv4.aem4f : config.oem4f (.text:_CfgEntryProcess)
                  000141b4    00000024     ti.mw.fatfs.aem4f : diskio.oem4f (.text:disk_read)
                  000141d8    00000024     main_pem4f.oem4f (.text:ti_sysbios_BIOS_errorRaiseHook__I)
                  000141fc    00000024     main_pem4f.oem4f (.text:ti_sysbios_BIOS_registerRTSLock__I)
                  00014220    00000024     main_pem4f.oem4f (.text:ti_sysbios_BIOS_removeRTSLock__I)
                  00014244    00000024     main_pem4f.oem4f (.text:ti_sysbios_BIOS_startFunc__I)
                  00014268    00000024     main_pem4f.oem4f (.text:ti_sysbios_gates_GateMutex_Object__delete__S)
                  0001428c    00000004     main_pem4f.oem4f (.text:xdc_runtime_System_Module_GateProxy_leave__E)
                  00014290    00000024     sysbios.aem4f : BIOS.obj (.text:ti_sysbios_knl_Clock_Module_startup__E)
                  000142b4    00000024     main_pem4f.oem4f (.text:ti_sysbios_knl_Semaphore_Object__delete__S)
                  000142d8    00000024     sysbios.aem4f : BIOS.obj (.text:ti_sysbios_knl_Task_restoreHwi__E)
                  000142fc    00000024     ti.targets.arm.rtsarm.aem4f : System.oem4f (.text:xdc_runtime_System_vprintf__E)
                  00014320    00000022     nettool_ipv4.aem4f : config.oem4f (.text:CfgEntryRef)
                  00014342    00000022     driverlib.lib : pwm.obj (.text:PWMGenConfigure)
                  00014364    00000022     drivers_tivaware.aem4f : PWMTiva.oem4f (.text:PWMTiva_getPeriodCounts)
                  00014386    00000022     stk.aem4f : vlan.oem4f (.text:VLANFindNode)
                  000143a8    00000022     TCPcomm.obj (.text:_Z10setsockoptiiiPKvi)
                  000143ca    00000006     driverlib.lib : emac.obj (.text:EMACTxDMADescriptorListSet)
                  000143d0    00000022     sysbios.aem4f : BIOS.obj (.text:ti_sysbios_family_arm_lm4_Timer_write__I)
                  000143f2    00000022     main_pem4f.oem4f (.text:xdc_runtime_SysMin_output__I)
                  00014414    00000020     netctrl_min_ipv4.aem4f : netctrl.oem4f (.text:NC_BootComplete)
                  00014434    00000020     stk.aem4f : nimu.oem4f (.text:NIMUGetNumOfObject)
                  00014454    00000020               : rtc.oem4f (.text:RTCRemoveHook)
                  00014474    00000020               : tcp.oem4f (.text:TcpTimeoutRemove)
                  00014494    00000020     Boot.aem4f : Boot_sysctl.oem4f (.text:_SysCtlMemTimingGet)
                  000144b4    00000020     GlobalData.obj (.text:__sti___14_GlobalData_cpp_745c5368)
                  000144d4    00000020     ti.mw.fatfs.aem4f : diskio.oem4f (.text:disk_write)
                  000144f4    00000020     main_pem4f.oem4f (.text:ti_sysbios_BIOS_rtsLock__I)
                  00014514    00000020     main_pem4f.oem4f (.text:ti_sysbios_family_arm_m3_Hwi_Object__delete__S)
                  00014534    00000020     sysbios.aem4f : m3_Hwi_asm.obj (.text:ti_sysbios_family_arm_m3_Hwi_excHandlerAsm__I)
                  00014554    00000004     ti.targets.arm.rtsarm.aem4f : System.oem4f (.text:xdc_runtime_System_aprintf_va__F)
                  00014558    00000020     sysbios.aem4f : BIOS.obj (.text:ti_sysbios_family_arm_m3_Hwi_excHandler__I)
                  00014578    00000020     main_pem4f.oem4f (.text:ti_sysbios_gates_GateHwi_Object__delete__S)
                  00014598    00000020     main_pem4f.oem4f (.text:ti_sysbios_heaps_HeapMem_Object__delete__S)
                  000145b8    00000020     sysbios.aem4f : BIOS.obj (.text:ti_sysbios_knl_Idle_run__E)
                  000145d8    00000020     main_pem4f.oem4f (.text:ti_sysbios_knl_Semaphore_Object__destruct__S)
                  000145f8    00000020     main_pem4f.oem4f (.text:ti_sysbios_knl_Swi_Object__delete__S)
                  00014618    00000020     main_pem4f.oem4f (.text:ti_sysbios_knl_Task_Object__delete__S)
                  00014638    00000020     ti.targets.arm.rtsarm.aem4f : Registry.oem4f (.text:xdc_runtime_Registry_findById__E)
                  00014658    00000020                                 : SysMin.oem4f (.text:xdc_runtime_SysMin_Module_startup__E)
                  00014678    0000001e     driverlib.lib : pwm.obj (.text:PWMPulseWidthSet)
                  00014696    0000001e     drivers_tivaware.aem4f : PWMTiva.oem4f (.text:PWMTiva_getPeriodMicroSecs)
                  000146b4    0000001e     TCPcomm.obj (.text:_Z4recviPvji)
                  000146d2    0000001e     DeltaKinematics.obj (.text:_ZN15DeltaKinematicsC1Ev)
                  000146f0    0000001e     GlobalData.obj (.text:_ZN15DeltaKinematicsD1Ev)
                  0001470e    0000001e     HdrLayer.obj (.text:_ZN8HdrLayer11setAxisApwmEf)
                  0001472c    0000001e     HdrLayer.obj (.text:_ZN8HdrLayer11setAxisBpwmEf)
                  0001474a    0000001e     HdrLayer.obj (.text:_ZN8HdrLayer11setAxisCpwmEf)
                  00014768    0000001e     HdrLayer.obj (.text:_ZN8HdrLayer7stopPWMEv)
                  00014786    0000001e     stk.aem4f : listlib.oem4f (.text:list_remove)
                  000147a4    0000001e     sysbios.aem4f : m3_Hwi_asm_switch.obj (.text:ti_sysbios_family_xxx_Hwi_switchAndRunFunc)
                  000147c2    00000002     --HOLE-- [fill = 0]
                  000147c4    0000001c     stk.aem4f : bind.oem4f (.text:BindFindByIF)
                  000147e0    0000001c               : exec.oem4f (.text:ExecBroadcast)
                  000147fc    0000001c     HdrLayer.obj (.text:GPIOportC_ISR_Fxn_hlpr)
                  00014818    0000001c     HdrLayer.obj (.text:GPIOportE_ISR_Fxn_hlpr)
                  00014834    0000001c     os.aem4f : ossys.oem4f (.text:NDK_sprintf)
                  00014850    0000001c     stk.aem4f : nimu.oem4f (.text:NIMUAddHeader)
                  0001486c    0000001c               : sockprot.oem4f (.text:SockPrDetach)
                  00014888    0000001c     os.aem4f : task.oem4f (.text:TaskDestroy)
                  000148a4    0000001c     driverlib.lib : sysctl.obj (.text:_SysCtlMemTimingGet)
                  000148c0    0000001c     ti.mw.fatfs.aem4f : diskio.oem4f (.text:disk_initialize)
                  000148dc    0000001c                       : diskio.oem4f (.text:disk_status)
                  000148f8    0000001c     drivers_tivaware.aem4f : GPIOTiva.oem4f (.text:getGpioIntIndex)
                  00014914    0000001c     rtsv7M4_T_le_v4SPD16_eabi.lib : strdup.obj (.text)
                  00014930    0000001c     main_pem4f.oem4f (.text:ti_ndk_config_global_taskCreateHook)
                  0001494c    00000004     ti.targets.arm.rtsarm.aem4f : System.oem4f (.text:xdc_runtime_System_printf_va__F)
                  00014950    0000001c     sysbios.aem4f : BIOS.obj (.text:ti_sysbios_gates_GateMutex_Instance_init__E)
                  0001496c    0000001c     main_pem4f.oem4f (.text:ti_sysbios_knl_Queue_Object__destruct__S)
                  00014988    0000001c     sysbios.aem4f : BIOS.obj (.text:ti_sysbios_knl_Queue_put__E)
                  000149a4    00000004     --HOLE-- [fill = 0]
                  000149a8    0000001c                   : BIOS.obj (.text:ti_sysbios_knl_Task_enter__I)
                  000149c4    0000001c     ti.targets.arm.rtsarm.aem4f : Error.oem4f (.text:xdc_runtime_Error_raiseX__E)
                  000149e0    0000001c                                 : Memory.oem4f (.text:xdc_runtime_Memory_valloc__E)
                  000149fc    0000001c                                 : SysMin.oem4f (.text:xdc_runtime_SysMin_exit__E)
                  00014a18    0000001c                                 : System.oem4f (.text:xdc_runtime_System_abort__E)
                  00014a34    0000001a     stk.aem4f : bind.oem4f (.text:BindGetIP)
                  00014a4e    0000001a               : sockint.oem4f (.text:SockSetOOBMark)
                  00014a68    0000001a               : file.oem4f (.text:fdint_getfdt)
                  00014a82    0000001a     main_pem4f.oem4f (.text:ti_sysbios_family_arm_m3_Hwi_Handle__label__S)
                  00014a9c    0000001a     main_pem4f.oem4f (.text:ti_sysbios_gates_GateHwi_Handle__label__S)
                  00014ab6    0000001a     main_pem4f.oem4f (.text:ti_sysbios_gates_GateMutex_Handle__label__S)
                  00014ad0    0000001a     main_pem4f.oem4f (.text:ti_sysbios_heaps_HeapMem_Handle__label__S)
                  00014aea    0000001a     main_pem4f.oem4f (.text:ti_sysbios_knl_Swi_Handle__label__S)
                  00014b04    0000001a     main_pem4f.oem4f (.text:ti_sysbios_knl_Task_Handle__label__S)
                  00014b1e    00000002     --HOLE-- [fill = 0]
                  00014b20    0000001a     sysbios.aem4f : BIOS.obj (.text:ti_sysbios_knl_Task_sleepTimeout__I)
                  00014b3a    0000001a     ti.mw.fatfs.aem4f : ff.oem4f (.text:unlock_fs)
                  00014b54    0000001a     main_pem4f.oem4f (.text:xdc_runtime_System_aprintf__E)
                  00014b6e    0000001a     main_pem4f.oem4f (.text:xdc_runtime_System_printf__E)
                  00014b88    00000018     drivers_tivaware.aem4f : EMACSnow.oem4f (.text:EMACSnow_emacSend)
                  00014ba0    00000018     driverlib.lib : gpio.obj (.text:GPIOPinTypeGPIOOutput)
                  00014bb8    00000018     stk.aem4f : ip.oem4f (.text:IPRtChange)
                  00014bd0    00000018               : rawethsock_pcb.oem4f (.text:RawEthSockPcbCleanup)
                  00014be8    00000018     nettool_ipv4.aem4f : ipaddr.oem4f (.text:RouteHook)
                  00014c00    00000018     stk.aem4f : tcpin.oem4f (.text:SEQ_GEQ)
                  00014c18    00000018               : tcpout.oem4f (.text:SEQ_GEQ)
                  00014c30    00000018               : tcpin.oem4f (.text:SEQ_GT)
                  00014c48    00000018               : tcpout.oem4f (.text:SEQ_GT)
                  00014c60    00000018               : tcpin.oem4f (.text:SEQ_LEQ)
                  00014c78    00000018               : tcpout.oem4f (.text:SEQ_LEQ)
                  00014c90    00000018               : tcpin.oem4f (.text:SEQ_LT)
                  00014ca8    00000018               : tcpout.oem4f (.text:SEQ_LT)
                  00014cc0    00000018               : tcp.oem4f (.text:TcpTimeoutAdd)
                  00014cd8    00000018     PID.obj (.text:_ZN3PIDC1Ev)
                  00014cf0    00000018     GCline.obj (.text:_ZN6GClineD1Ev)
                  00014d08    00000018     DeltaAxis.obj (.text:_ZN9DeltaAxisC1Ev)
                  00014d20    00000018     nettool_ipv4.aem4f : dhcpsock.oem4f (.text:dhcpSocketClose)
                  00014d38    00000018     ti.mw.fatfs.aem4f : ffosal.oem4f (.text:ff_cre_syncobj)
                  00014d50    00000018     main_pem4f.oem4f (.text:free)
                  00014d68    00000018     stk.aem4f : listlib.oem4f (.text:list_add)
                  00014d80    00000018     rtsv7M4_T_le_v4SPD16_eabi.lib : args_main.obj (.text)
                  00014d98    00000018                                   : strcmp.obj (.text)
                  00014db0    00000018     main_pem4f.oem4f (.text:ti_sysbios_BIOS_rtsUnlock__I)
                  00014dc8    00000018     main_pem4f.oem4f (.text:ti_sysbios_family_arm_lm4_Timer_Module__startupDone__F)
                  00014de0    00000018     main_pem4f.oem4f (.text:ti_sysbios_family_arm_m3_Hwi_Module__startupDone__F)
                  00014df8    00000018     sysbios.aem4f : m3_TaskSupport_asm.obj (.text:ti_sysbios_family_arm_m3_TaskSupport_swap__E)
                  00014e10    00000018                   : BIOS.obj (.text:ti_sysbios_gates_GateMutex_leave__E)
                  00014e28    00000018     ti.targets.arm.rtsarm.aem4f : Error.oem4f (.text:xdc_runtime_Error_check__E)
                  00014e40    00000018                                 : System.oem4f (.text:xdc_runtime_System_exit__E)
                  00014e58    00000018                                 : Text.oem4f (.text:xdc_runtime_Text_ropeText__E)
                  00014e70    00000016     driverlib.lib : emac.obj (.text:EMACReset)
                  00014e86    00000016                   : emac.obj (.text:EMACRxEnable)
                  00014e9c    00000016                   : emac.obj (.text:EMACTxEnable)
                  00014eb2    00000016     tirtosport.aem4f : SemaphoreP_tirtos.oem4f (.text:SemaphoreP_delete)
                  00014ec8    00000016     TCPcomm.obj (.text:_Z31ti_sysbios_knl_Task_Params_initP26ti_sysbios_knl_Task_Params)
                  00014ede    00000016     PID.obj (.text:_ZN3PIDD0Ev)
                  00014ef4    00000016     GCline.obj (.text:_ZN6GClineD0Ev)
                  00014f0a    00000016     DeltaAxis.obj (.text:_ZN9DeltaAxisD0Ev)
                  00014f20    00000016     stk.aem4f : file.oem4f (.text:fdint_freefdt)
                  00014f36    00000016     main_pem4f.oem4f (.text:ti_sysbios_BIOS_exitFunc__I)
                  00014f4c    00000016     ti.targets.arm.rtsarm.aem4f : System.oem4f (.text:xdc_runtime_System_vsprintf__E)
                  00014f62    00000014     stk.aem4f : bind.oem4f (.text:BindIPHost2IF)
                  00014f76    00000002     --HOLE-- [fill = 0]
                  00014f78    00000014     driverlib.lib : fpu.obj (.text:FPUStackingEnable)
                  00014f8c    00000014                   : flash.obj (.text:FlashUserGet)
                  00014fa0    00000014     netctrl_min_ipv4.aem4f : netctrl.oem4f (.text:NC_NetStop)
                  00014fb4    00000014     os.aem4f : task.oem4f (.text:NDK_hookExit)
                  00014fc8    00000014     stk.aem4f : nimu.oem4f (.text:NIMUSendPacket)
                  00014fdc    00000014     nettool_ipv4.aem4f : ipaddr.oem4f (.text:NtRemoveNetwork)
                  00014ff0    00000014     driverlib.lib : pwm.obj (.text:PWMClockSet)
                  00015004    00000014     stk.aem4f : rawethsock_pcb.oem4f (.text:RawEthSockPcbInit)
                  00015018    00000014     driverlib.lib : sysctl.obj (.text:SysCtlPWMClockSet)
                  0001502c    00000014     stk.aem4f : timer.oem4f (.text:TimerFree)
                  00015040    00000014     TCPcomm.obj (.text:_Z4bindiPK8sockaddri)
                  00015054    00000014     TCPcomm.obj (.text:_Z6acceptiP8sockaddrPi)
                  00015068    00000014     TCPcomm.obj (.text:_Z6socketiii)
                  0001507c    00000014     ti.mw.fatfs.aem4f : ffosal.oem4f (.text:ff_req_grant)
                  00015090    00000014     rtsv7M4_T_le_v4SPD16_eabi.lib : _lock.obj (.text)
                  000150a4    00000014                                   : strcpy.obj (.text)
                  000150b8    00000014                                   : strlen.obj (.text)
                  000150cc    00000014     main_pem4f.oem4f (.text:ti_ndk_config_global_taskExitHook)
                  000150e0    00000014     main_pem4f.oem4f (.text:ti_sysbios_family_arm_m3_Hwi_Object__get__S)
                  000150f4    00000004     --HOLE-- [fill = 0]
                  000150f8    00000014     sysbios.aem4f : BIOS.obj (.text:ti_sysbios_family_arm_m3_Hwi_switchFromBootStack__E)
                  0001510c    00000014     main_pem4f.oem4f (.text:ti_sysbios_heaps_HeapMem_Object__get__S)
                  00015120    00000014     main_pem4f.oem4f (.text:ti_sysbios_knl_Swi_Object__get__S)
                  00015134    00000014     main_pem4f.oem4f (.text:ti_sysbios_knl_Task_Object__first__S)
                  00015148    00000014     main_pem4f.oem4f (.text:ti_sysbios_knl_Task_Object__next__S)
                  0001515c    00000012     driverlib.lib : gpio.obj (.text:GPIOPinTypeADC)
                  0001516e    00000012                   : gpio.obj (.text:GPIOPinTypeEthernetLED)
                  00015180    00000012                   : gpio.obj (.text:GPIOPinTypeGPIOInput)
                  00015192    00000012                   : gpio.obj (.text:GPIOPinTypeI2C)
                  000151a4    00000012                   : gpio.obj (.text:GPIOPinTypeI2CSCL)
                  000151b6    00000012                   : gpio.obj (.text:GPIOPinTypePWM)
                  000151c8    00000012                   : gpio.obj (.text:GPIOPinTypeQEI)
                  000151da    00000012                   : gpio.obj (.text:GPIOPinTypeSSI)
                  000151ec    00000012                   : pwm.obj (.text:PWMGenPeriodGet)
                  000151fe    00000012                   : pwm.obj (.text:PWMOutputInvert)
                  00015210    00000012                   : pwm.obj (.text:PWMOutputState)
                  00015222    00000012     drivers_tivaware.aem4f : SDSPITiva.oem4f (.text:SDSPITiva_init)
                  00015234    00000012     tirtosport.aem4f : SemaphoreP_tirtos.oem4f (.text:SemaphoreP_pend)
                  00015246    00000012     stk.aem4f : sockprot.oem4f (.text:SockPrAttach)
                  00015258    00000012               : sockint.oem4f (.text:SockSetOOBData)
                  0001526a    00000012     rtsv7M4_T_le_v4SPD16_eabi.lib : atof.obj (.text)
                  0001527c    00000004     --HOLE-- [fill = 0]
                  00015280    00000012     sysbios.aem4f : BIOS.obj (.text:ti_sysbios_hal_Hwi_Module_startup__E)
                  00015292    00000006     driverlib.lib : gpio.obj (.text:GPIOIntClear)
                  00015298    00000012     sysbios.aem4f : BIOS.obj (.text:ti_sysbios_knl_Event_sync__E)
                  000152aa    00000012     main_pem4f.oem4f (.text:xdc_runtime_Startup_exec__I)
                  000152bc    00000010     main_pem4f.oem4f (.text:.bootCodeSection:ti_catalog_arm_cortexm4_tiva_ce_Boot_init__I)
                  000152cc    00000010     stk.aem4f : bind.oem4f (.text:BindIF2IPHost)
                  000152dc    00000010               : bind.oem4f (.text:BindIFNet2IPHost)
                  000152ec    00000010     driverlib.lib : emac.obj (.text:EMACFrameFilterSet)
                  000152fc    00000010     stk.aem4f : exec.oem4f (.text:ExecHRef)
                  0001530c    00000010     driverlib.lib : fpu.obj (.text:FPUEnable)
                  0001531c    00000010     netctrl_min_ipv4.aem4f : netctrl.oem4f (.text:NC_IPUpdate)
                  0001532c    00000010     stk.aem4f : nimu.oem4f (.text:NIMUGetRsvdSizeInfo)
                  0001533c    00000010     driverlib.lib : pwm.obj (.text:PWMGenPeriodSet)
                  0001534c    00000010     drivers_tivaware.aem4f : PWM.oem4f (.text:PWM_Params_init)
                  0001535c    00000010                            : SDSPITiva.oem4f (.text:SDSPITiva_diskStatus)
                  0001536c    00000010     TCPcomm.obj (.text:_Z6listenii)
                  0001537c    00000004     --HOLE-- [fill = 0]
                  00015380    00000010     sysbios.aem4f : BIOS.obj (.text:ti_sysbios_BIOS_getCpuFreq__E)
                  00015390    00000010                   : BIOS.obj (.text:ti_sysbios_BIOS_setThreadType__E)
                  000153a0    00000010                   : BIOS.obj (.text:ti_sysbios_BIOS_start__E)
                  000153b0    00000010                   : BIOS.obj (.text:ti_sysbios_family_arm_lm4_TimestampProvider_rolloverFunc__E)
                  000153c0    00000010                   : m3_TaskSupport_asm.obj (.text:ti_sysbios_family_arm_m3_TaskSupport_glue)
                  000153d0    00000010                   : BIOS.obj (.text:ti_sysbios_gates_GateMutex_Instance_finalize__E)
                  000153e0    00000010                   : BIOS.obj (.text:ti_sysbios_knl_Swi_disable__E)
                  000153f0    00000010     main_pem4f.oem4f (.text:ti_sysbios_knl_Task_Object__get__S)
                  00015400    00000010     sysbios.aem4f : BIOS.obj (.text:ti_sysbios_knl_Task_disable__E)
                  00015410    00000010     ti.targets.arm.rtsarm.aem4f : Gate.oem4f (.text:xdc_runtime_Gate_leaveSystem__E)
                  00015420    00000010                                 : Memory.oem4f (.text:xdc_runtime_Memory_free__E)
                  00015430    00000010                                 : SysMin.oem4f (.text:xdc_runtime_SysMin_ready__E)
                  00015440    00000010                                 : System.oem4f (.text:xdc_runtime_System_vsnprintf__E)
                  00015450    00000010     main_pem4f.oem4f (.text:xdc_runtime_Text_visitRope__I)
                  00015460    0000000e     drivers_tivaware.aem4f : EMACSnow.oem4f (.text:EMACSnow_emacioctl)
                  0001546e    0000000e     stk.aem4f : exec.oem4f (.text:ExecLowResource)
                  0001547c    0000000e     driverlib.lib : gpio.obj (.text:GPIOIntStatus)
                  0001548a    0000000e                   : qei.obj (.text:QEIConfigure)
[...]
00018198  ti_sysbios_gates_GateMutex_Module__diagsEnabled__C                   
0001819c  ti_sysbios_gates_GateMutex_Module__diagsIncluded__C                  
000181a0  ti_sysbios_gates_GateMutex_Module__diagsMask__C                      
000181a4  ti_sysbios_hal_Hwi_E_stackOverflow__C                                
000181a8  ti_sysbios_heaps_HeapMem_A_align__C                                  
000181ac  ti_sysbios_heaps_HeapMem_A_heapSize__C                               
000181b0  ti_sysbios_heaps_HeapMem_A_invalidFree__C                            
000181b4  ti_sysbios_heaps_HeapMem_A_zeroBlock__C                              
000181b8  ti_sysbios_heaps_HeapMem_E_memory__C                                 
000181bc  ti_sysbios_heaps_HeapMem_Module__diagsEnabled__C                     
000181c0  ti_sysbios_heaps_HeapMem_Module__diagsIncluded__C                    
000181c4  ti_sysbios_heaps_HeapMem_Module__diagsMask__C                        
000181c8  ti_sysbios_heaps_HeapMem_Module__gateObj__C                          
000181cc  ti_sysbios_heaps_HeapMem_Object__count__C                            
000181d0  ti_sysbios_heaps_HeapMem_reqAlign__C                                 
000181d4  ti_sysbios_knl_Clock_A_badThreadType__C                              
000181d8  ti_sysbios_knl_Clock_Module_State_clockQ__O                          
000181dc  ti_sysbios_knl_Clock_Module__diagsEnabled__C                         
000181e0  ti_sysbios_knl_Clock_Module__diagsIncluded__C                        
000181e4  ti_sysbios_knl_Clock_Module__diagsMask__C                            
000181e8  ti_sysbios_knl_Event_A_nullEventId__C                                
000181ec  ti_sysbios_knl_Event_Instance_State_pendQ__O                         
000181f0  ti_sysbios_knl_Event_Module__diagsEnabled__C                         
000181f4  ti_sysbios_knl_Event_Module__diagsIncluded__C                        
000181f8  ti_sysbios_knl_Event_Module__diagsMask__C                            
000181fc  ti_sysbios_knl_Semaphore_A_badContext__C                             
00018200  ti_sysbios_knl_Semaphore_A_overflow__C                               
00018204  ti_sysbios_knl_Semaphore_A_pendTaskDisabled__C                       
00018208  ti_sysbios_knl_Semaphore_Instance_State_pendQ__O                     
0001820c  ti_sysbios_knl_Semaphore_Module__diagsEnabled__C                     
00018210  ti_sysbios_knl_Semaphore_Module__diagsIncluded__C                    
00018214  ti_sysbios_knl_Semaphore_Module__diagsMask__C                        
00018218  ti_sysbios_knl_Semaphore_eventPost__C                                
0001821c  ti_sysbios_knl_Semaphore_eventSync__C                                
00018220  ti_sysbios_knl_Swi_A_badPriority__C                                  
00018224  ti_sysbios_knl_Swi_Module__diagsEnabled__C                           
00018228  ti_sysbios_knl_Swi_Module__diagsIncluded__C                          
0001822c  ti_sysbios_knl_Swi_Module__diagsMask__C                              
00018230  ti_sysbios_knl_Swi_Object__count__C                                  
00018234  ti_sysbios_knl_Task_A_badPriority__C                                 
00018238  ti_sysbios_knl_Task_A_badTaskState__C                                
0001823c  ti_sysbios_knl_Task_A_badThreadType__C                               
00018240  ti_sysbios_knl_Task_A_badTimeout__C                                  
00018244  ti_sysbios_knl_Task_A_noPendElem__C                                  
00018248  ti_sysbios_knl_Task_A_sleepTaskDisabled__C                           
0001824c  ti_sysbios_knl_Task_E_deleteNotAllowed__C                            
00018250  ti_sysbios_knl_Task_E_spOutOfBounds__C                               
00018254  ti_sysbios_knl_Task_E_stackOverflow__C                               
00018258  ti_sysbios_knl_Task_Module_State_inactiveQ__O                        
0001825c  ti_sysbios_knl_Task_Module_State_terminatedQ__O                      
00018260  ti_sysbios_knl_Task_Module__diagsEnabled__C                          
00018264  ti_sysbios_knl_Task_Module__diagsIncluded__C                         
00018268  ti_sysbios_knl_Task_Module__diagsMask__C                             
0001826c  ti_sysbios_knl_Task_Object__count__C                                 
00018270  ti_sysbios_knl_Task_Object__heap__C                                  
00018274  ti_sysbios_knl_Task_allBlockedFunc__C                                
00018278  ti_sysbios_knl_Task_defaultStackHeap__C                              
0001827c  ti_sysbios_knl_Task_defaultStackSize__C                              
00018280  ti_sysbios_knl_Task_numConstructedTasks__C                           
00018284  xdc_runtime_Assert_E_assertFailed__C                                 
00018288  xdc_runtime_Core_A_initializedParams__C                              
0001828c  xdc_runtime_Core_Module__diagsEnabled__C                             
00018290  xdc_runtime_Core_Module__diagsIncluded__C                            
00018294  xdc_runtime_Core_Module__diagsMask__C                                
00018298  xdc_runtime_Error_E_memory__C                                        
0001829c  xdc_runtime_Error_Module__diagsEnabled__C                            
000182a0  xdc_runtime_Error_Module__diagsIncluded__C                           
000182a4  xdc_runtime_Error_Module__diagsMask__C                               
000182a8  xdc_runtime_Error_Module__loggerFxn8__C                              
000182ac  xdc_runtime_Error_Module__loggerObj__C                               
000182b0  xdc_runtime_Error_policyFxn__C                                       
000182b4  xdc_runtime_Error_raiseHook__C                                       
000182b8  xdc_runtime_IGateProvider_Interface__BASE__C                         
000182bc  xdc_runtime_IHeap_Interface__BASE__C                                 
000182c0  xdc_runtime_IModule_Interface__BASE__C                               
000182c4  xdc_runtime_Log_L_error__C                                           
000182c8  xdc_runtime_Log_L_info__C                                            
000182cc  xdc_runtime_Main_Module__diagsEnabled__C                             
000182d0  xdc_runtime_Main_Module__diagsIncluded__C                            
000182d4  xdc_runtime_Main_Module__diagsMask__C                                
000182d8  xdc_runtime_Main_Module__loggerFxn4__C                               
000182dc  xdc_runtime_Main_Module__loggerObj__C                                
000182e0  xdc_runtime_Memory_defaultHeapInstance__C                            
000182e4  xdc_runtime_Startup_execImpl__C                                      
000182e8  xdc_runtime_Startup_lastFxns__A                                      
000182ec  xdc_runtime_Startup_maxPasses__C                                     
000182f0  xdc_runtime_Startup_sfxnRts__C                                       
000182f4  xdc_runtime_Startup_sfxnTab__C                                       
000182f8  xdc_runtime_SysMin_bufSize__C                                        
000182fc  xdc_runtime_SysMin_outputFunc__C                                     
00018300  xdc_runtime_System_Module__gateObj__C                                
00018304  xdc_runtime_System_abortFxn__C                                       
00018308  xdc_runtime_System_exitFxn__C                                        
0001830c  xdc_runtime_System_extendFxn__C                                      
00018310  xdc_runtime_System_maxAtexitHandlers__C                              
00018314  xdc_runtime_Text_charTab__C                                          
00018318  xdc_runtime_Text_nameEmpty__C                                        
0001831c  xdc_runtime_Text_nameStatic__C                                       
00018320  xdc_runtime_Text_nameUnknown__C                                      
00018324  xdc_runtime_Text_nodeTab__C                                          
00018328  xdc_runtime_Text_visitRopeFxn__C                                     
0001832c  ti_sysbios_knl_Clock_Module__id__C                                   
0001832e  ti_sysbios_knl_Event_Module__id__C                                   
00018330  ti_sysbios_knl_Semaphore_Module__id__C                               
00018332  ti_sysbios_knl_Swi_Module__id__C                                     
00018334  ti_sysbios_knl_Task_Module__id__C                                    
00018336  xdc_runtime_Core_Module__id__C                                       
00018338  xdc_runtime_Error_Module__loggerDefined__C                           
0001833a  xdc_runtime_Error_maxDepth__C                                        
0001833c  xdc_runtime_Main_Module__id__C                                       
0001833e  xdc_runtime_Main_Module__loggerDefined__C                            
00018340  xdc_runtime_Memory_Module__id__C                                     
00018342  xdc_runtime_SysMin_flushAtExit__C                                    
00018344  xdc_runtime_Text_charCnt__C                                          
00018346  xdc_runtime_Text_isLoaded__C                                         
00018348  xdc_runtime_Text_registryModsLastId__C                               
0001834a  xdc_runtime_Text_unnamedModsLastId__C                                
00018350  __TI_static_base__                                                   
000189e0  __TI_Handler_Table_Base                                              
000189ec  __TI_Handler_Table_Limit                                             
00018a00  __TI_CINIT_Base                                                      
00018a18  __TI_CINIT_Limit                                                     
20000000  ti_sysbios_family_arm_m3_Hwi_ramVectors                              
20000380  ti_sysbios_heaps_HeapMem_Instance_State_0_buf__A                     
20008380  ti_ndk_config_Global_pit                                             
20008428  ti_ndk_config_Global_pitBuffer                                       
2000cc28  _ICMPIn                                                              
2000cc74  PBMQ_free                                                            
2000cc80  ti_ndk_config_Global_pBufMem                                         
20010880  ti_ndk_config_Global_pHdrMem                                         
20010b78  ti_sysbios_knl_Task_Instance_State_0_stack__A                        
20011b78  ti_sysbios_knl_Task_Instance_State_1_stack__A                        
20012b78  ti_sysbios_knl_Task_Instance_State_2_stack__A                        
20013378  ti_sysbios_knl_Task_Instance_State_3_stack__A                        
20013578  sdspiTivaObjects                                                     
200139f8  xdc_runtime_SysMin_Module_State_0_outbuf__A                          
20013df8  ti_sysbios_family_arm_m3_Hwi_dispatchTable                           
20014158  g_motionCtl                                                          
200142dc  __CIOBUF_                                                            
200144fc  tcps                                                                 
20014818  ips                                                                  
20014880  nimu_mcb                                                             
200148e4  _ICMPOut                                                             
20014970  pwmTivaObjects                                                       
20014998  vlan_mcb                                                             
200149e4  udps                                                                 
20014a08  BlockCount                                                           
20014a24  BlockMax                                                             
20014a40  PageCount                                                            
20014a5c  PageMax                                                              
20014a78  g_hwl                                                                
20014a94  stkEvent                                                             
20014ae0  raweths                                                              
20014af0  raws                                                                 
20014b10  tpseudo                                                              
20014b1c  upseudo                                                              
20014b30  emacObjects                                                          
20014b6c  _IGMPInDiscard                                                       
20014b70  _IGMPInQuery                                                         
20014b74  _IGMPInQueryGroup                                                    
20014b78  _IGMPInResponse                                                      
20014b7c  _IGMPOutResponse                                                     
20014b80  _ZSt16__dummy_typeinfo                                               
20014b84  __dso_handle                                                         
20014b88  g_msecTime                                                           
20014b8c  g_ulStatus                                                           
20014ba0  raweth_pcb                                                           
20014bac  ti_sysbios_knl_Task_Instance_State_0_hookEnv__A                      
20014bb0  ti_sysbios_knl_Task_Instance_State_1_hookEnv__A                      
20014bb4  ti_sysbios_knl_Task_Instance_State_2_hookEnv__A                      
20014bb8  ti_sysbios_knl_Task_Instance_State_3_hookEnv__A                      
20014bc0  ti_ndk_config_Global_Id2Size                                         
20014bdc  ti_ndk_config_Global_HostName                                        
20014c20  ti_sysbios_family_arm_lm4_Timer_Module__root__V                      
20014c28  ti_sysbios_family_arm_lm4_Timer_Module_State_0_handles__A            
20014c48  ti_sysbios_family_arm_lm4_Timer_Module__state__V                     
20014c54  ti_sysbios_family_arm_lm4_TimestampProvider_Module__state__V         
20014c5c  ti_sysbios_family_arm_m3_Hwi_Module__root__V                         
20014c64  ti_sysbios_family_arm_m3_Hwi_Module_State_0_excActive__A             
20014c68  ti_sysbios_family_arm_m3_Hwi_Module_State_0_excContext__A            
20014c6c  ti_sysbios_family_arm_m3_Hwi_Module_State_0_excStack__A              
20014c70  ti_sysbios_gates_GateHwi_Module__root__V                             
20014c78  ti_sysbios_gates_GateHwi_Object__table__V                            
20014c7c  ti_sysbios_gates_GateMutex_Module__root__V                           
20014c84  ti_sysbios_hal_Hwi_Module__root__V                                   
20014c8c  ti_sysbios_hal_Hwi_Object__table__V                                  
20014c9c  ti_sysbios_heaps_HeapMem_Module__root__V                             
20014ca4  ti_sysbios_heaps_HeapMem_Object__table__V                            
20014cbc  ti_sysbios_knl_Clock_Module__root__V                                 
20014cc4  ti_sysbios_knl_Event_Module__root__V                                 
20014ccc  ti_sysbios_knl_Queue_Module__root__V                                 
20014cd4  ti_sysbios_knl_Semaphore_Module__root__V                             
20014cdc  ti_sysbios_knl_Swi_Module__root__V                                   
20014ce4  ti_sysbios_knl_Swi_Module__state__V                                  
20014d00  ti_sysbios_knl_Task_Module__root__V                                  
20014d08  ti_sysbios_knl_Task_Module_State_0_idleTask__A                       
20014d0c  xdc_runtime_Error_Module__state__V                                   
20014d10  xdc_runtime_Memory_Module__state__V                                  
20014d14  xdc_runtime_Registry_Module__state__V                                
20014d1c  xdc_runtime_Startup_Module__state__V                                 
20014d24  xdc_runtime_SysMin_Module__state__V                                  
20014d30  xdc_runtime_System_Module_State_0_atexitHandlers__A                  
20014d38  xdc_runtime_System_Module__state__V                                  
20014d40  xdc_runtime_Text_Module__state__V                                    
20014d48  __xdc__init__addr                                                    
20014d4c  ti_sysbios_knl_Task_Object__table__V                                 
20014e7c  _ipcfg                                                               
20014f30  ti_sysbios_family_arm_lm4_Timer_Object__table__V                     
20014fb0  ti_sysbios_knl_Swi_Module_State_0_readyQ__A                          
20015030  ti_sysbios_knl_Task_Module_State_0_readyQ__A                         
200150b0  ti_sysbios_family_arm_m3_Hwi_Object__table__V                        
200151b0  ti_sysbios_knl_Task_Module__state__V                                 
20015274  ti_sysbios_family_arm_lm4_Timer_Module_State_0_device__A             
200152b4  ti_sysbios_gates_GateMutex_Object__table__V                          
20015320  ti_sysbios_family_arm_m3_Hwi_Module__state__V                        
20015354  enablePrefetch                                                       
20015358  phyCounter                                                           
200153b8  ti_sysbios_knl_Swi_Object__table__V                                  
200153e8  ti_sysbios_knl_Clock_Module__state__V                                
20015414  pstrMsgName                                                          
2001543c  _oscfg                                                               
20015460  PITCount                                                             
20015464  PITUsed                                                              
20015468  PITHigh                                                              
20015484  ti_sysbios_BIOS_Module__state__V                                     
200154a9  macAddress                                                           
200154b0  gpioPinConfigs                                                       
200154c0  gpioCallbackFunctions                                                
20015548  _IGMPForceVersion1                                                   
20015568  NIMUDeviceTable                                                      
20015578  _lock                                                                
2001557c  _unlock                                                              
20015580  __TI_cleanup_ptr                                                     
20015584  __TI_dtors_ptr                                                       
20015590  _ICMPInErrors                                                        
20015594  _ICMPOutErrors                                                       
20015598  _IPExecuting                                                         
200155b0  tcp_iss                                                              
200155b4  ptTimeFirst                                                          
200155ec  _Errno                                                               
200155f0  main_func_sp                                                         
200155f4  _new_handler                                                         
200155fc  _IPReasmPtr                                                          
2001560c  __stack                                                              
20015e0c  __STACK_END                                                          
e000e000  ti_sysbios_family_arm_m3_Hwi_nvic                                    
ffffffff  __binit__                                                            
ffffffff  __c_args__                                                           
ffffffff  binit                                                                

[1284 symbols]
